Component: ARM Compiler 5.06 update 6 (build 750) Tool: armlink [4d35ed]

==============================================================================

Section Cross References

    os.o(i.TIM2_IRQHandler) refers to stm32f10x_tim.o(i.TIM_GetITStatus) for TIM_GetITStatus
    os.o(i.TIM2_IRQHandler) refers to stm32f10x_tim.o(i.TIM_ClearITPendingBit) for TIM_ClearITPendingBit
    os.o(i.TIM2_IRQHandler) refers to os.o(.bss) for tcbs
    os.o(i.TIM2_IRQHandler) refers to os.o(.data) for current_num_of_thread
    os.o(i.osCooperative_Wait) refers to os.o(i.osThreadYield) for osThreadYield
    os.o(i.osKernelAdd1Thread) refers to os.o(i.osKernelStackInit) for osKernelStackInit
    os.o(i.osKernelAdd1Thread) refers to os.o(.data) for current_num_of_thread
    os.o(i.osKernelAdd1Thread) refers to os.o(.bss) for TCB_STACK
    os.o(i.osKernelInit) refers to os.o(.data) for MILLIS_PRESCALER
    os.o(i.osKernelLaunch) refers to os_1.o(.TEXT) for osSchedulerLaunch
    os.o(i.osKernelLaunch) refers to os.o(.data) for MILLIS_PRESCALER
    os.o(i.osKernelStackInit) refers to os.o(.bss) for TCB_STACK
    os.o(i.osSchedulerRoundRobin) refers to os.o(.data) for currentPt
    os.o(i.osThreadsSleep) refers to os.o(i.osThreadYield) for osThreadYield
    os.o(i.osThreadsSleep) refers to os.o(.data) for currentPt
    os_1.o(.TEXT) refers to os.o(i.osSchedulerRoundRobin) for osSchedulerRoundRobin
    os_1.o(.TEXT) refers to os.o(.data) for currentPt
    main.o(i.Check_Button) refers to stm32f10x_gpio.o(i.GPIO_ReadInputDataBit) for GPIO_ReadInputDataBit
    main.o(i.Check_Button) refers to os.o(i.osThreadsSleep) for osThreadsSleep
    main.o(i.Check_Button) refers to main.o(.data) for axis_x
    main.o(i.Display_Init) refers to frleqf.o(x$fpl$frleqf) for __aeabi_cfrcmple
    main.o(i.Display_Init) refers to fleqf.o(x$fpl$fleqf) for __aeabi_cfcmple
    main.o(i.Display_Init) refers to tft.o(i.ILI9341_DrawText) for ILI9341_DrawText
    main.o(i.Display_Init) refers to f2d.o(x$fpl$f2d) for __aeabi_f2d
    main.o(i.Display_Init) refers to drleqf.o(x$fpl$drleqf) for __aeabi_cdrcmple
    main.o(i.Display_Init) refers to dleqf.o(x$fpl$dleqf) for __aeabi_cdcmple
    main.o(i.Display_Init) refers to tft.o(i.draw7Segment) for draw7Segment
    main.o(i.Display_Init) refers to tft.o(i.drawDot) for drawDot
    main.o(i.Draw_Display) refers to tft.o(i.ILI9341_DrawText) for ILI9341_DrawText
    main.o(i.Draw_Display) refers to tft.o(i.ILI9341_DrawRectangle) for ILI9341_DrawRectangle
    main.o(i.Draw_Display) refers to os.o(i.osCooperative_Wait) for osCooperative_Wait
    main.o(i.Draw_Display) refers to main.o(i.tach_4_chu_so_dau) for tach_4_chu_so_dau
    main.o(i.Draw_Display) refers to main.o(i.Display_Init) for Display_Init
    main.o(i.Draw_Display) refers to main.o(.data) for axis_y
    main.o(i.RCC_Clock_Init) refers to stm32f10x_gpio.o(i.GPIO_PinRemapConfig) for GPIO_PinRemapConfig
    main.o(i.RCC_Clock_Init) refers to stm32f10x_rcc.o(i.RCC_HSEConfig) for RCC_HSEConfig
    main.o(i.RCC_Clock_Init) refers to stm32f10x_rcc.o(i.RCC_GetFlagStatus) for RCC_GetFlagStatus
    main.o(i.RCC_Clock_Init) refers to stm32f10x_flash.o(i.FLASH_SetLatency) for FLASH_SetLatency
    main.o(i.RCC_Clock_Init) refers to stm32f10x_flash.o(i.FLASH_PrefetchBufferCmd) for FLASH_PrefetchBufferCmd
    main.o(i.RCC_Clock_Init) refers to stm32f10x_rcc.o(i.RCC_PLLConfig) for RCC_PLLConfig
    main.o(i.RCC_Clock_Init) refers to stm32f10x_rcc.o(i.RCC_PLLCmd) for RCC_PLLCmd
    main.o(i.RCC_Clock_Init) refers to stm32f10x_rcc.o(i.RCC_HCLKConfig) for RCC_HCLKConfig
    main.o(i.RCC_Clock_Init) refers to stm32f10x_rcc.o(i.RCC_PCLK1Config) for RCC_PCLK1Config
    main.o(i.RCC_Clock_Init) refers to stm32f10x_rcc.o(i.RCC_PCLK2Config) for RCC_PCLK2Config
    main.o(i.RCC_Clock_Init) refers to stm32f10x_rcc.o(i.RCC_SYSCLKConfig) for RCC_SYSCLKConfig
    main.o(i.RCC_Clock_Init) refers to stm32f10x_rcc.o(i.RCC_GetSYSCLKSource) for RCC_GetSYSCLKSource
    main.o(i.Read_Sensor) refers to adc.o(i.ADC_Range1_Resistance) for ADC_Range1_Resistance
    main.o(i.Read_Sensor) refers to adc.o(i.ADC_Range2_Resistance) for ADC_Range2_Resistance
    main.o(i.Read_Sensor) refers to adc.o(i.ADC_Range3_Resistance) for ADC_Range3_Resistance
    main.o(i.Read_Sensor) refers to adc.o(i.ADC_Range4_Resistance) for ADC_Range4_Resistance
    main.o(i.Read_Sensor) refers to adc.o(i.ADC_Range5_Resistance) for ADC_Range5_Resistance
    main.o(i.Read_Sensor) refers to adc.o(i.ADC_Range6_Resistance) for ADC_Range6_Resistance
    main.o(i.Read_Sensor) refers to adc.o(i.ADC_Range7_Resistance) for ADC_Range7_Resistance
    main.o(i.Read_Sensor) refers to frleqf.o(x$fpl$frleqf) for __aeabi_cfrcmple
    main.o(i.Read_Sensor) refers to os.o(i.osSemaphore_Give) for osSemaphore_Give
    main.o(i.Read_Sensor) refers to main.o(.data) for device
    main.o(i.SD_Save_Data) refers to os.o(i.osCooperative_Wait) for osCooperative_Wait
    main.o(i.SD_Save_Data) refers to os.o(i.osThreadYield) for osThreadYield
[...]
    _dsub1                                   0x08005945   Thumb Code     0  daddsub_clz.o(x$fpl$dsub)
    x$fpl$f2d                                0x08005b08   Section       86  f2d.o(x$fpl$f2d)
    x$fpl$fadd                               0x08005b60   Section      196  faddsub_clz.o(x$fpl$fadd)
    _fadd1                                   0x08005b6f   Thumb Code     0  faddsub_clz.o(x$fpl$fadd)
    x$fpl$fcmpinf                            0x08005c24   Section       24  fcmpi.o(x$fpl$fcmpinf)
    x$fpl$fdiv                               0x08005c3c   Section      388  fdiv.o(x$fpl$fdiv)
    _fdiv1                                   0x08005c3d   Thumb Code     0  fdiv.o(x$fpl$fdiv)
    x$fpl$ffix                               0x08005dc0   Section       54  ffix.o(x$fpl$ffix)
    x$fpl$ffixu                              0x08005df8   Section       62  ffixu.o(x$fpl$ffixu)
    x$fpl$fflt                               0x08005e38   Section       48  fflt_clz.o(x$fpl$fflt)
    x$fpl$ffltu                              0x08005e68   Section       38  fflt_clz.o(x$fpl$ffltu)
    x$fpl$fleqf                              0x08005e90   Section      104  fleqf.o(x$fpl$fleqf)
    x$fpl$fmul                               0x08005ef8   Section      258  fmul.o(x$fpl$fmul)
    x$fpl$fnaninf                            0x08005ffa   Section      140  fnaninf.o(x$fpl$fnaninf)
    x$fpl$fretinf                            0x08006086   Section       10  fretinf.o(x$fpl$fretinf)
    x$fpl$frleqf                             0x08006090   Section       98  frleqf.o(x$fpl$frleqf)
    x$fpl$frsb                               0x080060f2   Section       20  faddsub_clz.o(x$fpl$frsb)
    x$fpl$fsub                               0x08006108   Section      234  faddsub_clz.o(x$fpl$fsub)
    _fsub1                                   0x08006117   Thumb Code     0  faddsub_clz.o(x$fpl$fsub)
    x$fpl$printf1                            0x080061f2   Section        4  printf1.o(x$fpl$printf1)
    x$fpl$printf2                            0x080061f6   Section        4  printf2.o(x$fpl$printf2)
    .constdata                               0x080061fa   Section      455  fonts.o(.constdata)
    x$fpl$usenofp                            0x080061fa   Section        0  usenofp.o(x$fpl$usenofp)
    .constdata                               0x080063c1   Section       17  __printf_flags_ss_wp.o(.constdata)
    maptable                                 0x080063c1   Data          17  __printf_flags_ss_wp.o(.constdata)
    .constdata                               0x080063d4   Section        8  _printf_wctomb.o(.constdata)
    initial_mbstate                          0x080063d4   Data           8  _printf_wctomb.o(.constdata)
    .constdata                               0x080063dc   Section       40  _printf_hex_int_ll_ptr.o(.constdata)
    uc_hextab                                0x080063dc   Data          20  _printf_hex_int_ll_ptr.o(.constdata)
    lc_hextab                                0x080063f0   Data          20  _printf_hex_int_ll_ptr.o(.constdata)
    .constdata                               0x08006404   Section       38  _printf_fp_hex.o(.constdata)
    lc_hextab                                0x08006404   Data          19  _printf_fp_hex.o(.constdata)
    uc_hextab                                0x08006417   Data          19  _printf_fp_hex.o(.constdata)
    .constdata                               0x0800642c   Section      148  bigflt0.o(.constdata)
    tenpwrs_x                                0x0800642c   Data          60  bigflt0.o(.constdata)
    tenpwrs_i                                0x08006468   Data          64  bigflt0.o(.constdata)
    locale$$data                             0x080064e0   Section       28  lc_numeric_c.o(locale$$data)
    __lcnum_c_name                           0x080064e4   Data           2  lc_numeric_c.o(locale$$data)
    __lcnum_c_start                          0x080064ec   Data           0  lc_numeric_c.o(locale$$data)
    __lcnum_c_point                          0x080064f8   Data           0  lc_numeric_c.o(locale$$data)
    __lcnum_c_thousands                      0x080064fa   Data           0  lc_numeric_c.o(locale$$data)
    __lcnum_c_grouping                       0x080064fb   Data           0  lc_numeric_c.o(locale$$data)
    locale$$data                             0x080064fc   Section      272  lc_ctype_c.o(locale$$data)
    __lcnum_c_end                            0x080064fc   Data           0  lc_numeric_c.o(locale$$data)
    __lcctype_c_name                         0x08006500   Data           2  lc_ctype_c.o(locale$$data)
    __lcctype_c_start                        0x08006508   Data           0  lc_ctype_c.o(locale$$data)
    __lcctype_c_end                          0x0800660c   Data           0  lc_ctype_c.o(locale$$data)
    .data                                    0x20000000   Section       16  os.o(.data)
    .data                                    0x20000010   Section       18  main.o(.data)
    .data                                    0x20000022   Section       20  stm32f10x_rcc.o(.data)
    APBAHBPrescTable                         0x20000022   Data          16  stm32f10x_rcc.o(.data)
    ADCPrescTable                            0x20000032   Data           4  stm32f10x_rcc.o(.data)
    .bss                                     0x20000038   Section     6072  os.o(.bss)
    .bss                                     0x200017f0   Section       32  com.o(.bss)
    buffer                                   0x200017f0   Data          32  com.o(.bss)
    .bss                                     0x20001810   Section       96  libspace.o(.bss)
    HEAP                                     0x20001870   Section      512  startup_stm32f10x_md.o(HEAP)
    Heap_Mem                                 0x20001870   Data         512  startup_stm32f10x_md.o(HEAP)
    STACK                                    0x20001a70   Section     1024  startup_stm32f10x_md.o(STACK)
    Stack_Mem                                0x20001a70   Data        1024  startup_stm32f10x_md.o(STACK)
    __initial_sp                             0x20001e70   Data           0  startup_stm32f10x_md.o(STACK)

    Global Symbols

    Symbol Name                              Value     Ov Type        Size  Object(Section)

    BuildAttributes$$THM_ISAv4$P$D$K$B$S$PE$A:L22UL41UL21$X:L11$S22US41US21$IEEE1$IW$USESV6$~STKCKD$USESV7$~SHL$OTIME$ROPI$IEEEJ$EBA8$UX$STANDARDLIB$REQ8$PRES8$EABIv2 0x00000000   Number         0  anon$$obj.o ABSOLUTE
    __ARM_use_no_argv                        0x00000000   Number         0  main.o ABSOLUTE
    _printf_flags                            0x00000000   Number         0  printf_stubs.o ABSOLUTE
    _printf_return_value                     0x00000000   Number         0  printf_stubs.o ABSOLUTE
    _printf_sizespec                         0x00000000   Number         0  printf_stubs.o ABSOLUTE
    _printf_widthprec                        0x00000000   Number         0  printf_stubs.o ABSOLUTE
    __ARM_exceptions_init                     - Undefined Weak Reference
    __alloca_initialize                       - Undefined Weak Reference
    __arm_preinit_                            - Undefined Weak Reference
    __cpp_initialize__aeabi_                  - Undefined Weak Reference
    __cxa_finalize                            - Undefined Weak Reference
    __sigvec_lookup                           - Undefined Weak Reference
    _atexit_init                              - Undefined Weak Reference
    _call_atexit_fns                          - Undefined Weak Reference
    _clock_init                               - Undefined Weak Reference
    _fp_trap_init                             - Undefined Weak Reference
    _fp_trap_shutdown                         - Undefined Weak Reference
    _get_lc_collate                           - Undefined Weak Reference
    _get_lc_monetary                          - Undefined Weak Reference
    _get_lc_time                              - Undefined Weak Reference
    _getenv_init                              - Undefined Weak Reference
    _handle_redirection                       - Undefined Weak Reference
    _init_alloc                               - Undefined Weak Reference
    _init_user_alloc                          - Undefined Weak Reference
    _initio                                   - Undefined Weak Reference
    _printf_mbtowc                            - Undefined Weak Reference
    _printf_wc                                - Undefined Weak Reference
    _rand_init                                - Undefined Weak Reference
    _signal_finish                            - Undefined Weak Reference
    _signal_init                              - Undefined Weak Reference
    _terminate_alloc                          - Undefined Weak Reference
    _terminate_user_alloc                     - Undefined Weak Reference
    _terminateio                              - Undefined Weak Reference
    __Vectors_Size                           0x000000ec   Number         0  startup_stm32f10x_md.o ABSOLUTE
    __Vectors                                0x08000000   Data           4  startup_stm32f10x_md.o(RESET)
    __Vectors_End                            0x080000ec   Data           0  startup_stm32f10x_md.o(RESET)
    __main                                   0x080000ed   Thumb Code     8  __main.o(!!!main)
    __scatterload                            0x080000f5   Thumb Code     0  __scatter.o(!!!scatter)
    __scatterload_rt2                        0x080000f5   Thumb Code    44  __scatter.o(!!!scatter)
    __scatterload_rt2_thumb_only             0x080000f5   Thumb Code     0  __scatter.o(!!!scatter)
    __scatterload_null                       0x08000103   Thumb Code     0  __scatter.o(!!!scatter)
    __scatterload_copy                       0x08000129   Thumb Code    26  __scatter_copy.o(!!handler_copy)
    __scatterload_zeroinit                   0x08000145   Thumb Code    28  __scatter_zi.o(!!handler_zi)
    _printf_n                                0x08000161   Thumb Code     0  _printf_n.o(.ARM.Collect$$_printf_percent$$00000001)
    _printf_percent                          0x08000161   Thumb Code     0  _printf_percent.o(.ARM.Collect$$_printf_percent$$00000000)
    _printf_p                                0x08000167   Thumb Code     0  _printf_p.o(.ARM.Collect$$_printf_percent$$00000002)
    _printf_f                                0x0800016d   Thumb Code     0  _printf_f.o(.ARM.Collect$$_printf_percent$$00000003)
    _printf_e                                0x08000173   Thumb Code     0  _printf_e.o(.ARM.Collect$$_printf_percent$$00000004)
    _printf_g                                0x08000179   Thumb Code     0  _printf_g.o(.ARM.Collect$$_printf_percent$$00000005)
    _printf_a                                0x0800017f   Thumb Code     0  _printf_a.o(.ARM.Collect$$_printf_percent$$00000006)
    _printf_ll                               0x08000185   Thumb Code     0  _printf_ll.o(.ARM.Collect$$_printf_percent$$00000007)
    _printf_i                                0x0800018f   Thumb Code     0  _printf_i.o(.ARM.Collect$$_printf_percent$$00000008)
    _printf_d                                0x08000195   Thumb Code     0  _printf_d.o(.ARM.Collect$$_printf_percent$$00000009)
    _printf_u                                0x0800019b   Thumb Code     0  _printf_u.o(.ARM.Collect$$_printf_percent$$0000000A)
    _printf_o                                0x080001a1   Thumb Code     0  _printf_o.o(.ARM.Collect$$_printf_percent$$0000000B)
    _printf_x                                0x080001a7   Thumb Code     0  _printf_x.o(.ARM.Collect$$_printf_percent$$0000000C)
    _printf_lli                              0x080001ad   Thumb Code     0  _printf_lli.o(.ARM.Collect$$_printf_percent$$0000000D)
    _printf_lld                              0x080001b3   Thumb Code     0  _printf_lld.o(.ARM.Collect$$_printf_percent$$0000000E)
    _printf_llu                              0x080001b9   Thumb Code     0  _printf_llu.o(.ARM.Collect$$_printf_percent$$0000000F)
    _printf_llo                              0x080001bf   Thumb Code     0  _printf_llo.o(.ARM.Collect$$_printf_percent$$00000010)
    _printf_llx                              0x080001c5   Thumb Code     0  _printf_llx.o(.ARM.Collect$$_printf_percent$$00000011)
    _printf_l                                0x080001cb   Thumb Code     0  _printf_l.o(.ARM.Collect$$_printf_percent$$00000012)
    _printf_c                                0x080001d5   Thumb Code     0  _printf_c.o(.ARM.Collect$$_printf_percent$$00000013)
    _printf_s                                0x080001db   Thumb Code     0  _printf_s.o(.ARM.Collect$$_printf_percent$$00000014)
    _printf_lc                               0x080001e1   Thumb Code     0  _printf_lc.o(.ARM.Collect$$_printf_percent$$00000015)
    _printf_ls                               0x080001e7   Thumb Code     0  _printf_ls.o(.ARM.Collect$$_printf_percent$$00000016)
    _printf_percent_end                      0x080001ed   Thumb Code     0  _printf_percent_end.o(.ARM.Collect$$_printf_percent$$00000017)
    __rt_lib_init                            0x080001f1   Thumb Code     0  libinit.o(.ARM.Collect$$libinit$$00000000)
    __rt_lib_init_fp_1                       0x080001f3   Thumb Code     0  libinit2.o(.ARM.Collect$$libinit$$00000002)
    __rt_lib_init_heap_1                     0x080001f3   Thumb Code     0  libinit2.o(.ARM.Collect$$libinit$$0000000A)
    __rt_lib_init_lc_common                  0x080001f3   Thumb Code     0  libinit2.o(.ARM.Collect$$libinit$$0000000F)
    __rt_lib_init_preinit_1                  0x080001f3   Thumb Code     0  libinit2.o(.ARM.Collect$$libinit$$00000004)
    __rt_lib_init_rand_1                     0x080001f3   Thumb Code     0  libinit2.o(.ARM.Collect$$libinit$$0000000E)
    __rt_lib_init_user_alloc_1               0x080001f3   Thumb Code     0  libinit2.o(.ARM.Collect$$libinit$$0000000C)
    __rt_lib_init_lc_collate_1               0x080001f9   Thumb Code     0  libinit2.o(.ARM.Collect$$libinit$$00000011)
    __rt_lib_init_lc_ctype_2                 0x080001f9   Thumb Code     0  libinit2.o(.ARM.Collect$$libinit$$00000012)
    __rt_lib_init_lc_ctype_1                 0x08000205   Thumb Code     0  libinit2.o(.ARM.Collect$$libinit$$00000013)
    __rt_lib_init_lc_monetary_1              0x08000205   Thumb Code     0  libinit2.o(.ARM.Collect$$libinit$$00000015)
    __rt_lib_init_lc_numeric_2               0x08000205   Thumb Code     0  libinit2.o(.ARM.Collect$$libinit$$00000016)
    __rt_lib_init_alloca_1                   0x0800020f   Thumb Code     0  libinit2.o(.ARM.Collect$$libinit$$0000002E)
    __rt_lib_init_argv_1                     0x0800020f   Thumb Code     0  libinit2.o(.ARM.Collect$$libinit$$0000002C)
    __rt_lib_init_atexit_1                   0x0800020f   Thumb Code     0  libinit2.o(.ARM.Collect$$libinit$$0000001B)
    __rt_lib_init_clock_1                    0x0800020f   Thumb Code     0  libinit2.o(.ARM.Collect$$libinit$$00000021)
    __rt_lib_init_cpp_1                      0x0800020f   Thumb Code     0  libinit2.o(.ARM.Collect$$libinit$$00000032)
    __rt_lib_init_exceptions_1               0x0800020f   Thumb Code     0  libinit2.o(.ARM.Collect$$libinit$$00000030)
    __rt_lib_init_fp_trap_1                  0x0800020f   Thumb Code     0  libinit2.o(.ARM.Collect$$libinit$$0000001F)
    __rt_lib_init_getenv_1                   0x0800020f   Thumb Code     0  libinit2.o(.ARM.Collect$$libinit$$00000023)
    __rt_lib_init_lc_numeric_1               0x0800020f   Thumb Code     0  libinit2.o(.ARM.Collect$$libinit$$00000017)
    __rt_lib_init_lc_time_1                  0x0800020f   Thumb Code     0  libinit2.o(.ARM.Collect$$libinit$$00000019)
    __rt_lib_init_return                     0x0800020f   Thumb Code     0  libinit2.o(.ARM.Collect$$libinit$$00000033)
    __rt_lib_init_signal_1                   0x0800020f   Thumb Code     0  libinit2.o(.ARM.Collect$$libinit$$0000001D)
    __rt_lib_init_stdio_1                    0x0800020f   Thumb Code     0  libinit2.o(.ARM.Collect$$libinit$$00000025)
    __rt_lib_shutdown                        0x08000211   Thumb Code     0  libshutdown.o(.ARM.Collect$$libshutdown$$00000000)
    __rt_lib_shutdown_cpp_1                  0x08000213   Thumb Code     0  libshutdown2.o(.ARM.Collect$$libshutdown$$00000002)
    __rt_lib_shutdown_fp_trap_1              0x08000213   Thumb Code     0  libshutdown2.o(.ARM.Collect$$libshutdown$$00000007)
    __rt_lib_shutdown_heap_1                 0x08000213   Thumb Code     0  libshutdown2.o(.ARM.Collect$$libshutdown$$0000000F)
    __rt_lib_shutdown_return                 0x08000213   Thumb Code     0  libshutdown2.o(.ARM.Collect$$libshutdown$$00000010)
    __rt_lib_shutdown_signal_1               0x08000213   Thumb Code     0  libshutdown2.o(.ARM.Collect$$libshutdown$$0000000A)
    __rt_lib_shutdown_stdio_1                0x08000213   Thumb Code     0  libshutdown2.o(.ARM.Collect$$libshutdown$$00000004)
    __rt_lib_shutdown_user_alloc_1           0x08000213   Thumb Code     0  libshutdown2.o(.ARM.Collect$$libshutdown$$0000000C)
    __rt_entry                               0x08000215   Thumb Code     0  __rtentry.o(.ARM.Collect$$rtentry$$00000000)
    __rt_entry_presh_1                       0x08000215   Thumb Code     0  __rtentry2.o(.ARM.Collect$$rtentry$$00000002)
    __rt_entry_sh                            0x08000215   Thumb Code     0  __rtentry4.o(.ARM.Collect$$rtentry$$00000004)
    __rt_entry_li                            0x0800021b   Thumb Code     0  __rtentry2.o(.ARM.Collect$$rtentry$$0000000A)
    __rt_entry_postsh_1                      0x0800021b   Thumb Code     0  __rtentry2.o(.ARM.Collect$$rtentry$$00000009)
    __rt_entry_main                          0x0800021f   Thumb Code     0  __rtentry2.o(.ARM.Collect$$rtentry$$0000000D)
    __rt_entry_postli_1                      0x0800021f   Thumb Code     0  __rtentry2.o(.ARM.Collect$$rtentry$$0000000C)
    __rt_exit                                0x08000227   Thumb Code     0  rtexit.o(.ARM.Collect$$rtexit$$00000000)
    __rt_exit_ls                             0x08000229   Thumb Code     0  rtexit2.o(.ARM.Collect$$rtexit$$00000003)
    __rt_exit_prels_1                        0x08000229   Thumb Code     0  rtexit2.o(.ARM.Collect$$rtexit$$00000002)
    __rt_exit_exit                           0x0800022d   Thumb Code     0  rtexit2.o(.ARM.Collect$$rtexit$$00000004)
    osSchedulerLaunch                        0x08000235   Thumb Code     0  os_1.o(.TEXT)
    PendSV_Handler                           0x08000253   Thumb Code     0  os_1.o(.TEXT)
    Reset_Handler                            0x0800027d   Thumb Code     8  startup_stm32f10x_md.o(.text)
    NMI_Handler                              0x08000285   Thumb Code     2  startup_stm32f10x_md.o(.text)
    HardFault_Handler                        0x08000287   Thumb Code     2  startup_stm32f10x_md.o(.text)
    MemManage_Handler                        0x08000289   Thumb Code     2  startup_stm32f10x_md.o(.text)
    BusFault_Handler                         0x0800028b   Thumb Code     2  startup_stm32f10x_md.o(.text)
    UsageFault_Handler                       0x0800028d   Thumb Code     2  startup_stm32f10x_md.o(.text)
    SVC_Handler                              0x0800028f   Thumb Code     2  startup_stm32f10x_md.o(.text)
    DebugMon_Handler                         0x08000291   Thumb Code     2  startup_stm32f10x_md.o(.text)
    ADC1_2_IRQHandler                        0x08000297   Thumb Code     0  startup_stm32f10x_md.o(.text)
    CAN1_RX1_IRQHandler                      0x08000297   Thumb Code     0  startup_stm32f10x_md.o(.text)
    CAN1_SCE_IRQHandler                      0x08000297   Thumb Code     0  startup_stm32f10x_md.o(.text)
    DMA1_Channel1_IRQHandler                 0x08000297   Thumb Code     0  startup_stm32f10x_md.o(.text)
    DMA1_Channel2_IRQHandler                 0x08000297   Thumb Code     0  startup_stm32f10x_md.o(.text)
    DMA1_Channel3_IRQHandler                 0x08000297   Thumb Code     0  startup_stm32f10x_md.o(.text)
    DMA1_Channel4_IRQHandler                 0x08000297   Thumb Code     0  startup_stm32f10x_md.o(.text)
    DMA1_Channel5_IRQHandler                 0x08000297   Thumb Code     0  startup_stm32f10x_md.o(.text)
    DMA1_Channel6_IRQHandler                 0x08000297   Thumb Code     0  startup_stm32f10x_md.o(.text)
    DMA1_Channel7_IRQHandler                 0x08000297   Thumb Code     0  startup_stm32f10x_md.o(.text)
    EXTI0_IRQHandler                         0x08000297   Thumb Code     0  startup_stm32f10x_md.o(.text)
    EXTI15_10_IRQHandler                     0x08000297   Thumb Code     0  startup_stm32f10x_md.o(.text)
    EXTI1_IRQHandler                         0x08000297   Thumb Code     0  startup_stm32f10x_md.o(.text)
    EXTI2_IRQHandler                         0x08000297   Thumb Code     0  startup_stm32f10x_md.o(.text)
    EXTI3_IRQHandler                         0x08000297   Thumb Code     0  startup_stm32f10x_md.o(.text)
    EXTI4_IRQHandler                         0x08000297   Thumb Code     0  startup_stm32f10x_md.o(.text)
    EXTI9_5_IRQHandler                       0x08000297   Thumb Code     0  startup_stm32f10x_md.o(.text)
    FLASH_IRQHandler                         0x08000297   Thumb Code     0  startup_stm32f10x_md.o(.text)
    I2C1_ER_IRQHandler                       0x08000297   Thumb Code     0  startup_stm32f10x_md.o(.text)
    I2C1_EV_IRQHandler                       0x08000297   Thumb Code     0  startup_stm32f10x_md.o(.text)
    I2C2_ER_IRQHandler                       0x08000297   Thumb Code     0  startup_stm32f10x_md.o(.text)
    I2C2_EV_IRQHandler                       0x08000297   Thumb Code     0  startup_stm32f10x_md.o(.text)
    PVD_IRQHandler                           0x08000297   Thumb Code     0  startup_stm32f10x_md.o(.text)
    RCC_IRQHandler                           0x08000297   Thumb Code     0  startup_stm32f10x_md.o(.text)
    RTCAlarm_IRQHandler                      0x08000297   Thumb Code     0  startup_stm32f10x_md.o(.text)
    RTC_IRQHandler                           0x08000297   Thumb Code     0  startup_stm32f10x_md.o(.text)
    SPI1_IRQHandler                          0x08000297   Thumb Code     0  startup_stm32f10x_md.o(.text)
    SPI2_IRQHandler                          0x08000297   Thumb Code     0  startup_stm32f10x_md.o(.text)
    TAMPER_IRQHandler                        0x08000297   Thumb Code     0  startup_stm32f10x_md.o(.text)
    TIM1_BRK_IRQHandler                      0x08000297   Thumb Code     0  startup_stm32f10x_md.o(.text)
    TIM1_CC_IRQHandler                       0x08000297   Thumb Code     0  startup_stm32f10x_md.o(.text)
    TIM1_TRG_COM_IRQHandler                  0x08000297   Thumb Code     0  startup_stm32f10x_md.o(.text)
    TIM1_UP_IRQHandler                       0x08000297   Thumb Code     0  startup_stm32f10x_md.o(.text)
    TIM3_IRQHandler                          0x08000297   Thumb Code     0  startup_stm32f10x_md.o(.text)
    TIM4_IRQHandler                          0x08000297   Thumb Code     0  startup_stm32f10x_md.o(.text)
    USART1_IRQHandler                        0x08000297   Thumb Code     0  startup_stm32f10x_md.o(.text)
    USART2_IRQHandler                        0x08000297   Thumb Code     0  startup_stm32f10x_md.o(.text)
    USART3_IRQHandler                        0x08000297   Thumb Code     0  startup_stm32f10x_md.o(.text)
    USBWakeUp_IRQHandler                     0x08000297   Thumb Code     0  startup_stm32f10x_md.o(.text)
    USB_HP_CAN1_TX_IRQHandler                0x08000297   Thumb Code     0  startup_stm32f10x_md.o(.text)
    USB_LP_CAN1_RX0_IRQHandler               0x08000297   Thumb Code     0  startup_stm32f10x_md.o(.text)
    WWDG_IRQHandler                          0x08000297   Thumb Code     0  startup_stm32f10x_md.o(.text)
    __user_initial_stackheap                 0x08000299   Thumb Code     0  startup_stm32f10x_md.o(.text)
    vsnprintf                                0x080002bd   Thumb Code    48  vsnprintf.o(.text)
    __2sprintf                               0x080002f1   Thumb Code    38  __2sprintf.o(.text)
    _printf_int_dec                          0x0800031d   Thumb Code   104  _printf_dec.o(.text)
    __printf                                 0x08000395   Thumb Code   388  __printf_flags_ss_wp.o(.text)
    strcpy                                   0x0800051d   Thumb Code    72  strcpy.o(.text)
    strlen                                   0x08000565   Thumb Code    62  strlen.o(.text)
    __use_two_region_memory                  0x080005a3   Thumb Code     2  heapauxi.o(.text)
    __rt_heap_escrow$2region                 0x080005a5   Thumb Code     2  heapauxi.o(.text)
    __rt_heap_expand$2region                 0x080005a7   Thumb Code     2  heapauxi.o(.text)
    _printf_pre_padding                      0x080005a9   Thumb Code    44  _printf_pad.o(.text)
    _printf_post_padding                     0x080005d5   Thumb Code    34  _printf_pad.o(.text)
    _printf_truncate_signed                  0x080005f7   Thumb Code    18  _printf_truncate.o(.text)
    _printf_truncate_unsigned                0x08000609   Thumb Code    18  _printf_truncate.o(.text)
    _printf_str                              0x0800061b   Thumb Code    82  _printf_str.o(.text)
    _printf_int_common                       0x0800066d   Thumb Code   178  _printf_intcommon.o(.text)
    _printf_charcount                        0x0800071f   Thumb Code    40  _printf_charcount.o(.text)
    _printf_char_common                      0x08000753   Thumb Code    32  _printf_char_common.o(.text)
    _sputc                                   0x08000779   Thumb Code    10  _sputc.o(.text)
    _snputc                                  0x08000783   Thumb Code    16  _snputc.o(.text)
    _printf_wctomb                           0x08000795   Thumb Code   182  _printf_wctomb.o(.text)
    _printf_longlong_dec                     0x08000851   Thumb Code   108  _printf_longlong_dec.o(.text)
    _printf_longlong_oct                     0x080008cd   Thumb Code    66  _printf_oct_int_ll.o(.text)
    _printf_int_oct                          0x0800090f   Thumb Code    24  _printf_oct_int_ll.o(.text)
    _printf_ll_oct                           0x08000927   Thumb Code    12  _printf_oct_int_ll.o(.text)
    _printf_longlong_hex                     0x0800093d   Thumb Code    86  _printf_hex_int_ll_ptr.o(.text)
    _printf_int_hex                          0x08000993   Thumb Code    28  _printf_hex_int_ll_ptr.o(.text)
    _printf_ll_hex                           0x080009af   Thumb Code    12  _printf_hex_int_ll_ptr.o(.text)
    _printf_hex_ptr                          0x080009bb   Thumb Code    18  _printf_hex_int_ll_ptr.o(.text)
    _ll_udiv10                               0x080009d1   Thumb Code   138  lludiv10.o(.text)
    __lib_sel_fp_printf                      0x08000a5b   Thumb Code     2  _printf_fp_dec.o(.text)
    _printf_fp_dec_real                      0x08000c0d   Thumb Code   620  _printf_fp_dec.o(.text)
    _printf_fp_hex_real                      0x08000e79   Thumb Code   756  _printf_fp_hex.o(.text)
    _printf_cs_common                        0x08001175   Thumb Code    20  _printf_char.o(.text)
    _printf_char                             0x08001189   Thumb Code    16  _printf_char.o(.text)
    _printf_string                           0x08001199   Thumb Code     8  _printf_char.o(.text)
    _printf_lcs_common                       0x080011a1   Thumb Code    20  _printf_wchar.o(.text)
    _printf_wchar                            0x080011b5   Thumb Code    16  _printf_wchar.o(.text)
    _printf_wstring                          0x080011c5   Thumb Code     8  _printf_wchar.o(.text)
    _wcrtomb                                 0x080011cd   Thumb Code    64  _wcrtomb.o(.text)
    __user_setup_stackheap                   0x0800120d   Thumb Code    74  sys_stackheap_outer.o(.text)
    __rt_ctype_table                         0x08001259   Thumb Code    16  rt_ctype_table.o(.text)
    __rt_locale                              0x08001269   Thumb Code     8  rt_locale_intlibspace.o(.text)
    _printf_fp_infnan                        0x08001271   Thumb Code   112  _printf_fp_infnan.o(.text)
    _btod_etento                             0x080012f1   Thumb Code   224  bigflt0.o(.text)
    exit                                     0x080013d5   Thumb Code    18  exit.o(.text)
    __user_libspace                          0x080013e9   Thumb Code     8  libspace.o(.text)
    __user_perproc_libspace                  0x080013e9   Thumb Code     0  libspace.o(.text)
    __user_perthread_libspace                0x080013e9   Thumb Code     0  libspace.o(.text)
    strcmp                                   0x080013f1   Thumb Code   128  strcmpv7m.o(.text)
    _sys_exit                                0x08001471   Thumb Code     8  sys_exit.o(.text)
    __I$use$semihosting                      0x0800147d   Thumb Code     0  use_no_semi.o(.text)
    __use_no_semihosting_swi                 0x0800147d   Thumb Code     2  use_no_semi.o(.text)
    __semihosting_library_function           0x0800147f   Thumb Code     0  indicate_semi.o(.text)
    _btod_d2e                                0x0800147f   Thumb Code    62  btod.o(CL$$btod_d2e)
    _d2e_denorm_low                          0x080014bd   Thumb Code    70  btod.o(CL$$btod_d2e_denorm_low)
    _d2e_norm_op1                            0x08001503   Thumb Code    96  btod.o(CL$$btod_d2e_norm_op1)
    __btod_div_common                        0x08001563   Thumb Code   696  btod.o(CL$$btod_div_common)
    _e2e                                     0x0800189b   Thumb Code   220  btod.o(CL$$btod_e2e)
    _btod_ediv                               0x08001977   Thumb Code    42  btod.o(CL$$btod_ediv)
    _btod_emul                               0x080019a1   Thumb Code    42  btod.o(CL$$btod_emul)
    __btod_mult_common                       0x080019cb   Thumb Code   580  btod.o(CL$$btod_mult_common)
    ADC_Differential_Init                    0x08001c0f   Thumb Code   126  adc.o(i.ADC_Differential_Init)
    ADC_Differential_Read                    0x08001c8d   Thumb Code    28  adc.o(i.ADC_Differential_Read)
    ADC_GPIO_Measurement_Range               0x08001ca9   Thumb Code   112  adc.o(i.ADC_GPIO_Measurement_Range)
    ADC_GPIO_Reset                           0x08001d25   Thumb Code    40  adc.o(i.ADC_GPIO_Reset)
    ADC_Range1_Resistance                    0x08001d59   Thumb Code   108  adc.o(i.ADC_Range1_Resistance)
    ADC_Range2_Resistance                    0x08001de1   Thumb Code   108  adc.o(i.ADC_Range2_Resistance)
    ADC_Range3_Resistance                    0x08001e69   Thumb Code   108  adc.o(i.ADC_Range3_Resistance)
    ADC_Range4_Resistance                    0x08001ef1   Thumb Code    86  adc.o(i.ADC_Range4_Resistance)
    ADC_Range5_Resistance                    0x08001f5d   Thumb Code    84  adc.o(i.ADC_Range5_Resistance)
    ADC_Range6_Resistance                    0x08001fc5   Thumb Code   210  adc.o(i.ADC_Range6_Resistance)
    ADC_Range7_Resistance                    0x080020b9   Thumb Code   208  adc.o(i.ADC_Range7_Resistance)
    ADC_Single_Init                          0x080021a9   Thumb Code   134  adc.o(i.ADC_Single_Init)
    Button_GPIO_Init                         0x08002231   Thumb Code    54  button.o(i.Button_GPIO_Init)
    Check_Button                             0x0800226d   Thumb Code   364  main.o(i.Check_Button)
    DMA_DeInit                               0x080023ed   Thumb Code   324  stm32f10x_dma.o(i.DMA_DeInit)
    DMA_Init                                 0x08002539   Thumb Code    60  stm32f10x_dma.o(i.DMA_Init)
    Display_Init                             0x08002575   Thumb Code  1272  main.o(i.Display_Init)
    Draw_Display                             0x08002a6d   Thumb Code   634  main.o(i.Draw_Display)
    FLASH_PrefetchBufferCmd                  0x08002dbd   Thumb Code    22  stm32f10x_flash.o(i.FLASH_PrefetchBufferCmd)
    FLASH_SetLatency                         0x08002dd9   Thumb Code    18  stm32f10x_flash.o(i.FLASH_SetLatency)
    GPIO_Init                                0x08002df1   Thumb Code   278  stm32f10x_gpio.o(i.GPIO_Init)
    GPIO_PinRemapConfig                      0x08002f09   Thumb Code   138  stm32f10x_gpio.o(i.GPIO_PinRemapConfig)
    GPIO_ReadInputDataBit                    0x08002f99   Thumb Code    18  stm32f10x_gpio.o(i.GPIO_ReadInputDataBit)
    GPIO_ResetBits                           0x08002fab   Thumb Code     4  stm32f10x_gpio.o(i.GPIO_ResetBits)
    GPIO_SetBits                             0x08002faf   Thumb Code     4  stm32f10x_gpio.o(i.GPIO_SetBits)
    I2C_AcknowledgeConfig                    0x08002fb3   Thumb Code    24  stm32f10x_i2c.o(i.I2C_AcknowledgeConfig)
    I2C_CheckEvent                           0x08002fcb   Thumb Code    42  stm32f10x_i2c.o(i.I2C_CheckEvent)
    I2C_Cmd                                  0x08002ff5   Thumb Code    24  stm32f10x_i2c.o(i.I2C_Cmd)
    I2C_DeInit                               0x0800300d   Thumb Code    50  stm32f10x_i2c.o(i.I2C_DeInit)
    I2C_GenerateSTART                        0x08003045   Thumb Code    24  stm32f10x_i2c.o(i.I2C_GenerateSTART)
    I2C_GenerateSTOP                         0x0800305d   Thumb Code    24  stm32f10x_i2c.o(i.I2C_GenerateSTOP)
    I2C_GetFlagStatus                        0x08003075   Thumb Code    58  stm32f10x_i2c.o(i.I2C_GetFlagStatus)
    I2C_Init                                 0x080030b1   Thumb Code   222  stm32f10x_i2c.o(i.I2C_Init)
    I2C_ReceiveData                          0x0800319d   Thumb Code     8  stm32f10x_i2c.o(i.I2C_ReceiveData)
    I2C_Send7bitAddress                      0x080031a5   Thumb Code    18  stm32f10x_i2c.o(i.I2C_Send7bitAddress)
    I2C_SendData                             0x080031b7   Thumb Code     4  stm32f10x_i2c.o(i.I2C_SendData)
    IIC2_Init                                0x080031bd   Thumb Code   148  iic.o(i.IIC2_Init)
    IIC2_Read                                0x0800325d   Thumb Code   222  iic.o(i.IIC2_Read)
    IIC2_Write                               0x08003349   Thumb Code   154  iic.o(i.IIC2_Write)
    ILI9341_DrawChar                         0x080033f1   Thumb Code   166  tft.o(i.ILI9341_DrawChar)
    ILI9341_DrawLine                         0x0800349d   Thumb Code   160  tft.o(i.ILI9341_DrawLine)
    ILI9341_DrawPixel                        0x0800353d   Thumb Code    72  tft.o(i.ILI9341_DrawPixel)
    ILI9341_DrawRectangle                    0x08003589   Thumb Code   164  tft.o(i.ILI9341_DrawRectangle)
    ILI9341_DrawText                         0x08003631   Thumb Code    54  tft.o(i.ILI9341_DrawText)
    ILI9341_FillScreen                       0x08003669   Thumb Code    70  tft.o(i.ILI9341_FillScreen)
    ILI9341_Init                             0x080036b5   Thumb Code   362  tft.o(i.ILI9341_Init)
    ILI9341_Reset                            0x08003821   Thumb Code    44  tft.o(i.ILI9341_Reset)
    ILI9341_SendCommand                      0x08003851   Thumb Code    36  tft.o(i.ILI9341_SendCommand)
    ILI9341_SendData                         0x08003879   Thumb Code    36  tft.o(i.ILI9341_SendData)
    ILI9341_SetAddressWindow                 0x080038a1   Thumb Code    82  tft.o(i.ILI9341_SetAddressWindow)
    NVIC_Init                                0x080038f5   Thumb Code   100  misc.o(i.NVIC_Init)
    RCC_AHBPeriphClockCmd                    0x08003965   Thumb Code    26  stm32f10x_rcc.o(i.RCC_AHBPeriphClockCmd)
    RCC_APB1PeriphClockCmd                   0x08003985   Thumb Code    26  stm32f10x_rcc.o(i.RCC_APB1PeriphClockCmd)
    RCC_APB1PeriphResetCmd                   0x080039a5   Thumb Code    26  stm32f10x_rcc.o(i.RCC_APB1PeriphResetCmd)
    RCC_APB2PeriphClockCmd                   0x080039c5   Thumb Code    26  stm32f10x_rcc.o(i.RCC_APB2PeriphClockCmd)
    RCC_Clock_Init                           0x080039e5   Thumb Code   122  main.o(i.RCC_Clock_Init)
    RCC_GetClocksFreq                        0x08003a69   Thumb Code   192  stm32f10x_rcc.o(i.RCC_GetClocksFreq)
    RCC_GetFlagStatus                        0x08003b3d   Thumb Code    56  stm32f10x_rcc.o(i.RCC_GetFlagStatus)
    RCC_GetSYSCLKSource                      0x08003b79   Thumb Code    10  stm32f10x_rcc.o(i.RCC_GetSYSCLKSource)
    RCC_HCLKConfig                           0x08003b89   Thumb Code    18  stm32f10x_rcc.o(i.RCC_HCLKConfig)
    RCC_HSEConfig                            0x08003ba1   Thumb Code    70  stm32f10x_rcc.o(i.RCC_HSEConfig)
    RCC_PCLK1Config                          0x08003bed   Thumb Code    18  stm32f10x_rcc.o(i.RCC_PCLK1Config)
    RCC_PCLK2Config                          0x08003c05   Thumb Code    20  stm32f10x_rcc.o(i.RCC_PCLK2Config)
    RCC_PLLCmd                               0x08003c1d   Thumb Code     6  stm32f10x_rcc.o(i.RCC_PLLCmd)
    RCC_PLLConfig                            0x08003c29   Thumb Code    24  stm32f10x_rcc.o(i.RCC_PLLConfig)
    RCC_SYSCLKConfig                         0x08003c45   Thumb Code    18  stm32f10x_rcc.o(i.RCC_SYSCLKConfig)
    Read_Sensor                              0x08003c5d   Thumb Code   324  main.o(i.Read_Sensor)
    SD_Save_Data                             0x08003dc5   Thumb Code    28  main.o(i.SD_Save_Data)
    SPI_Cmd                                  0x08003de9   Thumb Code    24  stm32f10x_spi.o(i.SPI_Cmd)
    SPI_I2S_DMACmd                           0x08003e01   Thumb Code    18  stm32f10x_spi.o(i.SPI_I2S_DMACmd)
    SPI_I2S_GetFlagStatus                    0x08003e13   Thumb Code    18  stm32f10x_spi.o(i.SPI_I2S_GetFlagStatus)
    SPI_I2S_ReceiveData                      0x08003e25   Thumb Code     6  stm32f10x_spi.o(i.SPI_I2S_ReceiveData)
    SPI_I2S_SendData                         0x08003e2b   Thumb Code     4  stm32f10x_spi.o(i.SPI_I2S_SendData)
    SPI_Init                                 0x08003e2f   Thumb Code    60  stm32f10x_spi.o(i.SPI_Init)
    Spi1_Init                                0x08003f55   Thumb Code   222  spi1.o(i.Spi1_Init)
    Spi1_SendByte                            0x08004041   Thumb Code    50  spi1.o(i.Spi1_SendByte)
    SysTick_Handler                          0x08004079   Thumb Code    14  os.o(i.SysTick_Handler)
    SystemInit                               0x0800408d   Thumb Code    78  system_stm32f10x.o(i.SystemInit)
    TIM2_IRQHandler                          0x080040ed   Thumb Code    74  os.o(i.TIM2_IRQHandler)
    TIM_ClearITPendingBit                    0x08004141   Thumb Code     6  stm32f10x_tim.o(i.TIM_ClearITPendingBit)
    TIM_Cmd                                  0x08004147   Thumb Code    24  stm32f10x_tim.o(i.TIM_Cmd)
    TIM_GetITStatus                          0x0800415f   Thumb Code    34  stm32f10x_tim.o(i.TIM_GetITStatus)
    TIM_ITConfig                             0x08004181   Thumb Code    18  stm32f10x_tim.o(i.TIM_ITConfig)
    TIM_TimeBaseInit                         0x08004195   Thumb Code   122  stm32f10x_tim.o(i.TIM_TimeBaseInit)
    Timer2_Init                              0x08004239   Thumb Code    96  timer.o(i.Timer2_Init)
    Timer3_Delay_ms                          0x08004299   Thumb Code    26  timer.o(i.Timer3_Delay_ms)
    Timer3_Delay_us                          0x080042b5   Thumb Code    18  timer.o(i.Timer3_Delay_us)
    Timer3_Init                              0x080042cd   Thumb Code    58  timer.o(i.Timer3_Init)
    Transmit_To_PC                           0x0800430d   Thumb Code   316  main.o(i.Transmit_To_PC)
    USART_Cmd                                0x080044c1   Thumb Code    24  stm32f10x_usart.o(i.USART_Cmd)
    USART_GetFlagStatus                      0x080044d9   Thumb Code    26  stm32f10x_usart.o(i.USART_GetFlagStatus)
    USART_Init                               0x080044f5   Thumb Code   210  stm32f10x_usart.o(i.USART_Init)
    USART_SendData                           0x080045cd   Thumb Code     8  stm32f10x_usart.o(i.USART_SendData)
    Usart1_GPIO_Init                         0x080045d5   Thumb Code    68  com.o(i.Usart1_GPIO_Init)
    Usart1_Init                              0x0800461d   Thumb Code    98  com.o(i.Usart1_Init)
    Usart1_SendChar                          0x08004685   Thumb Code    28  com.o(i.Usart1_SendChar)
    Usart1_SendString                        0x080046a5   Thumb Code    22  com.o(i.Usart1_SendString)
    Usart_printf                             0x080046bb   Thumb Code    38  com.o(i.Usart_printf)
    __ARM_fpclassify                         0x080046e1   Thumb Code    40  fpclassify.o(i.__ARM_fpclassify)
    _is_digit                                0x08004709   Thumb Code    14  __printf_wp.o(i._is_digit)
    draw7Segment                             0x08004717   Thumb Code   884  tft.o(i.draw7Segment)
    drawDot                                  0x08004a8b   Thumb Code    24  tft.o(i.drawDot)
    float_to_string                          0x08004aa5   Thumb Code   150  com.o(i.float_to_string)
    main                                     0x08004b4d   Thumb Code   468  main.o(i.main)
    osCooperative_Wait                       0x08004d95   Thumb Code    32  os.o(i.osCooperative_Wait)
    osKernelAdd1Thread                       0x08004db5   Thumb Code   172  os.o(i.osKernelAdd1Thread)
    osKernelInit                             0x08004e71   Thumb Code     8  os.o(i.osKernelInit)
    osKernelLaunch                           0x08004e81   Thumb Code   106  os.o(i.osKernelLaunch)
    osKernelStackInit                        0x08004ef9   Thumb Code   280  os.o(i.osKernelStackInit)
    osSchedulerRoundRobin                    0x08005019   Thumb Code    34  os.o(i.osSchedulerRoundRobin)
    osSemaphore_Give                         0x08005041   Thumb Code    22  os.o(i.osSemaphore_Give)
    osSemaphore_Init                         0x08005057   Thumb Code     4  os.o(i.osSemaphore_Init)
    osThreadYield                            0x0800505d   Thumb Code    22  os.o(i.osThreadYield)
    osThreadsSleep                           0x08005079   Thumb Code    20  os.o(i.osThreadsSleep)
    tach_4_chu_so_dau                        0x08005091   Thumb Code   188  main.o(i.tach_4_chu_so_dau)
    _get_lc_numeric                          0x08005151   Thumb Code    44  lc_numeric_c.o(locale$$code)
    _get_lc_ctype                            0x0800517d   Thumb Code    44  lc_ctype_c.o(locale$$code)
    __aeabi_d2f                              0x080051a9   Thumb Code     0  d2f.o(x$fpl$d2f)
    _d2f                                     0x080051a9   Thumb Code    98  d2f.o(x$fpl$d2f)
    __aeabi_dadd                             0x0800520d   Thumb Code     0  daddsub_clz.o(x$fpl$dadd)
    _dadd                                    0x0800520d   Thumb Code   332  daddsub_clz.o(x$fpl$dadd)
    __fpl_dcmp_Inf                           0x0800535d   Thumb Code    24  dcmpi.o(x$fpl$dcmpinf)
    __aeabi_ddiv                             0x08005375   Thumb Code     0  ddiv.o(x$fpl$ddiv)
    _ddiv                                    0x08005375   Thumb Code   552  ddiv.o(x$fpl$ddiv)
    __aeabi_i2d                              0x08005625   Thumb Code     0  dflt_clz.o(x$fpl$dflt)
    _dflt                                    0x08005625   Thumb Code    46  dflt_clz.o(x$fpl$dflt)
    __aeabi_cdcmple                          0x08005655   Thumb Code     0  dleqf.o(x$fpl$dleqf)
    _dcmple                                  0x08005655   Thumb Code   120  dleqf.o(x$fpl$dleqf)
    __fpl_dcmple_InfNaN                      0x080056b7   Thumb Code     0  dleqf.o(x$fpl$dleqf)
    __aeabi_dmul                             0x080056cd   Thumb Code     0  dmul.o(x$fpl$dmul)
    _dmul                                    0x080056cd   Thumb Code   332  dmul.o(x$fpl$dmul)
    __fpl_dnaninf                            0x08005821   Thumb Code   156  dnaninf.o(x$fpl$dnaninf)
    __fpl_dretinf                            0x080058bd   Thumb Code    12  dretinf.o(x$fpl$dretinf)
    __aeabi_cdrcmple                         0x080058c9   Thumb Code     0  drleqf.o(x$fpl$drleqf)
    _drcmple                                 0x080058c9   Thumb Code   108  drleqf.o(x$fpl$drleqf)
    __aeabi_dsub                             0x08005935   Thumb Code     0  daddsub_clz.o(x$fpl$dsub)
    _dsub                                    0x08005935   Thumb Code   464  daddsub_clz.o(x$fpl$dsub)
    __aeabi_f2d                              0x08005b09   Thumb Code     0  f2d.o(x$fpl$f2d)
    _f2d                                     0x08005b09   Thumb Code    86  f2d.o(x$fpl$f2d)
    __aeabi_fadd                             0x08005b61   Thumb Code     0  faddsub_clz.o(x$fpl$fadd)
    _fadd                                    0x08005b61   Thumb Code   196  faddsub_clz.o(x$fpl$fadd)
    __fpl_fcmp_Inf                           0x08005c25   Thumb Code    24  fcmpi.o(x$fpl$fcmpinf)
    __aeabi_fdiv                             0x08005c3d   Thumb Code     0  fdiv.o(x$fpl$fdiv)
    _fdiv                                    0x08005c3d   Thumb Code   384  fdiv.o(x$fpl$fdiv)
    __aeabi_f2iz                             0x08005dc1   Thumb Code     0  ffix.o(x$fpl$ffix)
    _ffix                                    0x08005dc1   Thumb Code    54  ffix.o(x$fpl$ffix)
    __aeabi_f2uiz                            0x08005df9   Thumb Code     0  ffixu.o(x$fpl$ffixu)
    _ffixu                                   0x08005df9   Thumb Code    62  ffixu.o(x$fpl$ffixu)
    __aeabi_i2f                              0x08005e39   Thumb Code     0  fflt_clz.o(x$fpl$fflt)
    _fflt                                    0x08005e39   Thumb Code    48  fflt_clz.o(x$fpl$fflt)
    __aeabi_ui2f                             0x08005e69   Thumb Code     0  fflt_clz.o(x$fpl$ffltu)
    _ffltu                                   0x08005e69   Thumb Code    38  fflt_clz.o(x$fpl$ffltu)
    __aeabi_cfcmple                          0x08005e91   Thumb Code     0  fleqf.o(x$fpl$fleqf)
    _fcmple                                  0x08005e91   Thumb Code   104  fleqf.o(x$fpl$fleqf)
    __fpl_fcmple_InfNaN                      0x08005ee3   Thumb Code     0  fleqf.o(x$fpl$fleqf)
    __aeabi_fmul                             0x08005ef9   Thumb Code     0  fmul.o(x$fpl$fmul)
    _fmul                                    0x08005ef9   Thumb Code   258  fmul.o(x$fpl$fmul)
    __fpl_fnaninf                            0x08005ffb   Thumb Code   140  fnaninf.o(x$fpl$fnaninf)
    __fpl_fretinf                            0x08006087   Thumb Code    10  fretinf.o(x$fpl$fretinf)
    __aeabi_cfrcmple                         0x08006091   Thumb Code     0  frleqf.o(x$fpl$frleqf)
    _frcmple                                 0x08006091   Thumb Code    98  frleqf.o(x$fpl$frleqf)
    __aeabi_frsub                            0x080060f3   Thumb Code     0  faddsub_clz.o(x$fpl$frsb)
    _frsb                                    0x080060f3   Thumb Code    20  faddsub_clz.o(x$fpl$frsb)
    __aeabi_fsub                             0x08006109   Thumb Code     0  faddsub_clz.o(x$fpl$fsub)
    _fsub                                    0x08006109   Thumb Code   234  faddsub_clz.o(x$fpl$fsub)
    _printf_fp_dec                           0x080061f3   Thumb Code     4  printf1.o(x$fpl$printf1)
    _printf_fp_hex                           0x080061f7   Thumb Code     4  printf2.o(x$fpl$printf2)
    __I$use$fp                               0x080061fa   Number         0  usenofp.o(x$fpl$usenofp)
    font5x8                                  0x080061fa   Data         455  fonts.o(.constdata)
    Region$$Table$$Base                      0x080064c0   Number         0  anon$$obj.o(Region$$Table)
    Region$$Table$$Limit                     0x080064e0   Number         0  anon$$obj.o(Region$$Table)
    __ctype                                  0x08006509   Data           0  lc_ctype_c.o(locale$$data)
    MILLIS_PRESCALER                         0x20000000   Data           4  os.o(.data)
    currentPt                                0x20000004   Data           4  os.o(.data)
    current_num_of_thread                    0x20000008   Data           4  os.o(.data)
    edge_semaphore                           0x2000000c   Data           4  os.o(.data)
    res                                      0x20000010   Data           4  main.o(.data)
    Sema_COM                                 0x20000014   Data           1  main.o(.data)
    Sema_SD                                  0x20000015   Data           1  main.o(.data)
    Sema_Value                               0x20000016   Data           1  main.o(.data)
    X_Coordinate                             0x20000017   Data           1  main.o(.data)
    Y_Coordinate                             0x20000018   Data           1  main.o(.data)
    device                                   0x20000019   Data           5  main.o(.data)
    axis_x                                   0x2000001e   Data           2  main.o(.data)
    axis_y                                   0x20000020   Data           2  main.o(.data)
    tcbs                                     0x20000038   Data          72  os.o(.bss)
    TCB_STACK                                0x20000080   Data        6000  os.o(.bss)
    __libspace_start                         0x20001810   Data          96  libspace.o(.bss)
    __temporary_stack_top$libspace           0x20001870   Data           0  libspace.o(.bss)



==============================================================================

Memory Map of the image

  Image Entry point : 0x080000ed

  Load Region LR_IROM1 (Base: 0x08000000, Size: 0x00006644, Max: 0x00010000, ABSOLUTE)

    Execution Region ER_IROM1 (Exec base: 0x08000000, Load base: 0x08000000, Size: 0x0000660c, Max: 0x00010000, ABSOLUTE)

    Exec Addr    Load Addr    Size         Type   Attr      Idx    E Section Name        Object

    0x08000000   0x08000000   0x000000ec   Data   RO         2690    RESET               startup_stm32f10x_md.o
    0x080000ec   0x080000ec   0x00000008   Code   RO         2781  * !!!main             c_w.l(__main.o)
    0x080000f4   0x080000f4   0x00000034   Code   RO         3146    !!!scatter          c_w.l(__scatter.o)
    0x08000128   0x08000128   0x0000001a   Code   RO         3148    !!handler_copy      c_w.l(__scatter_copy.o)
    0x08000142   0x08000142   0x00000002   PAD
    0x08000144   0x08000144   0x0000001c   Code   RO         3150    !!handler_zi        c_w.l(__scatter_zi.o)
    0x08000160   0x08000160   0x00000000   Code   RO         2774    .ARM.Collect$$_printf_percent$$00000000  c_w.l(_printf_percent.o)
    0x08000160   0x08000160   0x00000006   Code   RO         2890    .ARM.Collect$$_printf_percent$$00000001  c_w.l(_printf_n.o)
    0x08000166   0x08000166   0x00000006   Code   RO         2892    .ARM.Collect$$_printf_percent$$00000002  c_w.l(_printf_p.o)
    0x0800016c   0x0800016c   0x00000006   Code   RO         2896    .ARM.Collect$$_printf_percent$$00000003  c_w.l(_printf_f.o)
    0x08000172   0x08000172   0x00000006   Code   RO         2897    .ARM.Collect$$_printf_percent$$00000004  c_w.l(_printf_e.o)
    0x08000178   0x08000178   0x00000006   Code   RO         2898    .ARM.Collect$$_printf_percent$$00000005  c_w.l(_printf_g.o)
    0x0800017e   0x0800017e   0x00000006   Code   RO         2899    .ARM.Collect$$_printf_percent$$00000006  c_w.l(_printf_a.o)
    0x08000184   0x08000184   0x0000000a   Code   RO         2904    .ARM.Collect$$_printf_percent$$00000007  c_w.l(_printf_ll.o)
    0x0800018e   0x0800018e   0x00000006   Code   RO         2894    .ARM.Collect$$_printf_percent$$00000008  c_w.l(_printf_i.o)
    0x08000194   0x08000194   0x00000006   Code   RO         2773    .ARM.Collect$$_printf_percent$$00000009  c_w.l(_printf_d.o)
    0x0800019a   0x0800019a   0x00000006   Code   RO         2895    .ARM.Collect$$_printf_percent$$0000000A  c_w.l(_printf_u.o)
    0x080001a0   0x080001a0   0x00000006   Code   RO         2893    .ARM.Collect$$_printf_percent$$0000000B  c_w.l(_printf_o.o)
    0x080001a6   0x080001a6   0x00000006   Code   RO         2891    .ARM.Collect$$_printf_percent$$0000000C  c_w.l(_printf_x.o)
    0x080001ac   0x080001ac   0x00000006   Code   RO         2901    .ARM.Collect$$_printf_percent$$0000000D  c_w.l(_printf_lli.o)
    0x080001b2   0x080001b2   0x00000006   Code   RO         2902    .ARM.Collect$$_printf_percent$$0000000E  c_w.l(_printf_lld.o)
    0x080001b8   0x080001b8   0x00000006   Code   RO         2903    .ARM.Collect$$_printf_percent$$0000000F  c_w.l(_printf_llu.o)
    0x080001be   0x080001be   0x00000006   Code   RO         2908    .ARM.Collect$$_printf_percent$$00000010  c_w.l(_printf_llo.o)
    0x080001c4   0x080001c4   0x00000006   Code   RO         2909    .ARM.Collect$$_printf_percent$$00000011  c_w.l(_printf_llx.o)
    0x080001ca   0x080001ca   0x0000000a   Code   RO         2905    .ARM.Collect$$_printf_percent$$00000012  c_w.l(_printf_l.o)
    0x080001d4   0x080001d4   0x00000006   Code   RO         2888    .ARM.Collect$$_printf_percent$$00000013  c_w.l(_printf_c.o)
    0x080001da   0x080001da   0x00000006   Code   RO         2889    .ARM.Collect$$_printf_percent$$00000014  c_w.l(_printf_s.o)
    0x080001e0   0x080001e0   0x00000006   Code   RO         2906    .ARM.Collect$$_printf_percent$$00000015  c_w.l(_printf_lc.o)
    0x080001e6   0x080001e6   0x00000006   Code   RO         2907    .ARM.Collect$$_printf_percent$$00000016  c_w.l(_printf_ls.o)
    0x080001ec   0x080001ec   0x00000004   Code   RO         2900    .ARM.Collect$$_printf_percent$$00000017  c_w.l(_printf_percent_end.o)
    0x080001f0   0x080001f0   0x00000002   Code   RO         3007    .ARM.Collect$$libinit$$00000000  c_w.l(libinit.o)
    0x080001f2   0x080001f2   0x00000000   Code   RO         3023    .ARM.Collect$$libinit$$00000002  c_w.l(libinit2.o)
    0x080001f2   0x080001f2   0x00000000   Code   RO         3025    .ARM.Collect$$libinit$$00000004  c_w.l(libinit2.o)
    0x080001f2   0x080001f2   0x00000000   Code   RO         3028    .ARM.Collect$$libinit$$0000000A  c_w.l(libinit2.o)
    0x080001f2   0x080001f2   0x00000000   Code   RO         3030    .ARM.Collect$$libinit$$0000000C  c_w.l(libinit2.o)
    0x080001f2   0x080001f2   0x00000000   Code   RO         3032    .ARM.Collect$$libinit$$0000000E  c_w.l(libinit2.o)
    0x080001f2   0x080001f2   0x00000006   Code   RO         3033    .ARM.Collect$$libinit$$0000000F  c_w.l(libinit2.o)
    0x080001f8   0x080001f8   0x00000000   Code   RO         3035    .ARM.Collect$$libinit$$00000011  c_w.l(libinit2.o)
    0x080001f8   0x080001f8   0x0000000c   Code   RO         3036    .ARM.Collect$$libinit$$00000012  c_w.l(libinit2.o)
    0x08000204   0x08000204   0x00000000   Code   RO         3037    .ARM.Collect$$libinit$$00000013  c_w.l(libinit2.o)
    0x08000204   0x08000204   0x00000000   Code   RO         3039    .ARM.Collect$$libinit$$00000015  c_w.l(libinit2.o)
    0x08000204   0x08000204   0x0000000a   Code   RO         3040    .ARM.Collect$$libinit$$00000016  c_w.l(libinit2.o)
    0x0800020e   0x0800020e   0x00000000   Code   RO         3041    .ARM.Collect$$libinit$$00000017  c_w.l(libinit2.o)
    0x0800020e   0x0800020e   0x00000000   Code   RO         3043    .ARM.Collect$$libinit$$00000019  c_w.l(libinit2.o)
    0x0800020e   0x0800020e   0x00000000   Code   RO         3045    .ARM.Collect$$libinit$$0000001B  c_w.l(libinit2.o)
    0x0800020e   0x0800020e   0x00000000   Code   RO         3047    .ARM.Collect$$libinit$$0000001D  c_w.l(libinit2.o)
    0x0800020e   0x0800020e   0x00000000   Code   RO         3049    .ARM.Collect$$libinit$$0000001F  c_w.l(libinit2.o)
    0x0800020e   0x0800020e   0x00000000   Code   RO         3051    .ARM.Collect$$libinit$$00000021  c_w.l(libinit2.o)
    0x0800020e   0x0800020e   0x00000000   Code   RO         3053    .ARM.Collect$$libinit$$00000023  c_w.l(libinit2.o)
    0x0800020e   0x0800020e   0x00000000   Code   RO         3055    .ARM.Collect$$libinit$$00000025  c_w.l(libinit2.o)
    0x0800020e   0x0800020e   0x00000000   Code   RO         3059    .ARM.Collect$$libinit$$0000002C  c_w.l(libinit2.o)
    0x0800020e   0x0800020e   0x00000000   Code   RO         3061    .ARM.Collect$$libinit$$0000002E  c_w.l(libinit2.o)
    0x0800020e   0x0800020e   0x00000000   Code   RO         3063    .ARM.Collect$$libinit$$00000030  c_w.l(libinit2.o)
    0x0800020e   0x0800020e   0x00000000   Code   RO         3065    .ARM.Collect$$libinit$$00000032  c_w.l(libinit2.o)
    0x0800020e   0x0800020e   0x00000002   Code   RO         3066    .ARM.Collect$$libinit$$00000033  c_w.l(libinit2.o)
    0x08000210   0x08000210   0x00000002   Code   RO         3086    .ARM.Collect$$libshutdown$$00000000  c_w.l(libshutdown.o)
    0x08000212   0x08000212   0x00000000   Code   RO         3099    .ARM.Collect$$libshutdown$$00000002  c_w.l(libshutdown2.o)
    0x08000212   0x08000212   0x00000000   Code   RO         3101    .ARM.Collect$$libshutdown$$00000004  c_w.l(libshutdown2.o)
    0x08000212   0x08000212   0x00000000   Code   RO         3104    .ARM.Collect$$libshutdown$$00000007  c_w.l(libshutdown2.o)
    0x08000212   0x08000212   0x00000000   Code   RO         3107    .ARM.Collect$$libshutdown$$0000000A  c_w.l(libshutdown2.o)
    0x08000212   0x08000212   0x00000000   Code   RO         3109    .ARM.Collect$$libshutdown$$0000000C  c_w.l(libshutdown2.o)
    0x08000212   0x08000212   0x00000000   Code   RO         3112    .ARM.Collect$$libshutdown$$0000000F  c_w.l(libshutdown2.o)
    0x08000212   0x08000212   0x00000002   Code   RO         3113    .ARM.Collect$$libshutdown$$00000010  c_w.l(libshutdown2.o)
    0x08000214   0x08000214   0x00000000   Code   RO         2839    .ARM.Collect$$rtentry$$00000000  c_w.l(__rtentry.o)
    0x08000214   0x08000214   0x00000000   Code   RO         2932    .ARM.Collect$$rtentry$$00000002  c_w.l(__rtentry2.o)
    0x08000214   0x08000214   0x00000006   Code   RO         2944    .ARM.Collect$$rtentry$$00000004  c_w.l(__rtentry4.o)
    0x0800021a   0x0800021a   0x00000000   Code   RO         2934    .ARM.Collect$$rtentry$$00000009  c_w.l(__rtentry2.o)
    0x0800021a   0x0800021a   0x00000004   Code   RO         2935    .ARM.Collect$$rtentry$$0000000A  c_w.l(__rtentry2.o)
    0x0800021e   0x0800021e   0x00000000   Code   RO         2937    .ARM.Collect$$rtentry$$0000000C  c_w.l(__rtentry2.o)
    0x0800021e   0x0800021e   0x00000008   Code   RO         2938    .ARM.Collect$$rtentry$$0000000D  c_w.l(__rtentry2.o)
    0x08000226   0x08000226   0x00000002   Code   RO         3015    .ARM.Collect$$rtexit$$00000000  c_w.l(rtexit.o)
    0x08000228   0x08000228   0x00000000   Code   RO         3068    .ARM.Collect$$rtexit$$00000002  c_w.l(rtexit2.o)
    0x08000228   0x08000228   0x00000004   Code   RO         3069    .ARM.Collect$$rtexit$$00000003  c_w.l(rtexit2.o)
    0x0800022c   0x0800022c   0x00000006   Code   RO         3070    .ARM.Collect$$rtexit$$00000004  c_w.l(rtexit2.o)
    0x08000232   0x08000232   0x00000002   PAD
    0x08000234   0x08000234   0x00000048   Code   RO          160    .TEXT               os_1.o
    0x0800027c   0x0800027c   0x00000040   Code   RO         2691    .text               startup_stm32f10x_md.o
    0x080002bc   0x080002bc   0x00000034   Code   RO         2743    .text               c_w.l(vsnprintf.o)
    0x080002f0   0x080002f0   0x0000002c   Code   RO         2745    .text               c_w.l(__2sprintf.o)
    0x0800031c   0x0800031c   0x00000078   Code   RO         2751    .text               c_w.l(_printf_dec.o)
    0x08000394   0x08000394   0x00000188   Code   RO         2770    .text               c_w.l(__printf_flags_ss_wp.o)
    0x0800051c   0x0800051c   0x00000048   Code   RO         2775    .text               c_w.l(strcpy.o)
    0x08000564   0x08000564   0x0000003e   Code   RO         2777    .text               c_w.l(strlen.o)
    0x080005a2   0x080005a2   0x00000006   Code   RO         2779    .text               c_w.l(heapauxi.o)
    0x080005a8   0x080005a8   0x0000004e   Code   RO         2840    .text               c_w.l(_printf_pad.o)
    0x080005f6   0x080005f6   0x00000024   Code   RO         2842    .text               c_w.l(_printf_truncate.o)
    0x0800061a   0x0800061a   0x00000052   Code   RO         2844    .text               c_w.l(_printf_str.o)
    0x0800066c   0x0800066c   0x000000b2   Code   RO         2846    .text               c_w.l(_printf_intcommon.o)
    0x0800071e   0x0800071e   0x00000028   Code   RO         2848    .text               c_w.l(_printf_charcount.o)
    0x08000746   0x08000746   0x00000002   PAD
    0x08000748   0x08000748   0x00000030   Code   RO         2850    .text               c_w.l(_printf_char_common.o)
    0x08000778   0x08000778   0x0000000a   Code   RO         2852    .text               c_w.l(_sputc.o)
    0x08000782   0x08000782   0x00000010   Code   RO         2854    .text               c_w.l(_snputc.o)
    0x08000792   0x08000792   0x00000002   PAD
    0x08000794   0x08000794   0x000000bc   Code   RO         2856    .text               c_w.l(_printf_wctomb.o)
    0x08000850   0x08000850   0x0000007c   Code   RO         2859    .text               c_w.l(_printf_longlong_dec.o)
    0x080008cc   0x080008cc   0x00000070   Code   RO         2865    .text               c_w.l(_printf_oct_int_ll.o)
    0x0800093c   0x0800093c   0x00000094   Code   RO         2885    .text               c_w.l(_printf_hex_int_ll_ptr.o)
    0x080009d0   0x080009d0   0x0000008a   Code   RO         2946    .text               c_w.l(lludiv10.o)
    0x08000a5a   0x08000a5a   0x0000041e   Code   RO         2948    .text               c_w.l(_printf_fp_dec.o)
    0x08000e78   0x08000e78   0x000002fc   Code   RO         2950    .text               c_w.l(_printf_fp_hex.o)
    0x08001174   0x08001174   0x0000002c   Code   RO         2955    .text               c_w.l(_printf_char.o)
    0x080011a0   0x080011a0   0x0000002c   Code   RO         2957    .text               c_w.l(_printf_wchar.o)
    0x080011cc   0x080011cc   0x00000040   Code   RO         2959    .text               c_w.l(_wcrtomb.o)
    0x0800120c   0x0800120c   0x0000004a   Code   RO         2961    .text               c_w.l(sys_stackheap_outer.o)
    0x08001256   0x08001256   0x00000002   PAD
    0x08001258   0x08001258   0x00000010   Code   RO         2963    .text               c_w.l(rt_ctype_table.o)
    0x08001268   0x08001268   0x00000008   Code   RO         2968    .text               c_w.l(rt_locale_intlibspace.o)
    0x08001270   0x08001270   0x00000080   Code   RO         2970    .text               c_w.l(_printf_fp_infnan.o)
    0x080012f0   0x080012f0   0x000000e4   Code   RO         2972    .text               c_w.l(bigflt0.o)
    0x080013d4   0x080013d4   0x00000012   Code   RO         3000    .text               c_w.l(exit.o)
    0x080013e6   0x080013e6   0x00000002   PAD
    0x080013e8   0x080013e8   0x00000008   Code   RO         3012    .text               c_w.l(libspace.o)
    0x080013f0   0x080013f0   0x00000080   Code   RO         3020    .text               c_w.l(strcmpv7m.o)
    0x08001470   0x08001470   0x0000000c   Code   RO         3078    .text               c_w.l(sys_exit.o)
    0x0800147c   0x0800147c   0x00000002   Code   RO         3089    .text               c_w.l(use_no_semi.o)
    0x0800147e   0x0800147e   0x00000000   Code   RO         3091    .text               c_w.l(indicate_semi.o)
    0x0800147e   0x0800147e   0x0000003e   Code   RO         2975    CL$$btod_d2e        c_w.l(btod.o)
    0x080014bc   0x080014bc   0x00000046   Code   RO         2977    CL$$btod_d2e_denorm_low  c_w.l(btod.o)
    0x08001502   0x08001502   0x00000060   Code   RO         2976    CL$$btod_d2e_norm_op1  c_w.l(btod.o)
    0x08001562   0x08001562   0x00000338   Code   RO         2985    CL$$btod_div_common  c_w.l(btod.o)
    0x0800189a   0x0800189a   0x000000dc   Code   RO         2982    CL$$btod_e2e        c_w.l(btod.o)
    0x08001976   0x08001976   0x0000002a   Code   RO         2979    CL$$btod_ediv       c_w.l(btod.o)
    0x080019a0   0x080019a0   0x0000002a   Code   RO         2978    CL$$btod_emul       c_w.l(btod.o)
    0x080019ca   0x080019ca   0x00000244   Code   RO         2984    CL$$btod_mult_common  c_w.l(btod.o)
    0x08001c0e   0x08001c0e   0x0000007e   Code   RO          347    i.ADC_Differential_Init  adc.o
    0x08001c8c   0x08001c8c   0x0000001c   Code   RO          348    i.ADC_Differential_Read  adc.o
    0x08001ca8   0x08001ca8   0x0000007c   Code   RO          349    i.ADC_GPIO_Measurement_Range  adc.o
    0x08001d24   0x08001d24   0x00000034   Code   RO          350    i.ADC_GPIO_Reset    adc.o
    0x08001d58   0x08001d58   0x00000088   Code   RO          351    i.ADC_Range1_Resistance  adc.o
    0x08001de0   0x08001de0   0x00000088   Code   RO          352    i.ADC_Range2_Resistance  adc.o
    0x08001e68   0x08001e68   0x00000088   Code   RO          353    i.ADC_Range3_Resistance  adc.o
    0x08001ef0   0x08001ef0   0x0000006c   Code   RO          354    i.ADC_Range4_Resistance  adc.o
    0x08001f5c   0x08001f5c   0x00000068   Code   RO          355    i.ADC_Range5_Resistance  adc.o
    0x08001fc4   0x08001fc4   0x000000f4   Code   RO          356    i.ADC_Range6_Resistance  adc.o
    0x080020b8   0x080020b8   0x000000f0   Code   RO          357    i.ADC_Range7_Resistance  adc.o
    0x080021a8   0x080021a8   0x00000086   Code   RO          358    i.ADC_Single_Init   adc.o
    0x0800222e   0x0800222e   0x00000002   PAD
    0x08002230   0x08002230   0x0000003c   Code   RO          740    i.Button_GPIO_Init  button.o
    0x0800226c   0x0800226c   0x00000180   Code   RO          166    i.Check_Button      main.o
    0x080023ec   0x080023ec   0x0000014c   Code   RO          896    i.DMA_DeInit        stm32f10x_dma.o
    0x08002538   0x08002538   0x0000003c   Code   RO          901    i.DMA_Init          stm32f10x_dma.o
    0x08002574   0x08002574   0x000004f8   Code   RO          167    i.Display_Init      main.o
    0x08002a6c   0x08002a6c   0x00000350   Code   RO          168    i.Draw_Display      main.o
    0x08002dbc   0x08002dbc   0x0000001c   Code   RO         1060    i.FLASH_PrefetchBufferCmd  stm32f10x_flash.o
    0x08002dd8   0x08002dd8   0x00000018   Code   RO         1065    i.FLASH_SetLatency  stm32f10x_flash.o
    0x08002df0   0x08002df0   0x00000116   Code   RO         1235    i.GPIO_Init         stm32f10x_gpio.o
    0x08002f06   0x08002f06   0x00000002   PAD
    0x08002f08   0x08002f08   0x00000090   Code   RO         1237    i.GPIO_PinRemapConfig  stm32f10x_gpio.o
    0x08002f98   0x08002f98   0x00000012   Code   RO         1239    i.GPIO_ReadInputDataBit  stm32f10x_gpio.o
    0x08002faa   0x08002faa   0x00000004   Code   RO         1242    i.GPIO_ResetBits    stm32f10x_gpio.o
    0x08002fae   0x08002fae   0x00000004   Code   RO         1243    i.GPIO_SetBits      stm32f10x_gpio.o
    0x08002fb2   0x08002fb2   0x00000018   Code   RO         1356    i.I2C_AcknowledgeConfig  stm32f10x_i2c.o
    0x08002fca   0x08002fca   0x0000002a   Code   RO         1358    i.I2C_CheckEvent    stm32f10x_i2c.o
    0x08002ff4   0x08002ff4   0x00000018   Code   RO         1361    i.I2C_Cmd           stm32f10x_i2c.o
    0x0800300c   0x0800300c   0x00000038   Code   RO         1364    i.I2C_DeInit        stm32f10x_i2c.o
    0x08003044   0x08003044   0x00000018   Code   RO         1368    i.I2C_GenerateSTART  stm32f10x_i2c.o
    0x0800305c   0x0800305c   0x00000018   Code   RO         1369    i.I2C_GenerateSTOP  stm32f10x_i2c.o
    0x08003074   0x08003074   0x0000003a   Code   RO         1370    i.I2C_GetFlagStatus  stm32f10x_i2c.o
    0x080030ae   0x080030ae   0x00000002   PAD
    0x080030b0   0x080030b0   0x000000ec   Code   RO         1375    i.I2C_Init          stm32f10x_i2c.o
    0x0800319c   0x0800319c   0x00000008   Code   RO         1380    i.I2C_ReceiveData   stm32f10x_i2c.o
    0x080031a4   0x080031a4   0x00000012   Code   RO         1382    i.I2C_Send7bitAddress  stm32f10x_i2c.o
    0x080031b6   0x080031b6   0x00000004   Code   RO         1383    i.I2C_SendData      stm32f10x_i2c.o
    0x080031ba   0x080031ba   0x00000002   PAD
    0x080031bc   0x080031bc   0x000000a0   Code   RO          444    i.IIC2_Init         iic.o
    0x0800325c   0x0800325c   0x000000ec   Code   RO          445    i.IIC2_Read         iic.o
    0x08003348   0x08003348   0x000000a8   Code   RO          446    i.IIC2_Write        iic.o
    0x080033f0   0x080033f0   0x000000ac   Code   RO          549    i.ILI9341_DrawChar  tft.o
    0x0800349c   0x0800349c   0x000000a0   Code   RO          551    i.ILI9341_DrawLine  tft.o
    0x0800353c   0x0800353c   0x0000004c   Code   RO          552    i.ILI9341_DrawPixel  tft.o
    0x08003588   0x08003588   0x000000a8   Code   RO          553    i.ILI9341_DrawRectangle  tft.o
    0x08003630   0x08003630   0x00000036   Code   RO          554    i.ILI9341_DrawText  tft.o
    0x08003666   0x08003666   0x00000002   PAD
    0x08003668   0x08003668   0x0000004c   Code   RO          555    i.ILI9341_FillScreen  tft.o
    0x080036b4   0x080036b4   0x0000016a   Code   RO          556    i.ILI9341_Init      tft.o
    0x0800381e   0x0800381e   0x00000002   PAD
    0x08003820   0x08003820   0x00000030   Code   RO          557    i.ILI9341_Reset     tft.o
    0x08003850   0x08003850   0x00000028   Code   RO          558    i.ILI9341_SendCommand  tft.o
    0x08003878   0x08003878   0x00000028   Code   RO          559    i.ILI9341_SendData  tft.o
    0x080038a0   0x080038a0   0x00000052   Code   RO          560    i.ILI9341_SetAddressWindow  tft.o
    0x080038f2   0x080038f2   0x00000002   PAD
    0x080038f4   0x080038f4   0x00000070   Code   RO          845    i.NVIC_Init         misc.o
    0x08003964   0x08003964   0x00000020   Code   RO         1572    i.RCC_AHBPeriphClockCmd  stm32f10x_rcc.o
    0x08003984   0x08003984   0x00000020   Code   RO         1573    i.RCC_APB1PeriphClockCmd  stm32f10x_rcc.o
    0x080039a4   0x080039a4   0x00000020   Code   RO         1574    i.RCC_APB1PeriphResetCmd  stm32f10x_rcc.o
    0x080039c4   0x080039c4   0x00000020   Code   RO         1575    i.RCC_APB2PeriphClockCmd  stm32f10x_rcc.o
    0x080039e4   0x080039e4   0x00000084   Code   RO          169    i.RCC_Clock_Init    main.o
    0x08003a68   0x08003a68   0x000000d4   Code   RO         1583    i.RCC_GetClocksFreq  stm32f10x_rcc.o
    0x08003b3c   0x08003b3c   0x0000003c   Code   RO         1584    i.RCC_GetFlagStatus  stm32f10x_rcc.o
    0x08003b78   0x08003b78   0x00000010   Code   RO         1586    i.RCC_GetSYSCLKSource  stm32f10x_rcc.o
    0x08003b88   0x08003b88   0x00000018   Code   RO         1587    i.RCC_HCLKConfig    stm32f10x_rcc.o
    0x08003ba0   0x08003ba0   0x0000004c   Code   RO         1588    i.RCC_HSEConfig     stm32f10x_rcc.o
    0x08003bec   0x08003bec   0x00000018   Code   RO         1594    i.RCC_PCLK1Config   stm32f10x_rcc.o
    0x08003c04   0x08003c04   0x00000018   Code   RO         1595    i.RCC_PCLK2Config   stm32f10x_rcc.o
    0x08003c1c   0x08003c1c   0x0000000c   Code   RO         1596    i.RCC_PLLCmd        stm32f10x_rcc.o
    0x08003c28   0x08003c28   0x0000001c   Code   RO         1597    i.RCC_PLLConfig     stm32f10x_rcc.o
    0x08003c44   0x08003c44   0x00000018   Code   RO         1600    i.RCC_SYSCLKConfig  stm32f10x_rcc.o
    0x08003c5c   0x08003c5c   0x00000168   Code   RO          170    i.Read_Sensor       main.o
    0x08003dc4   0x08003dc4   0x00000024   Code   RO          171    i.SD_Save_Data      main.o
    0x08003de8   0x08003de8   0x00000018   Code   RO         1788    i.SPI_Cmd           stm32f10x_spi.o
    0x08003e00   0x08003e00   0x00000012   Code   RO         1794    i.SPI_I2S_DMACmd    stm32f10x_spi.o
    0x08003e12   0x08003e12   0x00000012   Code   RO         1796    i.SPI_I2S_GetFlagStatus  stm32f10x_spi.o
    0x08003e24   0x08003e24   0x00000006   Code   RO         1799    i.SPI_I2S_ReceiveData  stm32f10x_spi.o
    0x08003e2a   0x08003e2a   0x00000004   Code   RO         1800    i.SPI_I2S_SendData  stm32f10x_spi.o
    0x08003e2e   0x08003e2e   0x0000003c   Code   RO         1801    i.SPI_Init          stm32f10x_spi.o
    0x08003e6a   0x08003e6a   0x00000008   Code   RO         2698    i.SetSysClock       system_stm32f10x.o
    0x08003e72   0x08003e72   0x00000002   PAD
    0x08003e74   0x08003e74   0x000000e0   Code   RO         2699    i.SetSysClockTo72   system_stm32f10x.o
    0x08003f54   0x08003f54   0x000000ec   Code   RO          486    i.Spi1_Init         spi1.o
    0x08004040   0x08004040   0x00000038   Code   RO          490    i.Spi1_SendByte     spi1.o
    0x08004078   0x08004078   0x00000014   Code   RO            4    i.SysTick_Handler   os.o
    0x0800408c   0x0800408c   0x00000060   Code   RO         2701    i.SystemInit        system_stm32f10x.o
    0x080040ec   0x080040ec   0x00000054   Code   RO            5    i.TIM2_IRQHandler   os.o
    0x08004140   0x08004140   0x00000006   Code   RO         1950    i.TIM_ClearITPendingBit  stm32f10x_tim.o
    0x08004146   0x08004146   0x00000018   Code   RO         1955    i.TIM_Cmd           stm32f10x_tim.o
    0x0800415e   0x0800415e   0x00000022   Code   RO         1976    i.TIM_GetITStatus   stm32f10x_tim.o
    0x08004180   0x08004180   0x00000012   Code   RO         1980    i.TIM_ITConfig      stm32f10x_tim.o
    0x08004192   0x08004192   0x00000002   PAD
    0x08004194   0x08004194   0x000000a4   Code   RO         2026    i.TIM_TimeBaseInit  stm32f10x_tim.o
    0x08004238   0x08004238   0x00000060   Code   RO          302    i.Timer2_Init       timer.o
    0x08004298   0x08004298   0x0000001a   Code   RO          303    i.Timer3_Delay_ms   timer.o
    0x080042b2   0x080042b2   0x00000002   PAD
    0x080042b4   0x080042b4   0x00000018   Code   RO          304    i.Timer3_Delay_us   timer.o
    0x080042cc   0x080042cc   0x00000040   Code   RO          305    i.Timer3_Init       timer.o
    0x0800430c   0x0800430c   0x000001b4   Code   RO          172    i.Transmit_To_PC    main.o
    0x080044c0   0x080044c0   0x00000018   Code   RO         2503    i.USART_Cmd         stm32f10x_usart.o
    0x080044d8   0x080044d8   0x0000001a   Code   RO         2506    i.USART_GetFlagStatus  stm32f10x_usart.o
    0x080044f2   0x080044f2   0x00000002   PAD
    0x080044f4   0x080044f4   0x000000d8   Code   RO         2510    i.USART_Init        stm32f10x_usart.o
    0x080045cc   0x080045cc   0x00000008   Code   RO         2520    i.USART_SendData    stm32f10x_usart.o
    0x080045d4   0x080045d4   0x00000048   Code   RO          767    i.Usart1_GPIO_Init  com.o
    0x0800461c   0x0800461c   0x00000068   Code   RO          768    i.Usart1_Init       com.o
    0x08004684   0x08004684   0x00000020   Code   RO          769    i.Usart1_SendChar   com.o
    0x080046a4   0x080046a4   0x00000016   Code   RO          770    i.Usart1_SendString  com.o
    0x080046ba   0x080046ba   0x00000026   Code   RO          771    i.Usart_printf      com.o
    0x080046e0   0x080046e0   0x00000028   Code   RO         3010    i.__ARM_fpclassify  m_ws.l(fpclassify.o)
    0x08004708   0x08004708   0x0000000e   Code   RO         2763    i._is_digit         c_w.l(__printf_wp.o)
    0x08004716   0x08004716   0x00000374   Code   RO          562    i.draw7Segment      tft.o
    0x08004a8a   0x08004a8a   0x00000018   Code   RO          563    i.drawDot           tft.o
    0x08004aa2   0x08004aa2   0x00000002   PAD
    0x08004aa4   0x08004aa4   0x000000a8   Code   RO          772    i.float_to_string   com.o
    0x08004b4c   0x08004b4c   0x00000248   Code   RO          173    i.main              main.o
    0x08004d94   0x08004d94   0x00000020   Code   RO            6    i.osCooperative_Wait  os.o
    0x08004db4   0x08004db4   0x000000bc   Code   RO            7    i.osKernelAdd1Thread  os.o
    0x08004e70   0x08004e70   0x00000010   Code   RO            8    i.osKernelInit      os.o
    0x08004e80   0x08004e80   0x00000078   Code   RO            9    i.osKernelLaunch    os.o
    0x08004ef8   0x08004ef8   0x00000120   Code   RO           10    i.osKernelStackInit  os.o
    0x08005018   0x08005018   0x00000028   Code   RO           11    i.osSchedulerRoundRobin  os.o
    0x08005040   0x08005040   0x00000016   Code   RO           12    i.osSemaphore_Give  os.o
    0x08005056   0x08005056   0x00000004   Code   RO           13    i.osSemaphore_Init  os.o
    0x0800505a   0x0800505a   0x00000002   PAD
    0x0800505c   0x0800505c   0x0000001c   Code   RO           14    i.osThreadYield     os.o
    0x08005078   0x08005078   0x00000018   Code   RO           15    i.osThreadsSleep    os.o
    0x08005090   0x08005090   0x000000c0   Code   RO          174    i.tach_4_chu_so_dau  main.o
    0x08005150   0x08005150   0x0000002c   Code   RO         2998    locale$$code        c_w.l(lc_numeric_c.o)
    0x0800517c   0x0800517c   0x0000002c   Code   RO         3018    locale$$code        c_w.l(lc_ctype_c.o)
    0x080051a8   0x080051a8   0x00000062   Code   RO         2783    x$fpl$d2f           fz_ws.l(d2f.o)
    0x0800520a   0x0800520a   0x00000002   PAD
    0x0800520c   0x0800520c   0x00000150   Code   RO         2785    x$fpl$dadd          fz_ws.l(daddsub_clz.o)
    0x0800535c   0x0800535c   0x00000018   Code   RO         2910    x$fpl$dcmpinf       fz_ws.l(dcmpi.o)
    0x08005374   0x08005374   0x000002b0   Code   RO         2792    x$fpl$ddiv          fz_ws.l(ddiv.o)
    0x08005624   0x08005624   0x0000002e   Code   RO         2796    x$fpl$dflt          fz_ws.l(dflt_clz.o)
    0x08005652   0x08005652   0x00000002   PAD
    0x08005654   0x08005654   0x00000078   Code   RO         2801    x$fpl$dleqf         fz_ws.l(dleqf.o)
    0x080056cc   0x080056cc   0x00000154   Code   RO         2803    x$fpl$dmul          fz_ws.l(dmul.o)
    0x08005820   0x08005820   0x0000009c   Code   RO         2912    x$fpl$dnaninf       fz_ws.l(dnaninf.o)
    0x080058bc   0x080058bc   0x0000000c   Code   RO         2914    x$fpl$dretinf       fz_ws.l(dretinf.o)
    0x080058c8   0x080058c8   0x0000006c   Code   RO         2805    x$fpl$drleqf        fz_ws.l(drleqf.o)
    0x08005934   0x08005934   0x000001d4   Code   RO         2787    x$fpl$dsub          fz_ws.l(daddsub_clz.o)
    0x08005b08   0x08005b08   0x00000056   Code   RO         2807    x$fpl$f2d           fz_ws.l(f2d.o)
    0x08005b5e   0x08005b5e   0x00000002   PAD
    0x08005b60   0x08005b60   0x000000c4   Code   RO         2809    x$fpl$fadd          fz_ws.l(faddsub_clz.o)
    0x08005c24   0x08005c24   0x00000018   Code   RO         2916    x$fpl$fcmpinf       fz_ws.l(fcmpi.o)
    0x08005c3c   0x08005c3c   0x00000184   Code   RO         2816    x$fpl$fdiv          fz_ws.l(fdiv.o)
    0x08005dc0   0x08005dc0   0x00000036   Code   RO         2819    x$fpl$ffix          fz_ws.l(ffix.o)
    0x08005df6   0x08005df6   0x00000002   PAD
    0x08005df8   0x08005df8   0x0000003e   Code   RO         2823    x$fpl$ffixu         fz_ws.l(ffixu.o)
    0x08005e36   0x08005e36   0x00000002   PAD
    0x08005e38   0x08005e38   0x00000030   Code   RO         2828    x$fpl$fflt          fz_ws.l(fflt_clz.o)
    0x08005e68   0x08005e68   0x00000026   Code   RO         2827    x$fpl$ffltu         fz_ws.l(fflt_clz.o)
    0x08005e8e   0x08005e8e   0x00000002   PAD
    0x08005e90   0x08005e90   0x00000068   Code   RO         2833    x$fpl$fleqf         fz_ws.l(fleqf.o)
    0x08005ef8   0x08005ef8   0x00000102   Code   RO         2835    x$fpl$fmul          fz_ws.l(fmul.o)
    0x08005ffa   0x08005ffa   0x0000008c   Code   RO         2918    x$fpl$fnaninf       fz_ws.l(fnaninf.o)
    0x08006086   0x08006086   0x0000000a   Code   RO         2920    x$fpl$fretinf       fz_ws.l(fretinf.o)
    0x08006090   0x08006090   0x00000062   Code   RO         2837    x$fpl$frleqf        fz_ws.l(frleqf.o)
    0x080060f2   0x080060f2   0x00000014   Code   RO         2810    x$fpl$frsb          fz_ws.l(faddsub_clz.o)
    0x08006106   0x08006106   0x00000002   PAD
    0x08006108   0x08006108   0x000000ea   Code   RO         2811    x$fpl$fsub          fz_ws.l(faddsub_clz.o)
    0x080061f2   0x080061f2   0x00000004   Code   RO         2922    x$fpl$printf1       fz_ws.l(printf1.o)
    0x080061f6   0x080061f6   0x00000004   Code   RO         2924    x$fpl$printf2       fz_ws.l(printf2.o)
    0x080061fa   0x080061fa   0x00000000   Code   RO         2930    x$fpl$usenofp       fz_ws.l(usenofp.o)
    0x080061fa   0x080061fa   0x000001c7   Data   RO          721    .constdata          fonts.o
    0x080063c1   0x080063c1   0x00000011   Data   RO         2771    .constdata          c_w.l(__printf_flags_ss_wp.o)
    0x080063d2   0x080063d2   0x00000002   PAD
    0x080063d4   0x080063d4   0x00000008   Data   RO         2857    .constdata          c_w.l(_printf_wctomb.o)
    0x080063dc   0x080063dc   0x00000028   Data   RO         2886    .constdata          c_w.l(_printf_hex_int_ll_ptr.o)
    0x08006404   0x08006404   0x00000026   Data   RO         2951    .constdata          c_w.l(_printf_fp_hex.o)
    0x0800642a   0x0800642a   0x00000002   PAD
    0x0800642c   0x0800642c   0x00000094   Data   RO         2973    .constdata          c_w.l(bigflt0.o)
    0x080064c0   0x080064c0   0x00000020   Data   RO         3144    Region$$Table       anon$$obj.o
    0x080064e0   0x080064e0   0x0000001c   Data   RO         2997    locale$$data        c_w.l(lc_numeric_c.o)
    0x080064fc   0x080064fc   0x00000110   Data   RO         3017    locale$$data        c_w.l(lc_ctype_c.o)


    Execution Region RW_IRAM1 (Exec base: 0x20000000, Load base: 0x0800660c, Size: 0x00001e70, Max: 0x00005000, ABSOLUTE)

    Exec Addr    Load Addr    Size         Type   Attr      Idx    E Section Name        Object

    0x20000000   0x0800660c   0x00000010   Data   RW           17    .data               os.o
    0x20000010   0x0800661c   0x00000012   Data   RW          175    .data               main.o
    0x20000022   0x0800662e   0x00000014   Data   RW         1603    .data               stm32f10x_rcc.o
    0x20000036   0x08006642   0x00000002   PAD
    0x20000038        -       0x000017b8   Zero   RW           16    .bss                os.o
    0x200017f0        -       0x00000020   Zero   RW          773    .bss                com.o
    0x20001810        -       0x00000060   Zero   RW         3013    .bss                c_w.l(libspace.o)
    0x20001870        -       0x00000200   Zero   RW         2689    HEAP                startup_stm32f10x_md.o
    0x20001a70        -       0x00000400   Zero   RW         2688    STACK               startup_stm32f10x_md.o


==============================================================================

Image component sizes


      Code (inc. data)   RO Data    RW Data    ZI Data      Debug   Object Name

      1568        216          0          0          0       7648   adc.o
        60          6          0          0          0        471   button.o
       436         32          0          0         32       3860   com.o
         0          0        455          0          0        438   fonts.o
       564         40          0          0          0       1849   iic.o
      4244        660          0         18          0       7528   main.o
       112         12          0          0          0       1232   misc.o
       866         78          0         16       6072     310677   os.o
        72          4          0          0          0        228   os_1.o
       292         20          0          0          0       1136   spi1.o
        64         26        236          0       1536        800   startup_stm32f10x_md.o
       392          8          0          0          0       3164   stm32f10x_dma.o
        52         12          0          0          0       1245   stm32f10x_flash.o
       448          6          0          0          0       4998   stm32f10x_gpio.o
       518         20          0          0          0       9177   stm32f10x_i2c.o
       628         92          0         20          0      11694   stm32f10x_rcc.o
       130          0          0          0          0       5003   stm32f10x_spi.o
       246         42          0          0          0       4054   stm32f10x_tim.o
       274          6          0          0          0       4448   stm32f10x_usart.o
       328         28          0          0          0       1921   system_stm32f10x.o
      2186         44          0          0          0       9538   tft.o
       210         12          0          0          0       1868   timer.o

    ----------------------------------------------------------------------
     13716       1364        723         56       7640     392977   Object Totals
         0          0         32          0          0          0   (incl. Generated)
        26          0          0          2          0          0   (incl. Padding)

    ----------------------------------------------------------------------

      Code (inc. data)   RO Data    RW Data    ZI Data      Debug   Library Member Name

        44          6          0          0          0         84   __2sprintf.o
         8          0          0          0          0         68   __main.o
       392          4         17          0          0         92   __printf_flags_ss_wp.o
        14          0          0          0          0         68   __printf_wp.o
         0          0          0          0          0          0   __rtentry.o
        12          0          0          0          0          0   __rtentry2.o
         6          0          0          0          0          0   __rtentry4.o
        52          8          0          0          0          0   __scatter.o
        26          0          0          0          0          0   __scatter_copy.o
        28          0          0          0          0          0   __scatter_zi.o
         6          0          0          0          0          0   _printf_a.o
         6          0          0          0          0          0   _printf_c.o
        44          0          0          0          0        108   _printf_char.o
        48          6          0          0          0         96   _printf_char_common.o
        40          0          0          0          0         68   _printf_charcount.o
         6          0          0          0          0          0   _printf_d.o
       120         16          0          0          0         92   _printf_dec.o
         6          0          0          0          0          0   _printf_e.o
         6          0          0          0          0          0   _printf_f.o
      1054          0          0          0          0        216   _printf_fp_dec.o
       764          8         38          0          0        100   _printf_fp_hex.o
       128         16          0          0          0         84   _printf_fp_infnan.o
         6          0          0          0          0          0   _printf_g.o
       148          4         40          0          0        160   _printf_hex_int_ll_ptr.o
         6          0          0          0          0          0   _printf_i.o
       178          0          0          0          0         88   _printf_intcommon.o
        10          0          0          0          0          0   _printf_l.o
         6          0          0          0          0          0   _printf_lc.o
        10          0          0          0          0          0   _printf_ll.o
         6          0          0          0          0          0   _printf_lld.o
         6          0          0          0          0          0   _printf_lli.o
         6          0          0          0          0          0   _printf_llo.o
         6          0          0          0          0          0   _printf_llu.o
         6          0          0          0          0          0   _printf_llx.o
       124         16          0          0          0         92   _printf_longlong_dec.o
         6          0          0          0          0          0   _printf_ls.o
         6          0          0          0          0          0   _printf_n.o
         6          0          0          0          0          0   _printf_o.o
       112         10          0          0          0        124   _printf_oct_int_ll.o
         6          0          0          0          0          0   _printf_p.o
        78          0          0          0          0        108   _printf_pad.o
         0          0          0          0          0          0   _printf_percent.o
         4          0          0          0          0          0   _printf_percent_end.o
         6          0          0          0          0          0   _printf_s.o
        82          0          0          0          0         80   _printf_str.o
        36          0          0          0          0         84   _printf_truncate.o
         6          0          0          0          0          0   _printf_u.o
        44          0          0          0          0        108   _printf_wchar.o
       188          6          8          0          0         92   _printf_wctomb.o
         6          0          0          0          0          0   _printf_x.o
        16          0          0          0          0         68   _snputc.o
        10          0          0          0          0         68   _sputc.o
        64          0          0          0          0         92   _wcrtomb.o
       228          4        148          0          0         96   bigflt0.o
      1936        128          0          0          0        672   btod.o
        18          0          0          0          0         80   exit.o
         6          0          0          0          0        152   heapauxi.o
         0          0          0          0          0          0   indicate_semi.o
        44         10        272          0          0         76   lc_ctype_c.o
        44         10         28          0          0         76   lc_numeric_c.o
         2          0          0          0          0          0   libinit.o
        30          0          0          0          0          0   libinit2.o
         2          0          0          0          0          0   libshutdown.o
         2          0          0          0          0          0   libshutdown2.o
         8          4          0          0         96         68   libspace.o
       138          0          0          0          0         80   lludiv10.o
        16          4          0          0          0         76   rt_ctype_table.o
         8          4          0          0          0         68   rt_locale_intlibspace.o
         2          0          0          0          0          0   rtexit.o
        10          0          0          0          0          0   rtexit2.o
       128          0          0          0          0         68   strcmpv7m.o
        72          0          0          0          0         80   strcpy.o
        62          0          0          0          0         76   strlen.o
        12          4          0          0          0         68   sys_exit.o
        74          0          0          0          0         80   sys_stackheap_outer.o
         2          0          0          0          0         68   use_no_semi.o
        52          4          0          0          0         80   vsnprintf.o
        98          4          0          0          0         92   d2f.o
       804         16          0          0          0        272   daddsub_clz.o
        24          0          0          0          0         68   dcmpi.o
       688        140          0          0          0        208   ddiv.o
        46          0          0          0          0         68   dflt_clz.o
       120          4          0          0          0         92   dleqf.o
       340         12          0          0          0        104   dmul.o
       156          4          0          0          0         92   dnaninf.o
        12          0          0          0          0         68   dretinf.o
       108          0          0          0          0         80   drleqf.o
        86          4          0          0          0         84   f2d.o
       450          8          0          0          0        236   faddsub_clz.o
        24          0          0          0          0         68   fcmpi.o
       388         76          0          0          0         96   fdiv.o
        54          4          0          0          0         84   ffix.o
        62          4          0          0          0         84   ffixu.o
        86          0          0          0          0        136   fflt_clz.o
       104          4          0          0          0         84   fleqf.o
       258          4          0          0          0         84   fmul.o
       140          4          0          0          0         84   fnaninf.o
        10          0          0          0          0         68   fretinf.o
        98          0          0          0          0         68   frleqf.o
         4          0          0          0          0         68   printf1.o
         4          0          0          0          0         68   printf2.o
         0          0          0          0          0          0   usenofp.o
        40          0          0          0          0         68   fpclassify.o

    ----------------------------------------------------------------------
     11130        560        555          0         96       6728   Library Totals
        26          0          4          0          0          0   (incl. Padding)

    ----------------------------------------------------------------------

      Code (inc. data)   RO Data    RW Data    ZI Data      Debug   Library Name

      6900        272        551          0         96       4204   c_w.l
      4164        288          0          0          0       2456   fz_ws.l
        40          0          0          0          0         68   m_ws.l

    ----------------------------------------------------------------------
     11130        560        555          0         96       6728   Library Totals

    ----------------------------------------------------------------------

==============================================================================


      Code (inc. data)   RO Data    RW Data    ZI Data      Debug   

     24846       1924       1278         56       7736     390133   Grand Totals
     24846       1924       1278         56       7736     390133   ELF Image Totals
     24846       1924       1278         56          0          0   ROM Totals

==============================================================================

    Total RO  Size (Code + RO Data)                26124 (  25.51kB)
    Total RW  Size (RW Data + ZI Data)              7792 (   7.61kB)
    Total ROM Size (Code + RO Data + RW Data)      26180 (  25.57kB)

==============================================================================

