Component: ARM Compiler 5.06 update 6 (build 750) Tool: armlink [4d35ed]

==============================================================================

Section Cross References

    os.o(i.TIM2_IRQHandler) refers to stm32f10x_tim.o(i.TIM_GetITStatus) for TIM_GetITStatus
    os.o(i.TIM2_IRQHandler) refers to stm32f10x_tim.o(i.TIM_ClearITPendingBit) for TIM_ClearITPendingBit
    os.o(i.TIM2_IRQHandler) refers to os.o(.bss) for tcbs
    os.o(i.TIM2_IRQHandler) refers to os.o(.data) for current_num_of_thread
    os.o(i.osCooperative_Wait) refers to os.o(i.osThreadYield) for osThreadYield
    os.o(i.osKernelAdd1Thread) refers to os.o(i.osKernelStackInit) for osKernelStackInit
    os.o(i.osKernelAdd1Thread) refers to os.o(.data) for current_num_of_thread
    os.o(i.osKernelAdd1Thread) refers to os.o(.bss) for TCB_STACK
    os.o(i.osKernelInit) refers to os.o(.data) for MILLIS_PRESCALER
    os.o(i.osKernelLaunch) refers to os_1.o(.TEXT) for osSchedulerLaunch
    os.o(i.osKernelLaunch) refers to os.o(.data) for MILLIS_PRESCALER
    os.o(i.osKernelStackInit) refers to os.o(.bss) for TCB_STACK
    os.o(i.osSchedulerRoundRobin) refers to os.o(.data) for currentPt
    os.o(i.osThreadsSleep) refers to os.o(i.osThreadYield) for osThreadYield
    os.o(i.osThreadsSleep) refers to os.o(.data) for currentPt
    os_1.o(.TEXT) refers to os.o(i.osSchedulerRoundRobin) for osSchedulerRoundRobin
    os_1.o(.TEXT) refers to os.o(.data) for currentPt
    main.o(i.Check_Button) refers to stm32f10x_gpio.o(i.GPIO_ReadInputDataBit) for GPIO_ReadInputDataBit
    main.o(i.Check_Button) refers to os.o(i.osThreadsSleep) for osThreadsSleep
    main.o(i.Check_Button) refers to main.o(.data) for X_Coordinate
    main.o(i.Display_Init) refers to frleqf.o(x$fpl$frleqf) for __aeabi_cfrcmple
    main.o(i.Display_Init) refers to fleqf.o(x$fpl$fleqf) for __aeabi_cfcmple
    main.o(i.Display_Init) refers to tft.o(i.ILI9341_DrawText) for ILI9341_DrawText
    main.o(i.Display_Init) refers to f2d.o(x$fpl$f2d) for __aeabi_f2d
    main.o(i.Display_Init) refers to drleqf.o(x$fpl$drleqf) for __aeabi_cdrcmple
    main.o(i.Display_Init) refers to dleqf.o(x$fpl$dleqf) for __aeabi_cdcmple
    main.o(i.Display_Init) refers to tft.o(i.draw7Segment) for draw7Segment
    main.o(i.Display_Init) refers to tft.o(i.drawDot) for drawDot
    main.o(i.Draw_Display) refers to os.o(i.osCooperative_Wait) for osCooperative_Wait
    main.o(i.Draw_Display) refers to tft.o(i.ILI9341_DrawText) for ILI9341_DrawText
    main.o(i.Draw_Display) refers to tft.o(i.ILI9341_DrawRectangle) for ILI9341_DrawRectangle
    main.o(i.Draw_Display) refers to main.o(i.tach_4_chu_so_dau) for tach_4_chu_so_dau
    main.o(i.Draw_Display) refers to main.o(i.Display_Init) for Display_Init
    main.o(i.Draw_Display) refers to os.o(i.osSemaphore_Give) for osSemaphore_Give
    main.o(i.Draw_Display) refers to main.o(.data) for Sema_TFT
    main.o(i.RCC_Clock_Init) refers to stm32f10x_gpio.o(i.GPIO_PinRemapConfig) for GPIO_PinRemapConfig
    main.o(i.RCC_Clock_Init) refers to stm32f10x_rcc.o(i.RCC_HSEConfig) for RCC_HSEConfig
    main.o(i.RCC_Clock_Init) refers to stm32f10x_rcc.o(i.RCC_GetFlagStatus) for RCC_GetFlagStatus
    main.o(i.RCC_Clock_Init) refers to stm32f10x_flash.o(i.FLASH_SetLatency) for FLASH_SetLatency
    main.o(i.RCC_Clock_Init) refers to stm32f10x_flash.o(i.FLASH_PrefetchBufferCmd) for FLASH_PrefetchBufferCmd
    main.o(i.RCC_Clock_Init) refers to stm32f10x_rcc.o(i.RCC_PLLConfig) for RCC_PLLConfig
    main.o(i.RCC_Clock_Init) refers to stm32f10x_rcc.o(i.RCC_PLLCmd) for RCC_PLLCmd
    main.o(i.RCC_Clock_Init) refers to stm32f10x_rcc.o(i.RCC_HCLKConfig) for RCC_HCLKConfig
    main.o(i.RCC_Clock_Init) refers to stm32f10x_rcc.o(i.RCC_PCLK1Config) for RCC_PCLK1Config
    main.o(i.RCC_Clock_Init) refers to stm32f10x_rcc.o(i.RCC_PCLK2Config) for RCC_PCLK2Config
    main.o(i.RCC_Clock_Init) refers to stm32f10x_rcc.o(i.RCC_SYSCLKConfig) for RCC_SYSCLKConfig
    main.o(i.RCC_Clock_Init) refers to stm32f10x_rcc.o(i.RCC_GetSYSCLKSource) for RCC_GetSYSCLKSource
    main.o(i.Read_Sensor) refers to adc.o(i.ADC_Range1_Resistance) for ADC_Range1_Resistance
    main.o(i.Read_Sensor) refers to adc.o(i.ADC_Range2_Resistance) for ADC_Range2_Resistance
    main.o(i.Read_Sensor) refers to adc.o(i.ADC_Range3_Resistance) for ADC_Range3_Resistance
    main.o(i.Read_Sensor) refers to adc.o(i.ADC_Range4_Resistance) for ADC_Range4_Resistance
    main.o(i.Read_Sensor) refers to adc.o(i.ADC_Range5_Resistance) for ADC_Range5_Resistance
    main.o(i.Read_Sensor) refers to adc.o(i.ADC_Range6_Resistance) for ADC_Range6_Resistance
    main.o(i.Read_Sensor) refers to adc.o(i.ADC_Range7_Resistance) for ADC_Range7_Resistance
    main.o(i.Read_Sensor) refers to frleqf.o(x$fpl$frleqf) for __aeabi_cfrcmple
    main.o(i.Read_Sensor) refers to feqf.o(x$fpl$feqf) for __aeabi_cfcmpeq
    main.o(i.Read_Sensor) refers to os.o(i.osSemaphore_Give) for osSemaphore_Give
    main.o(i.Read_Sensor) refers to main.o(.data) for device
[...]
    _fsub1                                   0x08006473   Thumb Code     0  faddsub_clz.o(x$fpl$fsub)
    x$fpl$printf1                            0x0800654e   Section        4  printf1.o(x$fpl$printf1)
    x$fpl$printf2                            0x08006552   Section        4  printf2.o(x$fpl$printf2)
    .constdata                               0x08006556   Section      455  fonts.o(.constdata)
    x$fpl$usenofp                            0x08006556   Section        0  usenofp.o(x$fpl$usenofp)
    .constdata                               0x0800671d   Section       17  __printf_flags_ss_wp.o(.constdata)
    maptable                                 0x0800671d   Data          17  __printf_flags_ss_wp.o(.constdata)
    .constdata                               0x08006730   Section        8  _printf_wctomb.o(.constdata)
    initial_mbstate                          0x08006730   Data           8  _printf_wctomb.o(.constdata)
    .constdata                               0x08006738   Section       40  _printf_hex_int_ll_ptr.o(.constdata)
    uc_hextab                                0x08006738   Data          20  _printf_hex_int_ll_ptr.o(.constdata)
    lc_hextab                                0x0800674c   Data          20  _printf_hex_int_ll_ptr.o(.constdata)
    .constdata                               0x08006760   Section       38  _printf_fp_hex.o(.constdata)
    lc_hextab                                0x08006760   Data          19  _printf_fp_hex.o(.constdata)
    uc_hextab                                0x08006773   Data          19  _printf_fp_hex.o(.constdata)
    .constdata                               0x08006788   Section      148  bigflt0.o(.constdata)
    tenpwrs_x                                0x08006788   Data          60  bigflt0.o(.constdata)
    tenpwrs_i                                0x080067c4   Data          64  bigflt0.o(.constdata)
    locale$$data                             0x0800683c   Section       28  lc_numeric_c.o(locale$$data)
    __lcnum_c_name                           0x08006840   Data           2  lc_numeric_c.o(locale$$data)
    __lcnum_c_start                          0x08006848   Data           0  lc_numeric_c.o(locale$$data)
    __lcnum_c_point                          0x08006854   Data           0  lc_numeric_c.o(locale$$data)
    __lcnum_c_thousands                      0x08006856   Data           0  lc_numeric_c.o(locale$$data)
    __lcnum_c_grouping                       0x08006857   Data           0  lc_numeric_c.o(locale$$data)
    locale$$data                             0x08006858   Section      272  lc_ctype_c.o(locale$$data)
    __lcnum_c_end                            0x08006858   Data           0  lc_numeric_c.o(locale$$data)
    __lcctype_c_name                         0x0800685c   Data           2  lc_ctype_c.o(locale$$data)
    __lcctype_c_start                        0x08006864   Data           0  lc_ctype_c.o(locale$$data)
    __lcctype_c_end                          0x08006968   Data           0  lc_ctype_c.o(locale$$data)
    .data                                    0x20000000   Section       16  os.o(.data)
    .data                                    0x20000010   Section       22  main.o(.data)
    .data                                    0x20000026   Section       20  stm32f10x_rcc.o(.data)
    APBAHBPrescTable                         0x20000026   Data          16  stm32f10x_rcc.o(.data)
    ADCPrescTable                            0x20000036   Data           4  stm32f10x_rcc.o(.data)
    .bss                                     0x2000003c   Section     6072  os.o(.bss)
    .bss                                     0x200017f4   Section       32  com.o(.bss)
    buffer                                   0x200017f4   Data          32  com.o(.bss)
    .bss                                     0x20001814   Section       96  libspace.o(.bss)
    HEAP                                     0x20001878   Section      512  startup_stm32f10x_md.o(HEAP)
    Heap_Mem                                 0x20001878   Data         512  startup_stm32f10x_md.o(HEAP)
    STACK                                    0x20001a78   Section     1024  startup_stm32f10x_md.o(STACK)
    Stack_Mem                                0x20001a78   Data        1024  startup_stm32f10x_md.o(STACK)
    __initial_sp                             0x20001e78   Data           0  startup_stm32f10x_md.o(STACK)

    Global Symbols

    Symbol Name                              Value     Ov Type        Size  Object(Section)

    BuildAttributes$$THM_ISAv4$P$D$K$B$S$PE$A:L22UL41UL21$X:L11$S22US41US21$IEEE1$IW$USESV6$~STKCKD$USESV7$~SHL$OTIME$ROPI$IEEEJ$EBA8$UX$STANDARDLIB$REQ8$PRES8$EABIv2 0x00000000   Number         0  anon$$obj.o ABSOLUTE
    __ARM_use_no_argv                        0x00000000   Number         0  main.o ABSOLUTE
    _printf_flags                            0x00000000   Number         0  printf_stubs.o ABSOLUTE
    _printf_return_value                     0x00000000   Number         0  printf_stubs.o ABSOLUTE
    _printf_sizespec                         0x00000000   Number         0  printf_stubs.o ABSOLUTE
    _printf_widthprec                        0x00000000   Number         0  printf_stubs.o ABSOLUTE
    __ARM_exceptions_init                     - Undefined Weak Reference
    __alloca_initialize                       - Undefined Weak Reference
    __arm_preinit_                            - Undefined Weak Reference
    __cpp_initialize__aeabi_                  - Undefined Weak Reference
    __cxa_finalize                            - Undefined Weak Reference
    __sigvec_lookup                           - Undefined Weak Reference
    _atexit_init                              - Undefined Weak Reference
    _call_atexit_fns                          - Undefined Weak Reference
    _clock_init                               - Undefined Weak Reference
    _fp_trap_init                             - Undefined Weak Reference
    _fp_trap_shutdown                         - Undefined Weak Reference
    _get_lc_collate                           - Undefined Weak Reference
    _get_lc_monetary                          - Undefined Weak Reference
    _get_lc_time                              - Undefined Weak Reference
    _getenv_init                              - Undefined Weak Reference
    _handle_redirection                       - Undefined Weak Reference
    _init_alloc                               - Undefined Weak Reference
    _init_user_alloc                          - Undefined Weak Reference
    _initio                                   - Undefined Weak Reference
    _printf_mbtowc                            - Undefined Weak Reference
    _printf_wc                                - Undefined Weak Reference
    _rand_init                                - Undefined Weak Reference
    _signal_finish                            - Undefined Weak Reference
    _signal_init                              - Undefined Weak Reference
    _terminate_alloc                          - Undefined Weak Reference
    _terminate_user_alloc                     - Undefined Weak Reference
    _terminateio                              - Undefined Weak Reference
    __Vectors_Size                           0x000000ec   Number         0  startup_stm32f10x_md.o ABSOLUTE
    __Vectors                                0x08000000   Data           4  startup_stm32f10x_md.o(RESET)
    __Vectors_End                            0x080000ec   Data           0  startup_stm32f10x_md.o(RESET)
    __main                                   0x080000ed   Thumb Code     8  __main.o(!!!main)
    __scatterload                            0x080000f5   Thumb Code     0  __scatter.o(!!!scatter)
    __scatterload_rt2                        0x080000f5   Thumb Code    44  __scatter.o(!!!scatter)
    __scatterload_rt2_thumb_only             0x080000f5   Thumb Code     0  __scatter.o(!!!scatter)
    __scatterload_null                       0x08000103   Thumb Code     0  __scatter.o(!!!scatter)
    __scatterload_copy                       0x08000129   Thumb Code    26  __scatter_copy.o(!!handler_copy)
    __scatterload_zeroinit                   0x08000145   Thumb Code    28  __scatter_zi.o(!!handler_zi)
    _printf_n                                0x08000161   Thumb Code     0  _printf_n.o(.ARM.Collect$$_printf_percent$$00000001)
    _printf_percent                          0x08000161   Thumb Code     0  _printf_percent.o(.ARM.Collect$$_printf_percent$$00000000)
    _printf_p                                0x08000167   Thumb Code     0  _printf_p.o(.ARM.Collect$$_printf_percent$$00000002)
    _printf_f                                0x0800016d   Thumb Code     0  _printf_f.o(.ARM.Collect$$_printf_percent$$00000003)
    _printf_e                                0x08000173   Thumb Code     0  _printf_e.o(.ARM.Collect$$_printf_percent$$00000004)
    _printf_g                                0x08000179   Thumb Code     0  _printf_g.o(.ARM.Collect$$_printf_percent$$00000005)
    _printf_a                                0x0800017f   Thumb Code     0  _printf_a.o(.ARM.Collect$$_printf_percent$$00000006)
    _printf_ll                               0x08000185   Thumb Code     0  _printf_ll.o(.ARM.Collect$$_printf_percent$$00000007)
    _printf_i                                0x0800018f   Thumb Code     0  _printf_i.o(.ARM.Collect$$_printf_percent$$00000008)
    _printf_d                                0x08000195   Thumb Code     0  _printf_d.o(.ARM.Collect$$_printf_percent$$00000009)
    _printf_u                                0x0800019b   Thumb Code     0  _printf_u.o(.ARM.Collect$$_printf_percent$$0000000A)
    _printf_o                                0x080001a1   Thumb Code     0  _printf_o.o(.ARM.Collect$$_printf_percent$$0000000B)
    _printf_x                                0x080001a7   Thumb Code     0  _printf_x.o(.ARM.Collect$$_printf_percent$$0000000C)
    _printf_lli                              0x080001ad   Thumb Code     0  _printf_lli.o(.ARM.Collect$$_printf_percent$$0000000D)
    _printf_lld                              0x080001b3   Thumb Code     0  _printf_lld.o(.ARM.Collect$$_printf_percent$$0000000E)
    _printf_llu                              0x080001b9   Thumb Code     0  _printf_llu.o(.ARM.Collect$$_printf_percent$$0000000F)
    _printf_llo                              0x080001bf   Thumb Code     0  _printf_llo.o(.ARM.Collect$$_printf_percent$$00000010)
    _printf_llx                              0x080001c5   Thumb Code     0  _printf_llx.o(.ARM.Collect$$_printf_percent$$00000011)
    _printf_l                                0x080001cb   Thumb Code     0  _printf_l.o(.ARM.Collect$$_printf_percent$$00000012)
    _printf_c                                0x080001d5   Thumb Code     0  _printf_c.o(.ARM.Collect$$_printf_percent$$00000013)
    _printf_s                                0x080001db   Thumb Code     0  _printf_s.o(.ARM.Collect$$_printf_percent$$00000014)
    _printf_lc                               0x080001e1   Thumb Code     0  _printf_lc.o(.ARM.Collect$$_printf_percent$$00000015)
    _printf_ls                               0x080001e7   Thumb Code     0  _printf_ls.o(.ARM.Collect$$_printf_percent$$00000016)
    _printf_percent_end                      0x080001ed   Thumb Code     0  _printf_percent_end.o(.ARM.Collect$$_printf_percent$$00000017)
    __rt_lib_init                            0x080001f1   Thumb Code     0  libinit.o(.ARM.Collect$$libinit$$00000000)
    __rt_lib_init_fp_1                       0x080001f3   Thumb Code     0  libinit2.o(.ARM.Collect$$libinit$$00000002)
    __rt_lib_init_heap_1                     0x080001f3   Thumb Code     0  libinit2.o(.ARM.Collect$$libinit$$0000000A)
    __rt_lib_init_lc_common                  0x080001f3   Thumb Code     0  libinit2.o(.ARM.Collect$$libinit$$0000000F)
    __rt_lib_init_preinit_1                  0x080001f3   Thumb Code     0  libinit2.o(.ARM.Collect$$libinit$$00000004)
    __rt_lib_init_rand_1                     0x080001f3   Thumb Code     0  libinit2.o(.ARM.Collect$$libinit$$0000000E)
    __rt_lib_init_user_alloc_1               0x080001f3   Thumb Code     0  libinit2.o(.ARM.Collect$$libinit$$0000000C)
    __rt_lib_init_lc_collate_1               0x080001f9   Thumb Code     0  libinit2.o(.ARM.Collect$$libinit$$00000011)
    __rt_lib_init_lc_ctype_2                 0x080001f9   Thumb Code     0  libinit2.o(.ARM.Collect$$libinit$$00000012)
    __rt_lib_init_lc_ctype_1                 0x08000205   Thumb Code     0  libinit2.o(.ARM.Collect$$libinit$$00000013)
    __rt_lib_init_lc_monetary_1              0x08000205   Thumb Code     0  libinit2.o(.ARM.Collect$$libinit$$00000015)
    __rt_lib_init_lc_numeric_2               0x08000205   Thumb Code     0  libinit2.o(.ARM.Collect$$libinit$$00000016)
    __rt_lib_init_alloca_1                   0x0800020f   Thumb Code     0  libinit2.o(.ARM.Collect$$libinit$$0000002E)
    __rt_lib_init_argv_1                     0x0800020f   Thumb Code     0  libinit2.o(.ARM.Collect$$libinit$$0000002C)
    __rt_lib_init_atexit_1                   0x0800020f   Thumb Code     0  libinit2.o(.ARM.Collect$$libinit$$0000001B)
    __rt_lib_init_clock_1                    0x0800020f   Thumb Code     0  libinit2.o(.ARM.Collect$$libinit$$00000021)
    __rt_lib_init_cpp_1                      0x0800020f   Thumb Code     0  libinit2.o(.ARM.Collect$$libinit$$00000032)
    __rt_lib_init_exceptions_1               0x0800020f   Thumb Code     0  libinit2.o(.ARM.Collect$$libinit$$00000030)
    __rt_lib_init_fp_trap_1                  0x0800020f   Thumb Code     0  libinit2.o(.ARM.Collect$$libinit$$0000001F)
    __rt_lib_init_getenv_1                   0x0800020f   Thumb Code     0  libinit2.o(.ARM.Collect$$libinit$$00000023)
    __rt_lib_init_lc_numeric_1               0x0800020f   Thumb Code     0  libinit2.o(.ARM.Collect$$libinit$$00000017)
    __rt_lib_init_lc_time_1                  0x0800020f   Thumb Code     0  libinit2.o(.ARM.Collect$$libinit$$00000019)
    __rt_lib_init_return                     0x0800020f   Thumb Code     0  libinit2.o(.ARM.Collect$$libinit$$00000033)
    __rt_lib_init_signal_1                   0x0800020f   Thumb Code     0  libinit2.o(.ARM.Collect$$libinit$$0000001D)
    __rt_lib_init_stdio_1                    0x0800020f   Thumb Code     0  libinit2.o(.ARM.Collect$$libinit$$00000025)
    __rt_lib_shutdown                        0x08000211   Thumb Code     0  libshutdown.o(.ARM.Collect$$libshutdown$$00000000)
    __rt_lib_shutdown_cpp_1                  0x08000213   Thumb Code     0  libshutdown2.o(.ARM.Collect$$libshutdown$$00000002)
    __rt_lib_shutdown_fp_trap_1              0x08000213   Thumb Code     0  libshutdown2.o(.ARM.Collect$$libshutdown$$00000007)
    __rt_lib_shutdown_heap_1                 0x08000213   Thumb Code     0  libshutdown2.o(.ARM.Collect$$libshutdown$$0000000F)
    __rt_lib_shutdown_return                 0x08000213   Thumb Code     0  libshutdown2.o(.ARM.Collect$$libshutdown$$00000010)
    __rt_lib_shutdown_signal_1               0x08000213   Thumb Code     0  libshutdown2.o(.ARM.Collect$$libshutdown$$0000000A)
    __rt_lib_shutdown_stdio_1                0x08000213   Thumb Code     0  libshutdown2.o(.ARM.Collect$$libshutdown$$00000004)
    __rt_lib_shutdown_user_alloc_1           0x08000213   Thumb Code     0  libshutdown2.o(.ARM.Collect$$libshutdown$$0000000C)
    __rt_entry                               0x08000215   Thumb Code     0  __rtentry.o(.ARM.Collect$$rtentry$$00000000)
    __rt_entry_presh_1                       0x08000215   Thumb Code     0  __rtentry2.o(.ARM.Collect$$rtentry$$00000002)
    __rt_entry_sh                            0x08000215   Thumb Code     0  __rtentry4.o(.ARM.Collect$$rtentry$$00000004)
    __rt_entry_li                            0x0800021b   Thumb Code     0  __rtentry2.o(.ARM.Collect$$rtentry$$0000000A)
    __rt_entry_postsh_1                      0x0800021b   Thumb Code     0  __rtentry2.o(.ARM.Collect$$rtentry$$00000009)
    __rt_entry_main                          0x0800021f   Thumb Code     0  __rtentry2.o(.ARM.Collect$$rtentry$$0000000D)
    __rt_entry_postli_1                      0x0800021f   Thumb Code     0  __rtentry2.o(.ARM.Collect$$rtentry$$0000000C)
    __rt_exit                                0x08000227   Thumb Code     0  rtexit.o(.ARM.Collect$$rtexit$$00000000)
    __rt_exit_ls                             0x08000229   Thumb Code     0  rtexit2.o(.ARM.Collect$$rtexit$$00000003)
    __rt_exit_prels_1                        0x08000229   Thumb Code     0  rtexit2.o(.ARM.Collect$$rtexit$$00000002)
    __rt_exit_exit                           0x0800022d   Thumb Code     0  rtexit2.o(.ARM.Collect$$rtexit$$00000004)
    osSchedulerLaunch                        0x08000235   Thumb Code     0  os_1.o(.TEXT)
    PendSV_Handler                           0x08000253   Thumb Code     0  os_1.o(.TEXT)
    Reset_Handler                            0x0800027d   Thumb Code     8  startup_stm32f10x_md.o(.text)
    NMI_Handler                              0x08000285   Thumb Code     2  startup_stm32f10x_md.o(.text)
    HardFault_Handler                        0x08000287   Thumb Code     2  startup_stm32f10x_md.o(.text)
    MemManage_Handler                        0x08000289   Thumb Code     2  startup_stm32f10x_md.o(.text)
    BusFault_Handler                         0x0800028b   Thumb Code     2  startup_stm32f10x_md.o(.text)
    UsageFault_Handler                       0x0800028d   Thumb Code     2  startup_stm32f10x_md.o(.text)
    SVC_Handler                              0x0800028f   Thumb Code     2  startup_stm32f10x_md.o(.text)
    DebugMon_Handler                         0x08000291   Thumb Code     2  startup_stm32f10x_md.o(.text)
    ADC1_2_IRQHandler                        0x08000297   Thumb Code     0  startup_stm32f10x_md.o(.text)
    CAN1_RX1_IRQHandler                      0x08000297   Thumb Code     0  startup_stm32f10x_md.o(.text)
    CAN1_SCE_IRQHandler                      0x08000297   Thumb Code     0  startup_stm32f10x_md.o(.text)
    DMA1_Channel1_IRQHandler                 0x08000297   Thumb Code     0  startup_stm32f10x_md.o(.text)
    DMA1_Channel2_IRQHandler                 0x08000297   Thumb Code     0  startup_stm32f10x_md.o(.text)
    DMA1_Channel3_IRQHandler                 0x08000297   Thumb Code     0  startup_stm32f10x_md.o(.text)
    DMA1_Channel4_IRQHandler                 0x08000297   Thumb Code     0  startup_stm32f10x_md.o(.text)
    DMA1_Channel5_IRQHandler                 0x08000297   Thumb Code     0  startup_stm32f10x_md.o(.text)
    DMA1_Channel6_IRQHandler                 0x08000297   Thumb Code     0  startup_stm32f10x_md.o(.text)
    DMA1_Channel7_IRQHandler                 0x08000297   Thumb Code     0  startup_stm32f10x_md.o(.text)
    EXTI0_IRQHandler                         0x08000297   Thumb Code     0  startup_stm32f10x_md.o(.text)
    EXTI15_10_IRQHandler                     0x08000297   Thumb Code     0  startup_stm32f10x_md.o(.text)
    EXTI1_IRQHandler                         0x08000297   Thumb Code     0  startup_stm32f10x_md.o(.text)
    EXTI2_IRQHandler                         0x08000297   Thumb Code     0  startup_stm32f10x_md.o(.text)
    EXTI3_IRQHandler                         0x08000297   Thumb Code     0  startup_stm32f10x_md.o(.text)
    EXTI4_IRQHandler                         0x08000297   Thumb Code     0  startup_stm32f10x_md.o(.text)
    EXTI9_5_IRQHandler                       0x08000297   Thumb Code     0  startup_stm32f10x_md.o(.text)
    FLASH_IRQHandler                         0x08000297   Thumb Code     0  startup_stm32f10x_md.o(.text)
    I2C1_ER_IRQHandler                       0x08000297   Thumb Code     0  startup_stm32f10x_md.o(.text)
    I2C1_EV_IRQHandler                       0x08000297   Thumb Code     0  startup_stm32f10x_md.o(.text)
    I2C2_ER_IRQHandler                       0x08000297   Thumb Code     0  startup_stm32f10x_md.o(.text)
    I2C2_EV_IRQHandler                       0x08000297   Thumb Code     0  startup_stm32f10x_md.o(.text)
    PVD_IRQHandler                           0x08000297   Thumb Code     0  startup_stm32f10x_md.o(.text)
    RCC_IRQHandler                           0x08000297   Thumb Code     0  startup_stm32f10x_md.o(.text)
    RTCAlarm_IRQHandler                      0x08000297   Thumb Code     0  startup_stm32f10x_md.o(.text)
    RTC_IRQHandler                           0x08000297   Thumb Code     0  startup_stm32f10x_md.o(.text)
    SPI1_IRQHandler                          0x08000297   Thumb Code     0  startup_stm32f10x_md.o(.text)
    SPI2_IRQHandler                          0x08000297   Thumb Code     0  startup_stm32f10x_md.o(.text)
    TAMPER_IRQHandler                        0x08000297   Thumb Code     0  startup_stm32f10x_md.o(.text)
    TIM1_BRK_IRQHandler                      0x08000297   Thumb Code     0  startup_stm32f10x_md.o(.text)
    TIM1_CC_IRQHandler                       0x08000297   Thumb Code     0  startup_stm32f10x_md.o(.text)
    TIM1_TRG_COM_IRQHandler                  0x08000297   Thumb Code     0  startup_stm32f10x_md.o(.text)
    TIM1_UP_IRQHandler                       0x08000297   Thumb Code     0  startup_stm32f10x_md.o(.text)
    TIM3_IRQHandler                          0x08000297   Thumb Code     0  startup_stm32f10x_md.o(.text)
    TIM4_IRQHandler                          0x08000297   Thumb Code     0  startup_stm32f10x_md.o(.text)
    USART1_IRQHandler                        0x08000297   Thumb Code     0  startup_stm32f10x_md.o(.text)
    USART2_IRQHandler                        0x08000297   Thumb Code     0  startup_stm32f10x_md.o(.text)
    USART3_IRQHandler                        0x08000297   Thumb Code     0  startup_stm32f10x_md.o(.text)
    USBWakeUp_IRQHandler                     0x08000297   Thumb Code     0  startup_stm32f10x_md.o(.text)
    USB_HP_CAN1_TX_IRQHandler                0x08000297   Thumb Code     0  startup_stm32f10x_md.o(.text)
    USB_LP_CAN1_RX0_IRQHandler               0x08000297   Thumb Code     0  startup_stm32f10x_md.o(.text)
    WWDG_IRQHandler                          0x08000297   Thumb Code     0  startup_stm32f10x_md.o(.text)
    __user_initial_stackheap                 0x08000299   Thumb Code     0  startup_stm32f10x_md.o(.text)
    vsnprintf                                0x080002bd   Thumb Code    48  vsnprintf.o(.text)
    __2sprintf                               0x080002f1   Thumb Code    38  __2sprintf.o(.text)
    _printf_int_dec                          0x0800031d   Thumb Code   104  _printf_dec.o(.text)
    __printf                                 0x08000395   Thumb Code   388  __printf_flags_ss_wp.o(.text)
    strcpy                                   0x0800051d   Thumb Code    72  strcpy.o(.text)
    strlen                                   0x08000565   Thumb Code    62  strlen.o(.text)
    __use_two_region_memory                  0x080005a3   Thumb Code     2  heapauxi.o(.text)
    __rt_heap_escrow$2region                 0x080005a5   Thumb Code     2  heapauxi.o(.text)
    __rt_heap_expand$2region                 0x080005a7   Thumb Code     2  heapauxi.o(.text)
    _printf_pre_padding                      0x080005a9   Thumb Code    44  _printf_pad.o(.text)
    _printf_post_padding                     0x080005d5   Thumb Code    34  _printf_pad.o(.text)
    _printf_truncate_signed                  0x080005f7   Thumb Code    18  _printf_truncate.o(.text)
    _printf_truncate_unsigned                0x08000609   Thumb Code    18  _printf_truncate.o(.text)
    _printf_str                              0x0800061b   Thumb Code    82  _printf_str.o(.text)
    _printf_int_common                       0x0800066d   Thumb Code   178  _printf_intcommon.o(.text)
    _printf_charcount                        0x0800071f   Thumb Code    40  _printf_charcount.o(.text)
    _printf_char_common                      0x08000753   Thumb Code    32  _printf_char_common.o(.text)
    _sputc                                   0x08000779   Thumb Code    10  _sputc.o(.text)
    _snputc                                  0x08000783   Thumb Code    16  _snputc.o(.text)
    _printf_wctomb                           0x08000795   Thumb Code   182  _printf_wctomb.o(.text)
    _printf_longlong_dec                     0x08000851   Thumb Code   108  _printf_longlong_dec.o(.text)
    _printf_longlong_oct                     0x080008cd   Thumb Code    66  _printf_oct_int_ll.o(.text)
    _printf_int_oct                          0x0800090f   Thumb Code    24  _printf_oct_int_ll.o(.text)
    _printf_ll_oct                           0x08000927   Thumb Code    12  _printf_oct_int_ll.o(.text)
    _printf_longlong_hex                     0x0800093d   Thumb Code    86  _printf_hex_int_ll_ptr.o(.text)
    _printf_int_hex                          0x08000993   Thumb Code    28  _printf_hex_int_ll_ptr.o(.text)
    _printf_ll_hex                           0x080009af   Thumb Code    12  _printf_hex_int_ll_ptr.o(.text)
    _printf_hex_ptr                          0x080009bb   Thumb Code    18  _printf_hex_int_ll_ptr.o(.text)
    _ll_udiv10                               0x080009d1   Thumb Code   138  lludiv10.o(.text)
    __lib_sel_fp_printf                      0x08000a5b   Thumb Code     2  _printf_fp_dec.o(.text)
    _printf_fp_dec_real                      0x08000c0d   Thumb Code   620  _printf_fp_dec.o(.text)
    _printf_fp_hex_real                      0x08000e79   Thumb Code   756  _printf_fp_hex.o(.text)
    _printf_cs_common                        0x08001175   Thumb Code    20  _printf_char.o(.text)
    _printf_char                             0x08001189   Thumb Code    16  _printf_char.o(.text)
    _printf_string                           0x08001199   Thumb Code     8  _printf_char.o(.text)
    _printf_lcs_common                       0x080011a1   Thumb Code    20  _printf_wchar.o(.text)
    _printf_wchar                            0x080011b5   Thumb Code    16  _printf_wchar.o(.text)
    _printf_wstring                          0x080011c5   Thumb Code     8  _printf_wchar.o(.text)
    _wcrtomb                                 0x080011cd   Thumb Code    64  _wcrtomb.o(.text)
    __user_setup_stackheap                   0x0800120d   Thumb Code    74  sys_stackheap_outer.o(.text)
    __rt_ctype_table                         0x08001259   Thumb Code    16  rt_ctype_table.o(.text)
    __rt_locale                              0x08001269   Thumb Code     8  rt_locale_intlibspace.o(.text)
    _printf_fp_infnan                        0x08001271   Thumb Code   112  _printf_fp_infnan.o(.text)
    _btod_etento                             0x080012f1   Thumb Code   224  bigflt0.o(.text)
    exit                                     0x080013d5   Thumb Code    18  exit.o(.text)
    __user_libspace                          0x080013e9   Thumb Code     8  libspace.o(.text)
    __user_perproc_libspace                  0x080013e9   Thumb Code     0  libspace.o(.text)
    __user_perthread_libspace                0x080013e9   Thumb Code     0  libspace.o(.text)
    strcmp                                   0x080013f1   Thumb Code   128  strcmpv7m.o(.text)
    _sys_exit                                0x08001471   Thumb Code     8  sys_exit.o(.text)
    __I$use$semihosting                      0x0800147d   Thumb Code     0  use_no_semi.o(.text)
    __use_no_semihosting_swi                 0x0800147d   Thumb Code     2  use_no_semi.o(.text)
    __semihosting_library_function           0x0800147f   Thumb Code     0  indicate_semi.o(.text)
    _btod_d2e                                0x0800147f   Thumb Code    62  btod.o(CL$$btod_d2e)
    _d2e_denorm_low                          0x080014bd   Thumb Code    70  btod.o(CL$$btod_d2e_denorm_low)
    _d2e_norm_op1                            0x08001503   Thumb Code    96  btod.o(CL$$btod_d2e_norm_op1)
    __btod_div_common                        0x08001563   Thumb Code   696  btod.o(CL$$btod_div_common)
    _e2e                                     0x0800189b   Thumb Code   220  btod.o(CL$$btod_e2e)
    _btod_ediv                               0x08001977   Thumb Code    42  btod.o(CL$$btod_ediv)
    _btod_emul                               0x080019a1   Thumb Code    42  btod.o(CL$$btod_emul)
    __btod_mult_common                       0x080019cb   Thumb Code   580  btod.o(CL$$btod_mult_common)
    ADC_Differential_Init                    0x08001c0f   Thumb Code   126  adc.o(i.ADC_Differential_Init)
    ADC_Differential_Read                    0x08001c8d   Thumb Code    28  adc.o(i.ADC_Differential_Read)
    ADC_GPIO_Measurement_Range               0x08001ca9   Thumb Code   112  adc.o(i.ADC_GPIO_Measurement_Range)
    ADC_GPIO_Reset                           0x08001d25   Thumb Code    40  adc.o(i.ADC_GPIO_Reset)
    ADC_Range1_Resistance                    0x08001d59   Thumb Code   108  adc.o(i.ADC_Range1_Resistance)
    ADC_Range2_Resistance                    0x08001de1   Thumb Code   108  adc.o(i.ADC_Range2_Resistance)
    ADC_Range3_Resistance                    0x08001e69   Thumb Code   108  adc.o(i.ADC_Range3_Resistance)
    ADC_Range4_Resistance                    0x08001ef1   Thumb Code    86  adc.o(i.ADC_Range4_Resistance)
    ADC_Range5_Resistance                    0x08001f5d   Thumb Code    84  adc.o(i.ADC_Range5_Resistance)
    ADC_Range6_Resistance                    0x08001fc5   Thumb Code   210  adc.o(i.ADC_Range6_Resistance)
    ADC_Range7_Resistance                    0x080020b9   Thumb Code   208  adc.o(i.ADC_Range7_Resistance)
    ADC_Single_Init                          0x080021a9   Thumb Code   134  adc.o(i.ADC_Single_Init)
    Button_GPIO_Init                         0x08002231   Thumb Code    54  button.o(i.Button_GPIO_Init)
    Check_Button                             0x0800226d   Thumb Code   394  main.o(i.Check_Button)
    DMA_DeInit                               0x08002409   Thumb Code   324  stm32f10x_dma.o(i.DMA_DeInit)
    DMA_Init                                 0x08002555   Thumb Code    60  stm32f10x_dma.o(i.DMA_Init)
    Display_Init                             0x08002591   Thumb Code  1272  main.o(i.Display_Init)
    Draw_Display                             0x08002a89   Thumb Code   660  main.o(i.Draw_Display)
    FLASH_PrefetchBufferCmd                  0x08002df1   Thumb Code    22  stm32f10x_flash.o(i.FLASH_PrefetchBufferCmd)
    FLASH_SetLatency                         0x08002e0d   Thumb Code    18  stm32f10x_flash.o(i.FLASH_SetLatency)
    GPIO_Init                                0x08002e25   Thumb Code   278  stm32f10x_gpio.o(i.GPIO_Init)
    GPIO_PinRemapConfig                      0x08002f3d   Thumb Code   138  stm32f10x_gpio.o(i.GPIO_PinRemapConfig)
    GPIO_ReadInputDataBit                    0x08002fcd   Thumb Code    18  stm32f10x_gpio.o(i.GPIO_ReadInputDataBit)
    GPIO_ResetBits                           0x08002fdf   Thumb Code     4  stm32f10x_gpio.o(i.GPIO_ResetBits)
    GPIO_SetBits                             0x08002fe3   Thumb Code     4  stm32f10x_gpio.o(i.GPIO_SetBits)
    I2C_AcknowledgeConfig                    0x08002fe7   Thumb Code    24  stm32f10x_i2c.o(i.I2C_AcknowledgeConfig)
    I2C_CheckEvent                           0x08002fff   Thumb Code    42  stm32f10x_i2c.o(i.I2C_CheckEvent)
    I2C_Cmd                                  0x08003029   Thumb Code    24  stm32f10x_i2c.o(i.I2C_Cmd)
    I2C_DeInit                               0x08003041   Thumb Code    50  stm32f10x_i2c.o(i.I2C_DeInit)
    I2C_GenerateSTART                        0x08003079   Thumb Code    24  stm32f10x_i2c.o(i.I2C_GenerateSTART)
    I2C_GenerateSTOP                         0x08003091   Thumb Code    24  stm32f10x_i2c.o(i.I2C_GenerateSTOP)
    I2C_GetFlagStatus                        0x080030a9   Thumb Code    58  stm32f10x_i2c.o(i.I2C_GetFlagStatus)
    I2C_Init                                 0x080030e5   Thumb Code   222  stm32f10x_i2c.o(i.I2C_Init)
    I2C_ReceiveData                          0x080031d1   Thumb Code     8  stm32f10x_i2c.o(i.I2C_ReceiveData)
    I2C_Send7bitAddress                      0x080031d9   Thumb Code    18  stm32f10x_i2c.o(i.I2C_Send7bitAddress)
    I2C_SendData                             0x080031eb   Thumb Code     4  stm32f10x_i2c.o(i.I2C_SendData)
    IIC2_Init                                0x080031f1   Thumb Code   148  iic.o(i.IIC2_Init)
    IIC2_Read                                0x08003291   Thumb Code   222  iic.o(i.IIC2_Read)
    IIC2_Write                               0x0800337d   Thumb Code   154  iic.o(i.IIC2_Write)
    ILI9341_DrawChar                         0x08003425   Thumb Code   166  tft.o(i.ILI9341_DrawChar)
    ILI9341_DrawLine                         0x080034d1   Thumb Code   160  tft.o(i.ILI9341_DrawLine)
    ILI9341_DrawPixel                        0x08003571   Thumb Code    72  tft.o(i.ILI9341_DrawPixel)
    ILI9341_DrawRectangle                    0x080035bd   Thumb Code   164  tft.o(i.ILI9341_DrawRectangle)
    ILI9341_DrawText                         0x08003665   Thumb Code    54  tft.o(i.ILI9341_DrawText)
    ILI9341_FillScreen                       0x0800369d   Thumb Code    70  tft.o(i.ILI9341_FillScreen)
    ILI9341_Init                             0x080036e9   Thumb Code   362  tft.o(i.ILI9341_Init)
    ILI9341_Reset                            0x08003855   Thumb Code    44  tft.o(i.ILI9341_Reset)
    ILI9341_SendCommand                      0x08003885   Thumb Code    36  tft.o(i.ILI9341_SendCommand)
    ILI9341_SendData                         0x080038ad   Thumb Code    36  tft.o(i.ILI9341_SendData)
    ILI9341_SetAddressWindow                 0x080038d5   Thumb Code    82  tft.o(i.ILI9341_SetAddressWindow)
    NVIC_Init                                0x08003929   Thumb Code   100  misc.o(i.NVIC_Init)
    RCC_AHBPeriphClockCmd                    0x08003999   Thumb Code    26  stm32f10x_rcc.o(i.RCC_AHBPeriphClockCmd)
    RCC_APB1PeriphClockCmd                   0x080039b9   Thumb Code    26  stm32f10x_rcc.o(i.RCC_APB1PeriphClockCmd)
    RCC_APB1PeriphResetCmd                   0x080039d9   Thumb Code    26  stm32f10x_rcc.o(i.RCC_APB1PeriphResetCmd)
    RCC_APB2PeriphClockCmd                   0x080039f9   Thumb Code    26  stm32f10x_rcc.o(i.RCC_APB2PeriphClockCmd)
    RCC_Clock_Init                           0x08003a19   Thumb Code   122  main.o(i.RCC_Clock_Init)
    RCC_GetClocksFreq                        0x08003a9d   Thumb Code   192  stm32f10x_rcc.o(i.RCC_GetClocksFreq)
    RCC_GetFlagStatus                        0x08003b71   Thumb Code    56  stm32f10x_rcc.o(i.RCC_GetFlagStatus)
    RCC_GetSYSCLKSource                      0x08003bad   Thumb Code    10  stm32f10x_rcc.o(i.RCC_GetSYSCLKSource)
    RCC_HCLKConfig                           0x08003bbd   Thumb Code    18  stm32f10x_rcc.o(i.RCC_HCLKConfig)
    RCC_HSEConfig                            0x08003bd5   Thumb Code    70  stm32f10x_rcc.o(i.RCC_HSEConfig)
    RCC_PCLK1Config                          0x08003c21   Thumb Code    18  stm32f10x_rcc.o(i.RCC_PCLK1Config)
    RCC_PCLK2Config                          0x08003c39   Thumb Code    20  stm32f10x_rcc.o(i.RCC_PCLK2Config)
    RCC_PLLCmd                               0x08003c51   Thumb Code     6  stm32f10x_rcc.o(i.RCC_PLLCmd)
    RCC_PLLConfig                            0x08003c5d   Thumb Code    24  stm32f10x_rcc.o(i.RCC_PLLConfig)
    RCC_SYSCLKConfig                         0x08003c79   Thumb Code    18  stm32f10x_rcc.o(i.RCC_SYSCLKConfig)
    Read_Sensor                              0x08003c91   Thumb Code   306  main.o(i.Read_Sensor)
    SPI_Cmd                                  0x08003de9   Thumb Code    24  stm32f10x_spi.o(i.SPI_Cmd)
    SPI_I2S_DMACmd                           0x08003e01   Thumb Code    18  stm32f10x_spi.o(i.SPI_I2S_DMACmd)
    SPI_I2S_GetFlagStatus                    0x08003e13   Thumb Code    18  stm32f10x_spi.o(i.SPI_I2S_GetFlagStatus)
    SPI_I2S_ReceiveData                      0x08003e25   Thumb Code     6  stm32f10x_spi.o(i.SPI_I2S_ReceiveData)
    SPI_I2S_SendData                         0x08003e2b   Thumb Code     4  stm32f10x_spi.o(i.SPI_I2S_SendData)
    SPI_Init                                 0x08003e2f   Thumb Code    60  stm32f10x_spi.o(i.SPI_Init)
    Spi1_Init                                0x08003f55   Thumb Code   222  spi1.o(i.Spi1_Init)
    Spi1_ReceiveByte                         0x08004041   Thumb Code    10  spi1.o(i.Spi1_ReceiveByte)
    Spi1_SendByte                            0x0800404d   Thumb Code    50  spi1.o(i.Spi1_SendByte)
    Spi1_SetSpeed                            0x08004085   Thumb Code    34  spi1.o(i.Spi1_SetSpeed)
    SysTick_Handler                          0x080040ad   Thumb Code    14  os.o(i.SysTick_Handler)
    SystemInit                               0x080040c1   Thumb Code    78  system_stm32f10x.o(i.SystemInit)
    TIM2_IRQHandler                          0x08004121   Thumb Code    74  os.o(i.TIM2_IRQHandler)
    TIM_ClearITPendingBit                    0x08004175   Thumb Code     6  stm32f10x_tim.o(i.TIM_ClearITPendingBit)
    TIM_Cmd                                  0x0800417b   Thumb Code    24  stm32f10x_tim.o(i.TIM_Cmd)
    TIM_GetITStatus                          0x08004193   Thumb Code    34  stm32f10x_tim.o(i.TIM_GetITStatus)
    TIM_ITConfig                             0x080041b5   Thumb Code    18  stm32f10x_tim.o(i.TIM_ITConfig)
    TIM_TimeBaseInit                         0x080041c9   Thumb Code   122  stm32f10x_tim.o(i.TIM_TimeBaseInit)
    Timer2_Init                              0x0800426d   Thumb Code    96  timer.o(i.Timer2_Init)
    Timer3_Delay_ms                          0x080042cd   Thumb Code    26  timer.o(i.Timer3_Delay_ms)
    Timer3_Delay_us                          0x080042e9   Thumb Code    18  timer.o(i.Timer3_Delay_us)
    Timer3_Init                              0x08004301   Thumb Code    58  timer.o(i.Timer3_Init)
    Touch_Init                               0x08004341   Thumb Code    64  touch.o(i.Touch_Init)
    Touch_Input                              0x08004389   Thumb Code   318  main.o(i.Touch_Input)
    Touch_IsPressed                          0x080044dd   Thumb Code    20  touch.o(i.Touch_IsPressed)
    Touch_ReadPixelXY                        0x080044f5   Thumb Code   104  touch.o(i.Touch_ReadPixelXY)
    Transmit_To_PC                           0x0800455d   Thumb Code   356  main.o(i.Transmit_To_PC)
    USART_Cmd                                0x0800473d   Thumb Code    24  stm32f10x_usart.o(i.USART_Cmd)
    USART_GetFlagStatus                      0x08004755   Thumb Code    26  stm32f10x_usart.o(i.USART_GetFlagStatus)
    USART_Init                               0x08004771   Thumb Code   210  stm32f10x_usart.o(i.USART_Init)
    USART_SendData                           0x08004849   Thumb Code     8  stm32f10x_usart.o(i.USART_SendData)
    Usart1_GPIO_Init                         0x08004851   Thumb Code    68  com.o(i.Usart1_GPIO_Init)
    Usart1_Init                              0x08004899   Thumb Code    98  com.o(i.Usart1_Init)
    Usart1_SendChar                          0x08004901   Thumb Code    28  com.o(i.Usart1_SendChar)
    Usart1_SendString                        0x08004921   Thumb Code    22  com.o(i.Usart1_SendString)
    Usart_printf                             0x08004937   Thumb Code    38  com.o(i.Usart_printf)
    XPT2046_ReadChannel                      0x0800495d   Thumb Code    66  touch.o(i.XPT2046_ReadChannel)
    __ARM_fpclassify                         0x080049a5   Thumb Code    40  fpclassify.o(i.__ARM_fpclassify)
    _is_digit                                0x080049cd   Thumb Code    14  __printf_wp.o(i._is_digit)
    draw7Segment                             0x080049db   Thumb Code   884  tft.o(i.draw7Segment)
    drawDot                                  0x08004d4f   Thumb Code    24  tft.o(i.drawDot)
    float_to_string                          0x08004d69   Thumb Code   150  com.o(i.float_to_string)
    main                                     0x08004e11   Thumb Code   504  main.o(i.main)
    osCooperative_Wait                       0x08005089   Thumb Code    32  os.o(i.osCooperative_Wait)
    osKernelAdd1Thread                       0x080050a9   Thumb Code   172  os.o(i.osKernelAdd1Thread)
    osKernelInit                             0x08005165   Thumb Code     8  os.o(i.osKernelInit)
    osKernelLaunch                           0x08005175   Thumb Code   106  os.o(i.osKernelLaunch)
    osKernelStackInit                        0x080051ed   Thumb Code   280  os.o(i.osKernelStackInit)
    osSchedulerRoundRobin                    0x0800530d   Thumb Code    34  os.o(i.osSchedulerRoundRobin)
    osSemaphore_Give                         0x08005335   Thumb Code    22  os.o(i.osSemaphore_Give)
    osSemaphore_Init                         0x0800534b   Thumb Code     4  os.o(i.osSemaphore_Init)
    osThreadYield                            0x08005351   Thumb Code    22  os.o(i.osThreadYield)
    osThreadsSleep                           0x0800536d   Thumb Code    20  os.o(i.osThreadsSleep)
    tach_4_chu_so_dau                        0x08005385   Thumb Code   188  main.o(i.tach_4_chu_so_dau)
    _get_lc_numeric                          0x08005445   Thumb Code    44  lc_numeric_c.o(locale$$code)
    _get_lc_ctype                            0x08005471   Thumb Code    44  lc_ctype_c.o(locale$$code)
    __aeabi_d2f                              0x0800549d   Thumb Code     0  d2f.o(x$fpl$d2f)
    _d2f                                     0x0800549d   Thumb Code    98  d2f.o(x$fpl$d2f)
    __aeabi_dadd                             0x08005501   Thumb Code     0  daddsub_clz.o(x$fpl$dadd)
    _dadd                                    0x08005501   Thumb Code   332  daddsub_clz.o(x$fpl$dadd)
    __fpl_dcmp_Inf                           0x08005651   Thumb Code    24  dcmpi.o(x$fpl$dcmpinf)
    __aeabi_ddiv                             0x08005669   Thumb Code     0  ddiv.o(x$fpl$ddiv)
    _ddiv                                    0x08005669   Thumb Code   552  ddiv.o(x$fpl$ddiv)
    __aeabi_i2d                              0x08005919   Thumb Code     0  dflt_clz.o(x$fpl$dflt)
    _dflt                                    0x08005919   Thumb Code    46  dflt_clz.o(x$fpl$dflt)
    __aeabi_cdcmple                          0x08005949   Thumb Code     0  dleqf.o(x$fpl$dleqf)
    _dcmple                                  0x08005949   Thumb Code   120  dleqf.o(x$fpl$dleqf)
    __fpl_dcmple_InfNaN                      0x080059ab   Thumb Code     0  dleqf.o(x$fpl$dleqf)
    __aeabi_dmul                             0x080059c1   Thumb Code     0  dmul.o(x$fpl$dmul)
    _dmul                                    0x080059c1   Thumb Code   332  dmul.o(x$fpl$dmul)
    __fpl_dnaninf                            0x08005b15   Thumb Code   156  dnaninf.o(x$fpl$dnaninf)
    __fpl_dretinf                            0x08005bb1   Thumb Code    12  dretinf.o(x$fpl$dretinf)
    __aeabi_cdrcmple                         0x08005bbd   Thumb Code     0  drleqf.o(x$fpl$drleqf)
    _drcmple                                 0x08005bbd   Thumb Code   108  drleqf.o(x$fpl$drleqf)
    __aeabi_dsub                             0x08005c29   Thumb Code     0  daddsub_clz.o(x$fpl$dsub)
    _dsub                                    0x08005c29   Thumb Code   464  daddsub_clz.o(x$fpl$dsub)
    __aeabi_f2d                              0x08005dfd   Thumb Code     0  f2d.o(x$fpl$f2d)
    _f2d                                     0x08005dfd   Thumb Code    86  f2d.o(x$fpl$f2d)
    __aeabi_fadd                             0x08005e55   Thumb Code     0  faddsub_clz.o(x$fpl$fadd)
    _fadd                                    0x08005e55   Thumb Code   196  faddsub_clz.o(x$fpl$fadd)
    __fpl_fcmp_Inf                           0x08005f19   Thumb Code    24  fcmpi.o(x$fpl$fcmpinf)
    __aeabi_fdiv                             0x08005f31   Thumb Code     0  fdiv.o(x$fpl$fdiv)
    _fdiv                                    0x08005f31   Thumb Code   384  fdiv.o(x$fpl$fdiv)
    __aeabi_cfcmpeq                          0x080060b5   Thumb Code     0  feqf.o(x$fpl$feqf)
    _fcmpeq                                  0x080060b5   Thumb Code   104  feqf.o(x$fpl$feqf)
    __aeabi_f2iz                             0x0800611d   Thumb Code     0  ffix.o(x$fpl$ffix)
    _ffix                                    0x0800611d   Thumb Code    54  ffix.o(x$fpl$ffix)
    __aeabi_f2uiz                            0x08006155   Thumb Code     0  ffixu.o(x$fpl$ffixu)
    _ffixu                                   0x08006155   Thumb Code    62  ffixu.o(x$fpl$ffixu)
    __aeabi_i2f                              0x08006195   Thumb Code     0  fflt_clz.o(x$fpl$fflt)
    _fflt                                    0x08006195   Thumb Code    48  fflt_clz.o(x$fpl$fflt)
    __aeabi_ui2f                             0x080061c5   Thumb Code     0  fflt_clz.o(x$fpl$ffltu)
    _ffltu                                   0x080061c5   Thumb Code    38  fflt_clz.o(x$fpl$ffltu)
    __aeabi_cfcmple                          0x080061ed   Thumb Code     0  fleqf.o(x$fpl$fleqf)
    _fcmple                                  0x080061ed   Thumb Code   104  fleqf.o(x$fpl$fleqf)
    __fpl_fcmple_InfNaN                      0x0800623f   Thumb Code     0  fleqf.o(x$fpl$fleqf)
    __aeabi_fmul                             0x08006255   Thumb Code     0  fmul.o(x$fpl$fmul)
    _fmul                                    0x08006255   Thumb Code   258  fmul.o(x$fpl$fmul)
    __fpl_fnaninf                            0x08006357   Thumb Code   140  fnaninf.o(x$fpl$fnaninf)
    __fpl_fretinf                            0x080063e3   Thumb Code    10  fretinf.o(x$fpl$fretinf)
    __aeabi_cfrcmple                         0x080063ed   Thumb Code     0  frleqf.o(x$fpl$frleqf)
    _frcmple                                 0x080063ed   Thumb Code    98  frleqf.o(x$fpl$frleqf)
    __aeabi_frsub                            0x0800644f   Thumb Code     0  faddsub_clz.o(x$fpl$frsb)
    _frsb                                    0x0800644f   Thumb Code    20  faddsub_clz.o(x$fpl$frsb)
    __aeabi_fsub                             0x08006465   Thumb Code     0  faddsub_clz.o(x$fpl$fsub)
    _fsub                                    0x08006465   Thumb Code   234  faddsub_clz.o(x$fpl$fsub)
    _printf_fp_dec                           0x0800654f   Thumb Code     4  printf1.o(x$fpl$printf1)
    _printf_fp_hex                           0x08006553   Thumb Code     4  printf2.o(x$fpl$printf2)
    __I$use$fp                               0x08006556   Number         0  usenofp.o(x$fpl$usenofp)
    font5x8                                  0x08006556   Data         455  fonts.o(.constdata)
    Region$$Table$$Base                      0x0800681c   Number         0  anon$$obj.o(Region$$Table)
    Region$$Table$$Limit                     0x0800683c   Number         0  anon$$obj.o(Region$$Table)
    __ctype                                  0x08006865   Data           0  lc_ctype_c.o(locale$$data)
    MILLIS_PRESCALER                         0x20000000   Data           4  os.o(.data)
    currentPt                                0x20000004   Data           4  os.o(.data)
    current_num_of_thread                    0x20000008   Data           4  os.o(.data)
    edge_semaphore                           0x2000000c   Data           4  os.o(.data)
    res                                      0x20000010   Data           4  main.o(.data)
    Sema_COM                                 0x20000014   Data           1  main.o(.data)
    Sema_SD                                  0x20000015   Data           1  main.o(.data)
    Sema_TFT                                 0x20000016   Data           1  main.o(.data)
    Sema_TOUCH                               0x20000017   Data           1  main.o(.data)
    X_Coordinate                             0x20000018   Data           1  main.o(.data)
    Y_Coordinate                             0x20000019   Data           1  main.o(.data)
    device                                   0x2000001a   Data           7  main.o(.data)
    axis_x                                   0x20000022   Data           2  main.o(.data)
    axis_y                                   0x20000024   Data           2  main.o(.data)
    tcbs                                     0x2000003c   Data          72  os.o(.bss)
    TCB_STACK                                0x20000084   Data        6000  os.o(.bss)
    __libspace_start                         0x20001814   Data          96  libspace.o(.bss)
    __temporary_stack_top$libspace           0x20001874   Data           0  libspace.o(.bss)



==============================================================================

Memory Map of the image

  Image Entry point : 0x080000ed

  Load Region LR_IROM1 (Base: 0x08000000, Size: 0x000069a4, Max: 0x00010000, ABSOLUTE)

    Execution Region ER_IROM1 (Exec base: 0x08000000, Load base: 0x08000000, Size: 0x00006968, Max: 0x00010000, ABSOLUTE)

    Exec Addr    Load Addr    Size         Type   Attr      Idx    E Section Name        Object

    0x08000000   0x08000000   0x000000ec   Data   RO         2718    RESET               startup_stm32f10x_md.o
    0x080000ec   0x080000ec   0x00000008   Code   RO         2809  * !!!main             c_w.l(__main.o)
    0x080000f4   0x080000f4   0x00000034   Code   RO         3176    !!!scatter          c_w.l(__scatter.o)
    0x08000128   0x08000128   0x0000001a   Code   RO         3178    !!handler_copy      c_w.l(__scatter_copy.o)
    0x08000142   0x08000142   0x00000002   PAD
    0x08000144   0x08000144   0x0000001c   Code   RO         3180    !!handler_zi        c_w.l(__scatter_zi.o)
    0x08000160   0x08000160   0x00000000   Code   RO         2802    .ARM.Collect$$_printf_percent$$00000000  c_w.l(_printf_percent.o)
    0x08000160   0x08000160   0x00000006   Code   RO         2920    .ARM.Collect$$_printf_percent$$00000001  c_w.l(_printf_n.o)
    0x08000166   0x08000166   0x00000006   Code   RO         2922    .ARM.Collect$$_printf_percent$$00000002  c_w.l(_printf_p.o)
    0x0800016c   0x0800016c   0x00000006   Code   RO         2926    .ARM.Collect$$_printf_percent$$00000003  c_w.l(_printf_f.o)
    0x08000172   0x08000172   0x00000006   Code   RO         2927    .ARM.Collect$$_printf_percent$$00000004  c_w.l(_printf_e.o)
    0x08000178   0x08000178   0x00000006   Code   RO         2928    .ARM.Collect$$_printf_percent$$00000005  c_w.l(_printf_g.o)
    0x0800017e   0x0800017e   0x00000006   Code   RO         2929    .ARM.Collect$$_printf_percent$$00000006  c_w.l(_printf_a.o)
    0x08000184   0x08000184   0x0000000a   Code   RO         2934    .ARM.Collect$$_printf_percent$$00000007  c_w.l(_printf_ll.o)
    0x0800018e   0x0800018e   0x00000006   Code   RO         2924    .ARM.Collect$$_printf_percent$$00000008  c_w.l(_printf_i.o)
    0x08000194   0x08000194   0x00000006   Code   RO         2801    .ARM.Collect$$_printf_percent$$00000009  c_w.l(_printf_d.o)
    0x0800019a   0x0800019a   0x00000006   Code   RO         2925    .ARM.Collect$$_printf_percent$$0000000A  c_w.l(_printf_u.o)
    0x080001a0   0x080001a0   0x00000006   Code   RO         2923    .ARM.Collect$$_printf_percent$$0000000B  c_w.l(_printf_o.o)
    0x080001a6   0x080001a6   0x00000006   Code   RO         2921    .ARM.Collect$$_printf_percent$$0000000C  c_w.l(_printf_x.o)
    0x080001ac   0x080001ac   0x00000006   Code   RO         2931    .ARM.Collect$$_printf_percent$$0000000D  c_w.l(_printf_lli.o)
    0x080001b2   0x080001b2   0x00000006   Code   RO         2932    .ARM.Collect$$_printf_percent$$0000000E  c_w.l(_printf_lld.o)
    0x080001b8   0x080001b8   0x00000006   Code   RO         2933    .ARM.Collect$$_printf_percent$$0000000F  c_w.l(_printf_llu.o)
    0x080001be   0x080001be   0x00000006   Code   RO         2938    .ARM.Collect$$_printf_percent$$00000010  c_w.l(_printf_llo.o)
    0x080001c4   0x080001c4   0x00000006   Code   RO         2939    .ARM.Collect$$_printf_percent$$00000011  c_w.l(_printf_llx.o)
    0x080001ca   0x080001ca   0x0000000a   Code   RO         2935    .ARM.Collect$$_printf_percent$$00000012  c_w.l(_printf_l.o)
    0x080001d4   0x080001d4   0x00000006   Code   RO         2918    .ARM.Collect$$_printf_percent$$00000013  c_w.l(_printf_c.o)
    0x080001da   0x080001da   0x00000006   Code   RO         2919    .ARM.Collect$$_printf_percent$$00000014  c_w.l(_printf_s.o)
    0x080001e0   0x080001e0   0x00000006   Code   RO         2936    .ARM.Collect$$_printf_percent$$00000015  c_w.l(_printf_lc.o)
    0x080001e6   0x080001e6   0x00000006   Code   RO         2937    .ARM.Collect$$_printf_percent$$00000016  c_w.l(_printf_ls.o)
    0x080001ec   0x080001ec   0x00000004   Code   RO         2930    .ARM.Collect$$_printf_percent$$00000017  c_w.l(_printf_percent_end.o)
    0x080001f0   0x080001f0   0x00000002   Code   RO         3037    .ARM.Collect$$libinit$$00000000  c_w.l(libinit.o)
    0x080001f2   0x080001f2   0x00000000   Code   RO         3053    .ARM.Collect$$libinit$$00000002  c_w.l(libinit2.o)
    0x080001f2   0x080001f2   0x00000000   Code   RO         3055    .ARM.Collect$$libinit$$00000004  c_w.l(libinit2.o)
    0x080001f2   0x080001f2   0x00000000   Code   RO         3058    .ARM.Collect$$libinit$$0000000A  c_w.l(libinit2.o)
    0x080001f2   0x080001f2   0x00000000   Code   RO         3060    .ARM.Collect$$libinit$$0000000C  c_w.l(libinit2.o)
    0x080001f2   0x080001f2   0x00000000   Code   RO         3062    .ARM.Collect$$libinit$$0000000E  c_w.l(libinit2.o)
    0x080001f2   0x080001f2   0x00000006   Code   RO         3063    .ARM.Collect$$libinit$$0000000F  c_w.l(libinit2.o)
    0x080001f8   0x080001f8   0x00000000   Code   RO         3065    .ARM.Collect$$libinit$$00000011  c_w.l(libinit2.o)
    0x080001f8   0x080001f8   0x0000000c   Code   RO         3066    .ARM.Collect$$libinit$$00000012  c_w.l(libinit2.o)
    0x08000204   0x08000204   0x00000000   Code   RO         3067    .ARM.Collect$$libinit$$00000013  c_w.l(libinit2.o)
    0x08000204   0x08000204   0x00000000   Code   RO         3069    .ARM.Collect$$libinit$$00000015  c_w.l(libinit2.o)
    0x08000204   0x08000204   0x0000000a   Code   RO         3070    .ARM.Collect$$libinit$$00000016  c_w.l(libinit2.o)
    0x0800020e   0x0800020e   0x00000000   Code   RO         3071    .ARM.Collect$$libinit$$00000017  c_w.l(libinit2.o)
    0x0800020e   0x0800020e   0x00000000   Code   RO         3073    .ARM.Collect$$libinit$$00000019  c_w.l(libinit2.o)
    0x0800020e   0x0800020e   0x00000000   Code   RO         3075    .ARM.Collect$$libinit$$0000001B  c_w.l(libinit2.o)
    0x0800020e   0x0800020e   0x00000000   Code   RO         3077    .ARM.Collect$$libinit$$0000001D  c_w.l(libinit2.o)
    0x0800020e   0x0800020e   0x00000000   Code   RO         3079    .ARM.Collect$$libinit$$0000001F  c_w.l(libinit2.o)
    0x0800020e   0x0800020e   0x00000000   Code   RO         3081    .ARM.Collect$$libinit$$00000021  c_w.l(libinit2.o)
    0x0800020e   0x0800020e   0x00000000   Code   RO         3083    .ARM.Collect$$libinit$$00000023  c_w.l(libinit2.o)
    0x0800020e   0x0800020e   0x00000000   Code   RO         3085    .ARM.Collect$$libinit$$00000025  c_w.l(libinit2.o)
    0x0800020e   0x0800020e   0x00000000   Code   RO         3089    .ARM.Collect$$libinit$$0000002C  c_w.l(libinit2.o)
    0x0800020e   0x0800020e   0x00000000   Code   RO         3091    .ARM.Collect$$libinit$$0000002E  c_w.l(libinit2.o)
    0x0800020e   0x0800020e   0x00000000   Code   RO         3093    .ARM.Collect$$libinit$$00000030  c_w.l(libinit2.o)
    0x0800020e   0x0800020e   0x00000000   Code   RO         3095    .ARM.Collect$$libinit$$00000032  c_w.l(libinit2.o)
    0x0800020e   0x0800020e   0x00000002   Code   RO         3096    .ARM.Collect$$libinit$$00000033  c_w.l(libinit2.o)
    0x08000210   0x08000210   0x00000002   Code   RO         3116    .ARM.Collect$$libshutdown$$00000000  c_w.l(libshutdown.o)
    0x08000212   0x08000212   0x00000000   Code   RO         3129    .ARM.Collect$$libshutdown$$00000002  c_w.l(libshutdown2.o)
    0x08000212   0x08000212   0x00000000   Code   RO         3131    .ARM.Collect$$libshutdown$$00000004  c_w.l(libshutdown2.o)
    0x08000212   0x08000212   0x00000000   Code   RO         3134    .ARM.Collect$$libshutdown$$00000007  c_w.l(libshutdown2.o)
    0x08000212   0x08000212   0x00000000   Code   RO         3137    .ARM.Collect$$libshutdown$$0000000A  c_w.l(libshutdown2.o)
    0x08000212   0x08000212   0x00000000   Code   RO         3139    .ARM.Collect$$libshutdown$$0000000C  c_w.l(libshutdown2.o)
    0x08000212   0x08000212   0x00000000   Code   RO         3142    .ARM.Collect$$libshutdown$$0000000F  c_w.l(libshutdown2.o)
    0x08000212   0x08000212   0x00000002   Code   RO         3143    .ARM.Collect$$libshutdown$$00000010  c_w.l(libshutdown2.o)
    0x08000214   0x08000214   0x00000000   Code   RO         2869    .ARM.Collect$$rtentry$$00000000  c_w.l(__rtentry.o)
    0x08000214   0x08000214   0x00000000   Code   RO         2962    .ARM.Collect$$rtentry$$00000002  c_w.l(__rtentry2.o)
    0x08000214   0x08000214   0x00000006   Code   RO         2974    .ARM.Collect$$rtentry$$00000004  c_w.l(__rtentry4.o)
    0x0800021a   0x0800021a   0x00000000   Code   RO         2964    .ARM.Collect$$rtentry$$00000009  c_w.l(__rtentry2.o)
    0x0800021a   0x0800021a   0x00000004   Code   RO         2965    .ARM.Collect$$rtentry$$0000000A  c_w.l(__rtentry2.o)
    0x0800021e   0x0800021e   0x00000000   Code   RO         2967    .ARM.Collect$$rtentry$$0000000C  c_w.l(__rtentry2.o)
    0x0800021e   0x0800021e   0x00000008   Code   RO         2968    .ARM.Collect$$rtentry$$0000000D  c_w.l(__rtentry2.o)
    0x08000226   0x08000226   0x00000002   Code   RO         3045    .ARM.Collect$$rtexit$$00000000  c_w.l(rtexit.o)
    0x08000228   0x08000228   0x00000000   Code   RO         3098    .ARM.Collect$$rtexit$$00000002  c_w.l(rtexit2.o)
    0x08000228   0x08000228   0x00000004   Code   RO         3099    .ARM.Collect$$rtexit$$00000003  c_w.l(rtexit2.o)
    0x0800022c   0x0800022c   0x00000006   Code   RO         3100    .ARM.Collect$$rtexit$$00000004  c_w.l(rtexit2.o)
    0x08000232   0x08000232   0x00000002   PAD
    0x08000234   0x08000234   0x00000048   Code   RO          160    .TEXT               os_1.o
    0x0800027c   0x0800027c   0x00000040   Code   RO         2719    .text               startup_stm32f10x_md.o
    0x080002bc   0x080002bc   0x00000034   Code   RO         2771    .text               c_w.l(vsnprintf.o)
    0x080002f0   0x080002f0   0x0000002c   Code   RO         2773    .text               c_w.l(__2sprintf.o)
    0x0800031c   0x0800031c   0x00000078   Code   RO         2779    .text               c_w.l(_printf_dec.o)
    0x08000394   0x08000394   0x00000188   Code   RO         2798    .text               c_w.l(__printf_flags_ss_wp.o)
    0x0800051c   0x0800051c   0x00000048   Code   RO         2803    .text               c_w.l(strcpy.o)
    0x08000564   0x08000564   0x0000003e   Code   RO         2805    .text               c_w.l(strlen.o)
    0x080005a2   0x080005a2   0x00000006   Code   RO         2807    .text               c_w.l(heapauxi.o)
    0x080005a8   0x080005a8   0x0000004e   Code   RO         2870    .text               c_w.l(_printf_pad.o)
    0x080005f6   0x080005f6   0x00000024   Code   RO         2872    .text               c_w.l(_printf_truncate.o)
    0x0800061a   0x0800061a   0x00000052   Code   RO         2874    .text               c_w.l(_printf_str.o)
    0x0800066c   0x0800066c   0x000000b2   Code   RO         2876    .text               c_w.l(_printf_intcommon.o)
    0x0800071e   0x0800071e   0x00000028   Code   RO         2878    .text               c_w.l(_printf_charcount.o)
    0x08000746   0x08000746   0x00000002   PAD
    0x08000748   0x08000748   0x00000030   Code   RO         2880    .text               c_w.l(_printf_char_common.o)
    0x08000778   0x08000778   0x0000000a   Code   RO         2882    .text               c_w.l(_sputc.o)
    0x08000782   0x08000782   0x00000010   Code   RO         2884    .text               c_w.l(_snputc.o)
    0x08000792   0x08000792   0x00000002   PAD
    0x08000794   0x08000794   0x000000bc   Code   RO         2886    .text               c_w.l(_printf_wctomb.o)
    0x08000850   0x08000850   0x0000007c   Code   RO         2889    .text               c_w.l(_printf_longlong_dec.o)
    0x080008cc   0x080008cc   0x00000070   Code   RO         2895    .text               c_w.l(_printf_oct_int_ll.o)
    0x0800093c   0x0800093c   0x00000094   Code   RO         2915    .text               c_w.l(_printf_hex_int_ll_ptr.o)
    0x080009d0   0x080009d0   0x0000008a   Code   RO         2976    .text               c_w.l(lludiv10.o)
    0x08000a5a   0x08000a5a   0x0000041e   Code   RO         2978    .text               c_w.l(_printf_fp_dec.o)
    0x08000e78   0x08000e78   0x000002fc   Code   RO         2980    .text               c_w.l(_printf_fp_hex.o)
    0x08001174   0x08001174   0x0000002c   Code   RO         2985    .text               c_w.l(_printf_char.o)
    0x080011a0   0x080011a0   0x0000002c   Code   RO         2987    .text               c_w.l(_printf_wchar.o)
    0x080011cc   0x080011cc   0x00000040   Code   RO         2989    .text               c_w.l(_wcrtomb.o)
    0x0800120c   0x0800120c   0x0000004a   Code   RO         2991    .text               c_w.l(sys_stackheap_outer.o)
    0x08001256   0x08001256   0x00000002   PAD
    0x08001258   0x08001258   0x00000010   Code   RO         2993    .text               c_w.l(rt_ctype_table.o)
    0x08001268   0x08001268   0x00000008   Code   RO         2998    .text               c_w.l(rt_locale_intlibspace.o)
    0x08001270   0x08001270   0x00000080   Code   RO         3000    .text               c_w.l(_printf_fp_infnan.o)
    0x080012f0   0x080012f0   0x000000e4   Code   RO         3002    .text               c_w.l(bigflt0.o)
    0x080013d4   0x080013d4   0x00000012   Code   RO         3030    .text               c_w.l(exit.o)
    0x080013e6   0x080013e6   0x00000002   PAD
    0x080013e8   0x080013e8   0x00000008   Code   RO         3042    .text               c_w.l(libspace.o)
    0x080013f0   0x080013f0   0x00000080   Code   RO         3050    .text               c_w.l(strcmpv7m.o)
    0x08001470   0x08001470   0x0000000c   Code   RO         3108    .text               c_w.l(sys_exit.o)
    0x0800147c   0x0800147c   0x00000002   Code   RO         3119    .text               c_w.l(use_no_semi.o)
    0x0800147e   0x0800147e   0x00000000   Code   RO         3121    .text               c_w.l(indicate_semi.o)
    0x0800147e   0x0800147e   0x0000003e   Code   RO         3005    CL$$btod_d2e        c_w.l(btod.o)
    0x080014bc   0x080014bc   0x00000046   Code   RO         3007    CL$$btod_d2e_denorm_low  c_w.l(btod.o)
    0x08001502   0x08001502   0x00000060   Code   RO         3006    CL$$btod_d2e_norm_op1  c_w.l(btod.o)
    0x08001562   0x08001562   0x00000338   Code   RO         3015    CL$$btod_div_common  c_w.l(btod.o)
    0x0800189a   0x0800189a   0x000000dc   Code   RO         3012    CL$$btod_e2e        c_w.l(btod.o)
    0x08001976   0x08001976   0x0000002a   Code   RO         3009    CL$$btod_ediv       c_w.l(btod.o)
    0x080019a0   0x080019a0   0x0000002a   Code   RO         3008    CL$$btod_emul       c_w.l(btod.o)
    0x080019ca   0x080019ca   0x00000244   Code   RO         3014    CL$$btod_mult_common  c_w.l(btod.o)
    0x08001c0e   0x08001c0e   0x0000007e   Code   RO          362    i.ADC_Differential_Init  adc.o
    0x08001c8c   0x08001c8c   0x0000001c   Code   RO          363    i.ADC_Differential_Read  adc.o
    0x08001ca8   0x08001ca8   0x0000007c   Code   RO          364    i.ADC_GPIO_Measurement_Range  adc.o
    0x08001d24   0x08001d24   0x00000034   Code   RO          365    i.ADC_GPIO_Reset    adc.o
    0x08001d58   0x08001d58   0x00000088   Code   RO          366    i.ADC_Range1_Resistance  adc.o
    0x08001de0   0x08001de0   0x00000088   Code   RO          367    i.ADC_Range2_Resistance  adc.o
    0x08001e68   0x08001e68   0x00000088   Code   RO          368    i.ADC_Range3_Resistance  adc.o
    0x08001ef0   0x08001ef0   0x0000006c   Code   RO          369    i.ADC_Range4_Resistance  adc.o
    0x08001f5c   0x08001f5c   0x00000068   Code   RO          370    i.ADC_Range5_Resistance  adc.o
    0x08001fc4   0x08001fc4   0x000000f4   Code   RO          371    i.ADC_Range6_Resistance  adc.o
    0x080020b8   0x080020b8   0x000000f0   Code   RO          372    i.ADC_Range7_Resistance  adc.o
    0x080021a8   0x080021a8   0x00000086   Code   RO          373    i.ADC_Single_Init   adc.o
    0x0800222e   0x0800222e   0x00000002   PAD
    0x08002230   0x08002230   0x0000003c   Code   RO          768    i.Button_GPIO_Init  button.o
    0x0800226c   0x0800226c   0x0000019c   Code   RO          166    i.Check_Button      main.o
    0x08002408   0x08002408   0x0000014c   Code   RO          924    i.DMA_DeInit        stm32f10x_dma.o
    0x08002554   0x08002554   0x0000003c   Code   RO          929    i.DMA_Init          stm32f10x_dma.o
    0x08002590   0x08002590   0x000004f8   Code   RO          167    i.Display_Init      main.o
    0x08002a88   0x08002a88   0x00000368   Code   RO          168    i.Draw_Display      main.o
    0x08002df0   0x08002df0   0x0000001c   Code   RO         1088    i.FLASH_PrefetchBufferCmd  stm32f10x_flash.o
    0x08002e0c   0x08002e0c   0x00000018   Code   RO         1093    i.FLASH_SetLatency  stm32f10x_flash.o
    0x08002e24   0x08002e24   0x00000116   Code   RO         1263    i.GPIO_Init         stm32f10x_gpio.o
    0x08002f3a   0x08002f3a   0x00000002   PAD
    0x08002f3c   0x08002f3c   0x00000090   Code   RO         1265    i.GPIO_PinRemapConfig  stm32f10x_gpio.o
    0x08002fcc   0x08002fcc   0x00000012   Code   RO         1267    i.GPIO_ReadInputDataBit  stm32f10x_gpio.o
    0x08002fde   0x08002fde   0x00000004   Code   RO         1270    i.GPIO_ResetBits    stm32f10x_gpio.o
    0x08002fe2   0x08002fe2   0x00000004   Code   RO         1271    i.GPIO_SetBits      stm32f10x_gpio.o
    0x08002fe6   0x08002fe6   0x00000018   Code   RO         1384    i.I2C_AcknowledgeConfig  stm32f10x_i2c.o
    0x08002ffe   0x08002ffe   0x0000002a   Code   RO         1386    i.I2C_CheckEvent    stm32f10x_i2c.o
    0x08003028   0x08003028   0x00000018   Code   RO         1389    i.I2C_Cmd           stm32f10x_i2c.o
    0x08003040   0x08003040   0x00000038   Code   RO         1392    i.I2C_DeInit        stm32f10x_i2c.o
    0x08003078   0x08003078   0x00000018   Code   RO         1396    i.I2C_GenerateSTART  stm32f10x_i2c.o
    0x08003090   0x08003090   0x00000018   Code   RO         1397    i.I2C_GenerateSTOP  stm32f10x_i2c.o
    0x080030a8   0x080030a8   0x0000003a   Code   RO         1398    i.I2C_GetFlagStatus  stm32f10x_i2c.o
    0x080030e2   0x080030e2   0x00000002   PAD
    0x080030e4   0x080030e4   0x000000ec   Code   RO         1403    i.I2C_Init          stm32f10x_i2c.o
    0x080031d0   0x080031d0   0x00000008   Code   RO         1408    i.I2C_ReceiveData   stm32f10x_i2c.o
    0x080031d8   0x080031d8   0x00000012   Code   RO         1410    i.I2C_Send7bitAddress  stm32f10x_i2c.o
    0x080031ea   0x080031ea   0x00000004   Code   RO         1411    i.I2C_SendData      stm32f10x_i2c.o
    0x080031ee   0x080031ee   0x00000002   PAD
    0x080031f0   0x080031f0   0x000000a0   Code   RO          462    i.IIC2_Init         iic.o
    0x08003290   0x08003290   0x000000ec   Code   RO          463    i.IIC2_Read         iic.o
    0x0800337c   0x0800337c   0x000000a8   Code   RO          464    i.IIC2_Write        iic.o
    0x08003424   0x08003424   0x000000ac   Code   RO          567    i.ILI9341_DrawChar  tft.o
    0x080034d0   0x080034d0   0x000000a0   Code   RO          569    i.ILI9341_DrawLine  tft.o
    0x08003570   0x08003570   0x0000004c   Code   RO          570    i.ILI9341_DrawPixel  tft.o
    0x080035bc   0x080035bc   0x000000a8   Code   RO          571    i.ILI9341_DrawRectangle  tft.o
    0x08003664   0x08003664   0x00000036   Code   RO          572    i.ILI9341_DrawText  tft.o
    0x0800369a   0x0800369a   0x00000002   PAD
    0x0800369c   0x0800369c   0x0000004c   Code   RO          573    i.ILI9341_FillScreen  tft.o
    0x080036e8   0x080036e8   0x0000016a   Code   RO          574    i.ILI9341_Init      tft.o
    0x08003852   0x08003852   0x00000002   PAD
    0x08003854   0x08003854   0x00000030   Code   RO          575    i.ILI9341_Reset     tft.o
    0x08003884   0x08003884   0x00000028   Code   RO          576    i.ILI9341_SendCommand  tft.o
    0x080038ac   0x080038ac   0x00000028   Code   RO          577    i.ILI9341_SendData  tft.o
    0x080038d4   0x080038d4   0x00000052   Code   RO          578    i.ILI9341_SetAddressWindow  tft.o
    0x08003926   0x08003926   0x00000002   PAD
    0x08003928   0x08003928   0x00000070   Code   RO          873    i.NVIC_Init         misc.o
    0x08003998   0x08003998   0x00000020   Code   RO         1600    i.RCC_AHBPeriphClockCmd  stm32f10x_rcc.o
    0x080039b8   0x080039b8   0x00000020   Code   RO         1601    i.RCC_APB1PeriphClockCmd  stm32f10x_rcc.o
    0x080039d8   0x080039d8   0x00000020   Code   RO         1602    i.RCC_APB1PeriphResetCmd  stm32f10x_rcc.o
    0x080039f8   0x080039f8   0x00000020   Code   RO         1603    i.RCC_APB2PeriphClockCmd  stm32f10x_rcc.o
    0x08003a18   0x08003a18   0x00000084   Code   RO          169    i.RCC_Clock_Init    main.o
    0x08003a9c   0x08003a9c   0x000000d4   Code   RO         1611    i.RCC_GetClocksFreq  stm32f10x_rcc.o
    0x08003b70   0x08003b70   0x0000003c   Code   RO         1612    i.RCC_GetFlagStatus  stm32f10x_rcc.o
    0x08003bac   0x08003bac   0x00000010   Code   RO         1614    i.RCC_GetSYSCLKSource  stm32f10x_rcc.o
    0x08003bbc   0x08003bbc   0x00000018   Code   RO         1615    i.RCC_HCLKConfig    stm32f10x_rcc.o
    0x08003bd4   0x08003bd4   0x0000004c   Code   RO         1616    i.RCC_HSEConfig     stm32f10x_rcc.o
    0x08003c20   0x08003c20   0x00000018   Code   RO         1622    i.RCC_PCLK1Config   stm32f10x_rcc.o
    0x08003c38   0x08003c38   0x00000018   Code   RO         1623    i.RCC_PCLK2Config   stm32f10x_rcc.o
    0x08003c50   0x08003c50   0x0000000c   Code   RO         1624    i.RCC_PLLCmd        stm32f10x_rcc.o
    0x08003c5c   0x08003c5c   0x0000001c   Code   RO         1625    i.RCC_PLLConfig     stm32f10x_rcc.o
    0x08003c78   0x08003c78   0x00000018   Code   RO         1628    i.RCC_SYSCLKConfig  stm32f10x_rcc.o
    0x08003c90   0x08003c90   0x00000158   Code   RO          170    i.Read_Sensor       main.o
    0x08003de8   0x08003de8   0x00000018   Code   RO         1816    i.SPI_Cmd           stm32f10x_spi.o
    0x08003e00   0x08003e00   0x00000012   Code   RO         1822    i.SPI_I2S_DMACmd    stm32f10x_spi.o
    0x08003e12   0x08003e12   0x00000012   Code   RO         1824    i.SPI_I2S_GetFlagStatus  stm32f10x_spi.o
    0x08003e24   0x08003e24   0x00000006   Code   RO         1827    i.SPI_I2S_ReceiveData  stm32f10x_spi.o
    0x08003e2a   0x08003e2a   0x00000004   Code   RO         1828    i.SPI_I2S_SendData  stm32f10x_spi.o
    0x08003e2e   0x08003e2e   0x0000003c   Code   RO         1829    i.SPI_Init          stm32f10x_spi.o
    0x08003e6a   0x08003e6a   0x00000008   Code   RO         2726    i.SetSysClock       system_stm32f10x.o
    0x08003e72   0x08003e72   0x00000002   PAD
    0x08003e74   0x08003e74   0x000000e0   Code   RO         2727    i.SetSysClockTo72   system_stm32f10x.o
    0x08003f54   0x08003f54   0x000000ec   Code   RO          504    i.Spi1_Init         spi1.o
    0x08004040   0x08004040   0x0000000a   Code   RO          506    i.Spi1_ReceiveByte  spi1.o
    0x0800404a   0x0800404a   0x00000002   PAD
    0x0800404c   0x0800404c   0x00000038   Code   RO          508    i.Spi1_SendByte     spi1.o
    0x08004084   0x08004084   0x00000028   Code   RO          509    i.Spi1_SetSpeed     spi1.o
    0x080040ac   0x080040ac   0x00000014   Code   RO            4    i.SysTick_Handler   os.o
    0x080040c0   0x080040c0   0x00000060   Code   RO         2729    i.SystemInit        system_stm32f10x.o
    0x08004120   0x08004120   0x00000054   Code   RO            5    i.TIM2_IRQHandler   os.o
    0x08004174   0x08004174   0x00000006   Code   RO         1978    i.TIM_ClearITPendingBit  stm32f10x_tim.o
    0x0800417a   0x0800417a   0x00000018   Code   RO         1983    i.TIM_Cmd           stm32f10x_tim.o
    0x08004192   0x08004192   0x00000022   Code   RO         2004    i.TIM_GetITStatus   stm32f10x_tim.o
    0x080041b4   0x080041b4   0x00000012   Code   RO         2008    i.TIM_ITConfig      stm32f10x_tim.o
    0x080041c6   0x080041c6   0x00000002   PAD
    0x080041c8   0x080041c8   0x000000a4   Code   RO         2054    i.TIM_TimeBaseInit  stm32f10x_tim.o
    0x0800426c   0x0800426c   0x00000060   Code   RO          311    i.Timer2_Init       timer.o
    0x080042cc   0x080042cc   0x0000001a   Code   RO          312    i.Timer3_Delay_ms   timer.o
    0x080042e6   0x080042e6   0x00000002   PAD
    0x080042e8   0x080042e8   0x00000018   Code   RO          313    i.Timer3_Delay_us   timer.o
    0x08004300   0x08004300   0x00000040   Code   RO          314    i.Timer3_Init       timer.o
    0x08004340   0x08004340   0x00000048   Code   RO          697    i.Touch_Init        touch.o
    0x08004388   0x08004388   0x00000154   Code   RO          172    i.Touch_Input       main.o
    0x080044dc   0x080044dc   0x00000018   Code   RO          698    i.Touch_IsPressed   touch.o
    0x080044f4   0x080044f4   0x00000068   Code   RO          699    i.Touch_ReadPixelXY  touch.o
    0x0800455c   0x0800455c   0x000001e0   Code   RO          173    i.Transmit_To_PC    main.o
    0x0800473c   0x0800473c   0x00000018   Code   RO         2531    i.USART_Cmd         stm32f10x_usart.o
    0x08004754   0x08004754   0x0000001a   Code   RO         2534    i.USART_GetFlagStatus  stm32f10x_usart.o
    0x0800476e   0x0800476e   0x00000002   PAD
    0x08004770   0x08004770   0x000000d8   Code   RO         2538    i.USART_Init        stm32f10x_usart.o
    0x08004848   0x08004848   0x00000008   Code   RO         2548    i.USART_SendData    stm32f10x_usart.o
    0x08004850   0x08004850   0x00000048   Code   RO          795    i.Usart1_GPIO_Init  com.o
    0x08004898   0x08004898   0x00000068   Code   RO          796    i.Usart1_Init       com.o
    0x08004900   0x08004900   0x00000020   Code   RO          797    i.Usart1_SendChar   com.o
    0x08004920   0x08004920   0x00000016   Code   RO          798    i.Usart1_SendString  com.o
    0x08004936   0x08004936   0x00000026   Code   RO          799    i.Usart_printf      com.o
    0x0800495c   0x0800495c   0x00000048   Code   RO          700    i.XPT2046_ReadChannel  touch.o
    0x080049a4   0x080049a4   0x00000028   Code   RO         3040    i.__ARM_fpclassify  m_ws.l(fpclassify.o)
    0x080049cc   0x080049cc   0x0000000e   Code   RO         2791    i._is_digit         c_w.l(__printf_wp.o)
    0x080049da   0x080049da   0x00000374   Code   RO          580    i.draw7Segment      tft.o
    0x08004d4e   0x08004d4e   0x00000018   Code   RO          581    i.drawDot           tft.o
    0x08004d66   0x08004d66   0x00000002   PAD
    0x08004d68   0x08004d68   0x000000a8   Code   RO          800    i.float_to_string   com.o
    0x08004e10   0x08004e10   0x00000278   Code   RO          174    i.main              main.o
    0x08005088   0x08005088   0x00000020   Code   RO            6    i.osCooperative_Wait  os.o
    0x080050a8   0x080050a8   0x000000bc   Code   RO            7    i.osKernelAdd1Thread  os.o
    0x08005164   0x08005164   0x00000010   Code   RO            8    i.osKernelInit      os.o
    0x08005174   0x08005174   0x00000078   Code   RO            9    i.osKernelLaunch    os.o
    0x080051ec   0x080051ec   0x00000120   Code   RO           10    i.osKernelStackInit  os.o
    0x0800530c   0x0800530c   0x00000028   Code   RO           11    i.osSchedulerRoundRobin  os.o
    0x08005334   0x08005334   0x00000016   Code   RO           12    i.osSemaphore_Give  os.o
    0x0800534a   0x0800534a   0x00000004   Code   RO           13    i.osSemaphore_Init  os.o
    0x0800534e   0x0800534e   0x00000002   PAD
    0x08005350   0x08005350   0x0000001c   Code   RO           14    i.osThreadYield     os.o
    0x0800536c   0x0800536c   0x00000018   Code   RO           15    i.osThreadsSleep    os.o
    0x08005384   0x08005384   0x000000c0   Code   RO          175    i.tach_4_chu_so_dau  main.o
    0x08005444   0x08005444   0x0000002c   Code   RO         3028    locale$$code        c_w.l(lc_numeric_c.o)
    0x08005470   0x08005470   0x0000002c   Code   RO         3048    locale$$code        c_w.l(lc_ctype_c.o)
    0x0800549c   0x0800549c   0x00000062   Code   RO         2811    x$fpl$d2f           fz_ws.l(d2f.o)
    0x080054fe   0x080054fe   0x00000002   PAD
    0x08005500   0x08005500   0x00000150   Code   RO         2813    x$fpl$dadd          fz_ws.l(daddsub_clz.o)
    0x08005650   0x08005650   0x00000018   Code   RO         2940    x$fpl$dcmpinf       fz_ws.l(dcmpi.o)
    0x08005668   0x08005668   0x000002b0   Code   RO         2820    x$fpl$ddiv          fz_ws.l(ddiv.o)
    0x08005918   0x08005918   0x0000002e   Code   RO         2824    x$fpl$dflt          fz_ws.l(dflt_clz.o)
    0x08005946   0x08005946   0x00000002   PAD
    0x08005948   0x08005948   0x00000078   Code   RO         2829    x$fpl$dleqf         fz_ws.l(dleqf.o)
    0x080059c0   0x080059c0   0x00000154   Code   RO         2831    x$fpl$dmul          fz_ws.l(dmul.o)
    0x08005b14   0x08005b14   0x0000009c   Code   RO         2942    x$fpl$dnaninf       fz_ws.l(dnaninf.o)
    0x08005bb0   0x08005bb0   0x0000000c   Code   RO         2944    x$fpl$dretinf       fz_ws.l(dretinf.o)
    0x08005bbc   0x08005bbc   0x0000006c   Code   RO         2833    x$fpl$drleqf        fz_ws.l(drleqf.o)
    0x08005c28   0x08005c28   0x000001d4   Code   RO         2815    x$fpl$dsub          fz_ws.l(daddsub_clz.o)
    0x08005dfc   0x08005dfc   0x00000056   Code   RO         2835    x$fpl$f2d           fz_ws.l(f2d.o)
    0x08005e52   0x08005e52   0x00000002   PAD
    0x08005e54   0x08005e54   0x000000c4   Code   RO         2837    x$fpl$fadd          fz_ws.l(faddsub_clz.o)
    0x08005f18   0x08005f18   0x00000018   Code   RO         2946    x$fpl$fcmpinf       fz_ws.l(fcmpi.o)
    0x08005f30   0x08005f30   0x00000184   Code   RO         2844    x$fpl$fdiv          fz_ws.l(fdiv.o)
    0x080060b4   0x080060b4   0x00000068   Code   RO         2847    x$fpl$feqf          fz_ws.l(feqf.o)
    0x0800611c   0x0800611c   0x00000036   Code   RO         2849    x$fpl$ffix          fz_ws.l(ffix.o)
    0x08006152   0x08006152   0x00000002   PAD
    0x08006154   0x08006154   0x0000003e   Code   RO         2853    x$fpl$ffixu         fz_ws.l(ffixu.o)
    0x08006192   0x08006192   0x00000002   PAD
    0x08006194   0x08006194   0x00000030   Code   RO         2858    x$fpl$fflt          fz_ws.l(fflt_clz.o)
    0x080061c4   0x080061c4   0x00000026   Code   RO         2857    x$fpl$ffltu         fz_ws.l(fflt_clz.o)
    0x080061ea   0x080061ea   0x00000002   PAD
    0x080061ec   0x080061ec   0x00000068   Code   RO         2863    x$fpl$fleqf         fz_ws.l(fleqf.o)
    0x08006254   0x08006254   0x00000102   Code   RO         2865    x$fpl$fmul          fz_ws.l(fmul.o)
    0x08006356   0x08006356   0x0000008c   Code   RO         2948    x$fpl$fnaninf       fz_ws.l(fnaninf.o)
    0x080063e2   0x080063e2   0x0000000a   Code   RO         2950    x$fpl$fretinf       fz_ws.l(fretinf.o)
    0x080063ec   0x080063ec   0x00000062   Code   RO         2867    x$fpl$frleqf        fz_ws.l(frleqf.o)
    0x0800644e   0x0800644e   0x00000014   Code   RO         2838    x$fpl$frsb          fz_ws.l(faddsub_clz.o)
    0x08006462   0x08006462   0x00000002   PAD
    0x08006464   0x08006464   0x000000ea   Code   RO         2839    x$fpl$fsub          fz_ws.l(faddsub_clz.o)
    0x0800654e   0x0800654e   0x00000004   Code   RO         2952    x$fpl$printf1       fz_ws.l(printf1.o)
    0x08006552   0x08006552   0x00000004   Code   RO         2954    x$fpl$printf2       fz_ws.l(printf2.o)
    0x08006556   0x08006556   0x00000000   Code   RO         2960    x$fpl$usenofp       fz_ws.l(usenofp.o)
    0x08006556   0x08006556   0x000001c7   Data   RO          749    .constdata          fonts.o
    0x0800671d   0x0800671d   0x00000011   Data   RO         2799    .constdata          c_w.l(__printf_flags_ss_wp.o)
    0x0800672e   0x0800672e   0x00000002   PAD
    0x08006730   0x08006730   0x00000008   Data   RO         2887    .constdata          c_w.l(_printf_wctomb.o)
    0x08006738   0x08006738   0x00000028   Data   RO         2916    .constdata          c_w.l(_printf_hex_int_ll_ptr.o)
    0x08006760   0x08006760   0x00000026   Data   RO         2981    .constdata          c_w.l(_printf_fp_hex.o)
    0x08006786   0x08006786   0x00000002   PAD
    0x08006788   0x08006788   0x00000094   Data   RO         3003    .constdata          c_w.l(bigflt0.o)
    0x0800681c   0x0800681c   0x00000020   Data   RO         3174    Region$$Table       anon$$obj.o
    0x0800683c   0x0800683c   0x0000001c   Data   RO         3027    locale$$data        c_w.l(lc_numeric_c.o)
    0x08006858   0x08006858   0x00000110   Data   RO         3047    locale$$data        c_w.l(lc_ctype_c.o)


    Execution Region RW_IRAM1 (Exec base: 0x20000000, Load base: 0x08006968, Size: 0x00001e78, Max: 0x00005000, ABSOLUTE)

    Exec Addr    Load Addr    Size         Type   Attr      Idx    E Section Name        Object

    0x20000000   0x08006968   0x00000010   Data   RW           17    .data               os.o
    0x20000010   0x08006978   0x00000016   Data   RW          176    .data               main.o
    0x20000026   0x0800698e   0x00000014   Data   RW         1631    .data               stm32f10x_rcc.o
    0x2000003a   0x080069a2   0x00000002   PAD
    0x2000003c        -       0x000017b8   Zero   RW           16    .bss                os.o
    0x200017f4        -       0x00000020   Zero   RW          801    .bss                com.o
    0x20001814        -       0x00000060   Zero   RW         3043    .bss                c_w.l(libspace.o)
    0x20001874   0x080069a2   0x00000004   PAD
    0x20001878        -       0x00000200   Zero   RW         2717    HEAP                startup_stm32f10x_md.o
    0x20001a78        -       0x00000400   Zero   RW         2716    STACK               startup_stm32f10x_md.o


==============================================================================

Image component sizes


      Code (inc. data)   RO Data    RW Data    ZI Data      Debug   Object Name

      1568        216          0          0          0       7648   adc.o
        60          6          0          0          0        471   button.o
       436         32          0          0         32       3860   com.o
         0          0        455          0          0        438   fonts.o
       564         40          0          0          0       1849   iic.o
      4676        688          0         22          0       8148   main.o
       112         12          0          0          0       1232   misc.o
       866         78          0         16       6072     310825   os.o
        72          4          0          0          0        228   os_1.o
       342         26          0          0          0       2031   spi1.o
        64         26        236          0       1536        800   startup_stm32f10x_md.o
       392          8          0          0          0       3164   stm32f10x_dma.o
        52         12          0          0          0       1245   stm32f10x_flash.o
       448          6          0          0          0       4998   stm32f10x_gpio.o
       518         20          0          0          0       9177   stm32f10x_i2c.o
       628         92          0         20          0      11694   stm32f10x_rcc.o
       130          0          0          0          0       5003   stm32f10x_spi.o
       246         42          0          0          0       4054   stm32f10x_tim.o
       274          6          0          0          0       4448   stm32f10x_usart.o
       328         28          0          0          0       1921   system_stm32f10x.o
      2186         44          0          0          0       9538   tft.o
       210         12          0          0          0       1868   timer.o
       272         18          0          0          0       2369   touch.o

    ----------------------------------------------------------------------
     14472       1416        723         60       7640     397009   Object Totals
         0          0         32          0          0          0   (incl. Generated)
        28          0          0          2          0          0   (incl. Padding)

    ----------------------------------------------------------------------

      Code (inc. data)   RO Data    RW Data    ZI Data      Debug   Library Member Name

        44          6          0          0          0         84   __2sprintf.o
         8          0          0          0          0         68   __main.o
       392          4         17          0          0         92   __printf_flags_ss_wp.o
        14          0          0          0          0         68   __printf_wp.o
         0          0          0          0          0          0   __rtentry.o
        12          0          0          0          0          0   __rtentry2.o
         6          0          0          0          0          0   __rtentry4.o
        52          8          0          0          0          0   __scatter.o
        26          0          0          0          0          0   __scatter_copy.o
        28          0          0          0          0          0   __scatter_zi.o
         6          0          0          0          0          0   _printf_a.o
         6          0          0          0          0          0   _printf_c.o
        44          0          0          0          0        108   _printf_char.o
        48          6          0          0          0         96   _printf_char_common.o
        40          0          0          0          0         68   _printf_charcount.o
         6          0          0          0          0          0   _printf_d.o
       120         16          0          0          0         92   _printf_dec.o
         6          0          0          0          0          0   _printf_e.o
         6          0          0          0          0          0   _printf_f.o
      1054          0          0          0          0        216   _printf_fp_dec.o
       764          8         38          0          0        100   _printf_fp_hex.o
       128         16          0          0          0         84   _printf_fp_infnan.o
         6          0          0          0          0          0   _printf_g.o
       148          4         40          0          0        160   _printf_hex_int_ll_ptr.o
         6          0          0          0          0          0   _printf_i.o
       178          0          0          0          0         88   _printf_intcommon.o
        10          0          0          0          0          0   _printf_l.o
         6          0          0          0          0          0   _printf_lc.o
        10          0          0          0          0          0   _printf_ll.o
         6          0          0          0          0          0   _printf_lld.o
         6          0          0          0          0          0   _printf_lli.o
         6          0          0          0          0          0   _printf_llo.o
         6          0          0          0          0          0   _printf_llu.o
         6          0          0          0          0          0   _printf_llx.o
       124         16          0          0          0         92   _printf_longlong_dec.o
         6          0          0          0          0          0   _printf_ls.o
         6          0          0          0          0          0   _printf_n.o
         6          0          0          0          0          0   _printf_o.o
       112         10          0          0          0        124   _printf_oct_int_ll.o
         6          0          0          0          0          0   _printf_p.o
        78          0          0          0          0        108   _printf_pad.o
         0          0          0          0          0          0   _printf_percent.o
         4          0          0          0          0          0   _printf_percent_end.o
         6          0          0          0          0          0   _printf_s.o
        82          0          0          0          0         80   _printf_str.o
        36          0          0          0          0         84   _printf_truncate.o
         6          0          0          0          0          0   _printf_u.o
        44          0          0          0          0        108   _printf_wchar.o
       188          6          8          0          0         92   _printf_wctomb.o
         6          0          0          0          0          0   _printf_x.o
        16          0          0          0          0         68   _snputc.o
        10          0          0          0          0         68   _sputc.o
        64          0          0          0          0         92   _wcrtomb.o
       228          4        148          0          0         96   bigflt0.o
      1936        128          0          0          0        672   btod.o
        18          0          0          0          0         80   exit.o
         6          0          0          0          0        152   heapauxi.o
         0          0          0          0          0          0   indicate_semi.o
        44         10        272          0          0         76   lc_ctype_c.o
        44         10         28          0          0         76   lc_numeric_c.o
         2          0          0          0          0          0   libinit.o
        30          0          0          0          0          0   libinit2.o
         2          0          0          0          0          0   libshutdown.o
         2          0          0          0          0          0   libshutdown2.o
         8          4          0          0         96         68   libspace.o
       138          0          0          0          0         80   lludiv10.o
        16          4          0          0          0         76   rt_ctype_table.o
         8          4          0          0          0         68   rt_locale_intlibspace.o
         2          0          0          0          0          0   rtexit.o
        10          0          0          0          0          0   rtexit2.o
       128          0          0          0          0         68   strcmpv7m.o
        72          0          0          0          0         80   strcpy.o
        62          0          0          0          0         76   strlen.o
        12          4          0          0          0         68   sys_exit.o
        74          0          0          0          0         80   sys_stackheap_outer.o
         2          0          0          0          0         68   use_no_semi.o
        52          4          0          0          0         80   vsnprintf.o
        98          4          0          0          0         92   d2f.o
       804         16          0          0          0        272   daddsub_clz.o
        24          0          0          0          0         68   dcmpi.o
       688        140          0          0          0        208   ddiv.o
        46          0          0          0          0         68   dflt_clz.o
       120          4          0          0          0         92   dleqf.o
       340         12          0          0          0        104   dmul.o
       156          4          0          0          0         92   dnaninf.o
        12          0          0          0          0         68   dretinf.o
       108          0          0          0          0         80   drleqf.o
        86          4          0          0          0         84   f2d.o
       450          8          0          0          0        236   faddsub_clz.o
        24          0          0          0          0         68   fcmpi.o
       388         76          0          0          0         96   fdiv.o
       104          4          0          0          0         84   feqf.o
        54          4          0          0          0         84   ffix.o
        62          4          0          0          0         84   ffixu.o
        86          0          0          0          0        136   fflt_clz.o
       104          4          0          0          0         84   fleqf.o
       258          4          0          0          0         84   fmul.o
       140          4          0          0          0         84   fnaninf.o
        10          0          0          0          0         68   fretinf.o
        98          0          0          0          0         68   frleqf.o
         4          0          0          0          0         68   printf1.o
         4          0          0          0          0         68   printf2.o
         0          0          0          0          0          0   usenofp.o
        40          0          0          0          0         68   fpclassify.o

    ----------------------------------------------------------------------
     11234        564        555          0        100       6812   Library Totals
        26          0          4          0          4          0   (incl. Padding)

    ----------------------------------------------------------------------

      Code (inc. data)   RO Data    RW Data    ZI Data      Debug   Library Name

      6900        272        551          0         96       4204   c_w.l
      4268        292          0          0          0       2540   fz_ws.l
        40          0          0          0          0         68   m_ws.l

    ----------------------------------------------------------------------
     11234        564        555          0        100       6812   Library Totals

    ----------------------------------------------------------------------

==============================================================================


      Code (inc. data)   RO Data    RW Data    ZI Data      Debug   

     25706       1980       1278         60       7740     393885   Grand Totals
     25706       1980       1278         60       7740     393885   ELF Image Totals
     25706       1980       1278         60          0          0   ROM Totals

==============================================================================

    Total RO  Size (Code + RO Data)                26984 (  26.35kB)
    Total RW  Size (RW Data + ZI Data)              7800 (   7.62kB)
    Total ROM Size (Code + RO Data + RW Data)      27044 (  26.41kB)

==============================================================================

